 BuckBoost1_sfun

 Timestamp is 54ae7822 (Thu Jan 08 20:29:22 2015)

 Preferred load address is 0000000180000000

 Start         Length     Name                   Class
 0001:00000000 00081dd4H .text                   CODE
 0001:00081de0 00000092H .text$x                 CODE
 0002:00000000 000004a0H .idata$5                DATA
 0002:000004a0 00000008H .CRT$XCA                DATA
 0002:000004a8 00000008H .CRT$XCZ                DATA
 0002:000004b0 00000008H .CRT$XIA                DATA
 0002:000004b8 00000008H .CRT$XIAA               DATA
 0002:000004c0 00000008H .CRT$XIZ                DATA
 0002:000004d0 00004cdcH .rdata                  DATA
 0002:000051b0 00000008H .rtc$IAA                DATA
 0002:000051b8 00000008H .rtc$IZZ                DATA
 0002:000051c0 00000008H .rtc$TAA                DATA
 0002:000051c8 00000008H .rtc$TZZ                DATA
 0002:000051d0 00004684H .xdata                  DATA
 0002:00009854 000000a0H .idata$2                DATA
 0002:000098f4 00000014H .idata$3                DATA
 0002:00009908 000004a0H .idata$4                DATA
 0002:00009da8 00000ac4H .idata$6                DATA
 0002:0000a870 00000055H .edata                  DATA
 0003:00000000 0000ece8H .data                   DATA
 0003:0000ed00 00002758H .bss                    DATA
 0004:00000000 0000396cH .pdata                  DATA

  Address         Publics by Value              Rva+Base               Lib:Object

 0000:00000000       ___safe_se_handler_count   0000000000000000     <absolute>
 0000:00000000       ___safe_se_handler_table   0000000000000000     <absolute>
 0000:00000000       __ImageBase                0000000180000000     <linker-defined>
 0001:00000000       sf_c1_BuckBoost1_get_eml_resolved_functions_info 0000000180001000 f   c1_BuckBoost1.obj
 0001:00002e20       sf_c1_BuckBoost1_get_check_sum 0000000180003e20 f   c1_BuckBoost1.obj
 0001:00002ea0       sf_c1_BuckBoost1_get_autoinheritance_info 0000000180003ea0 f   c1_BuckBoost1.obj
 0001:000091e0       sf_internal_get_sim_state_c1_BuckBoost1 000000018000a1e0 f   c1_BuckBoost1.obj
 0001:0000b930       sf_internal_set_sim_state_c1_BuckBoost1 000000018000c930 f   c1_BuckBoost1.obj
 0001:0000d300       c1_BuckBoost1_method_dispatcher 000000018000e300 f   c1_BuckBoost1.obj
 0001:000248f0       sf_c2_BuckBoost1_get_eml_resolved_functions_info 00000001800258f0 f   c2_BuckBoost1.obj
 0001:00024f00       sf_c2_BuckBoost1_get_check_sum 0000000180025f00 f   c2_BuckBoost1.obj
 0001:00024f80       sf_c2_BuckBoost1_get_autoinheritance_info 0000000180025f80 f   c2_BuckBoost1.obj
 0001:00026d40       sf_internal_get_sim_state_c2_BuckBoost1 0000000180027d40 f   c2_BuckBoost1.obj
 0001:000276a0       sf_internal_set_sim_state_c2_BuckBoost1 00000001800286a0 f   c2_BuckBoost1.obj
 0001:00027d60       c2_BuckBoost1_method_dispatcher 0000000180028d60 f   c2_BuckBoost1.obj
 0001:0002e420       sf_c3_BuckBoost1_get_eml_resolved_functions_info 000000018002f420 f   c3_BuckBoost1.obj
 0001:00030a90       sf_c3_BuckBoost1_get_check_sum 0000000180031a90 f   c3_BuckBoost1.obj
 0001:00030b10       sf_c3_BuckBoost1_get_autoinheritance_info 0000000180031b10 f   c3_BuckBoost1.obj
 0001:000347a0       sf_internal_get_sim_state_c3_BuckBoost1 00000001800357a0 f   c3_BuckBoost1.obj
 0001:00035f00       sf_internal_set_sim_state_c3_BuckBoost1 0000000180036f00 f   c3_BuckBoost1.obj
 0001:00037150       c3_BuckBoost1_method_dispatcher 0000000180038150 f   c3_BuckBoost1.obj
 0001:00046020       sf_c4_BuckBoost1_get_eml_resolved_functions_info 0000000180047020 f   c4_BuckBoost1.obj
 0001:00046640       sf_c4_BuckBoost1_get_check_sum 0000000180047640 f   c4_BuckBoost1.obj
 0001:000466c0       sf_c4_BuckBoost1_get_autoinheritance_info 00000001800476c0 f   c4_BuckBoost1.obj
 0001:00046ec0       sf_internal_get_sim_state_c4_BuckBoost1 0000000180047ec0 f   c4_BuckBoost1.obj
 0001:000472d0       sf_internal_set_sim_state_c4_BuckBoost1 00000001800482d0 f   c4_BuckBoost1.obj
 0001:00047710       c4_BuckBoost1_method_dispatcher 0000000180048710 f   c4_BuckBoost1.obj
 0001:000499e0       sf_c22_BuckBoost1_get_eml_resolved_functions_info 000000018004a9e0 f   c22_BuckBoost1.obj
 0001:00049a60       sf_c22_BuckBoost1_get_check_sum 000000018004aa60 f   c22_BuckBoost1.obj
 0001:00049ae0       sf_c22_BuckBoost1_get_autoinheritance_info 000000018004aae0 f   c22_BuckBoost1.obj
 0001:0004a050       sf_internal_get_sim_state_c22_BuckBoost1 000000018004b050 f   c22_BuckBoost1.obj
 0001:0004a3a0       sf_internal_set_sim_state_c22_BuckBoost1 000000018004b3a0 f   c22_BuckBoost1.obj
 0001:0004a7a0       c22_BuckBoost1_method_dispatcher 000000018004b7a0 f   c22_BuckBoost1.obj
 0001:0004c360       sf_c25_BuckBoost1_get_eml_resolved_functions_info 000000018004d360 f   c25_BuckBoost1.obj
 0001:0004c9b0       sf_c25_BuckBoost1_get_check_sum 000000018004d9b0 f   c25_BuckBoost1.obj
 0001:0004ca30       sf_c25_BuckBoost1_get_autoinheritance_info 000000018004da30 f   c25_BuckBoost1.obj
 0001:0004cfa0       sf_internal_get_sim_state_c25_BuckBoost1 000000018004dfa0 f   c25_BuckBoost1.obj
 0001:0004d2f0       sf_internal_set_sim_state_c25_BuckBoost1 000000018004e2f0 f   c25_BuckBoost1.obj
 0001:0004d6f0       c25_BuckBoost1_method_dispatcher 000000018004e6f0 f   c25_BuckBoost1.obj
 0001:0004f390       sf_process_check_sum_call  0000000180050390 f   BuckBoost1_sfun_registry.obj
 0001:0004f3e0       sf_process_autoinheritance_call 00000001800503e0 f   BuckBoost1_sfun_registry.obj
 0001:0004f580       sf_process_get_eml_resolved_functions_info_call 0000000180050580 f   BuckBoost1_sfun_registry.obj
 0001:0004f700       sf_mex_unlock_call         0000000180050700 f   BuckBoost1_sfun_registry.obj
 0001:0004f7b0       sf_machine_global_initializer_called 00000001800507b0 f   BuckBoost1_sfun_registry.obj
 0001:0004f7e0       sf_machine_global_method_dispatcher 00000001800507e0 f   BuckBoost1_sfun_registry.obj
 0001:0004f840       sf_machine_global_terminator 0000000180050840 f   BuckBoost1_sfun_registry.obj
 0001:0004f880       sf_register_machine_exported_symbols 0000000180050880 f   BuckBoost1_sfun_registry.obj
 0001:0004f8a0       callCustomFcn              00000001800508a0 f   BuckBoost1_sfun_registry.obj
 0001:0004f8b0       sf_machine_global_initializer 00000001800508b0 f   BuckBoost1_sfun_registry.obj
 0001:0004f920       _ssSetStateAbsTol          0000000180050920 f   BuckBoost1_sfun_registry.obj
 0001:0004fa00       _ssGetAbsTol               0000000180050a00 f   BuckBoost1_sfun_registry.obj
 0001:0004fa70       _ssSetInputPortMatrixDimensions 0000000180050a70 f   BuckBoost1_sfun_registry.obj
 0001:0004fb80       _ssSetOutputPortMatrixDimensions 0000000180050b80 f   BuckBoost1_sfun_registry.obj
 0001:0004fc90       _ssSetInputPortVectorDimension 0000000180050c90 f   BuckBoost1_sfun_registry.obj
 0001:0004fd60       _ssSetOutputPortVectorDimension 0000000180050d60 f   BuckBoost1_sfun_registry.obj
 0001:0004fe30       ssIsRunTimeParamTunable    0000000180050e30 f   BuckBoost1_sfun_registry.obj
 0001:0004fea0       ssGetSFuncBlockHandle      0000000180050ea0 f   BuckBoost1_sfun_registry.obj
 0001:0004ff10       _ssGetCurrentInputPortWidth 0000000180050f10 f   BuckBoost1_sfun_registry.obj
 0001:00050030       _ssGetCurrentOutputPortWidth 0000000180051030 f   BuckBoost1_sfun_registry.obj
 0001:00050150       _ssGetCallSystemNumFcnCallDestinations 0000000180051150 f   BuckBoost1_sfun_registry.obj
 0001:000501c0       ssWarning                  00000001800511c0 f   BuckBoost1_sfun_registry.obj
 0001:000502d0       ssGetIsZeroCrossControlDisabled 00000001800512d0 f   BuckBoost1_sfun_registry.obj
 0001:00050340       ssSetIsInputPortUsedForContZcSignal 0000000180051340 f   BuckBoost1_sfun_registry.obj
 0001:000503b0       ssSetZcSignalIsZcElementDisc 00000001800513b0 f   BuckBoost1_sfun_registry.obj
 0001:00050460       ssSetZcSignalName          0000000180051460 f   BuckBoost1_sfun_registry.obj
 0001:000504d0       ssSetZcSignalWidth         00000001800514d0 f   BuckBoost1_sfun_registry.obj
 0001:00050540       ssSetZcSignalZcEventType   0000000180051540 f   BuckBoost1_sfun_registry.obj
 0001:000505b0       ssSetZcSignalType          00000001800515b0 f   BuckBoost1_sfun_registry.obj
 0001:00050620       ssSetZcSignalZcTol         0000000180051620 f   BuckBoost1_sfun_registry.obj
 0001:00050690       ssSetZcSignalNeedsEventNotification 0000000180051690 f   BuckBoost1_sfun_registry.obj
 0001:00050700       ssCreateAndAddZcSignalInfo 0000000180051700 f   BuckBoost1_sfun_registry.obj
 0001:00050770       ssCloneAndAddZcSignalInfo  0000000180051770 f   BuckBoost1_sfun_registry.obj
 0001:000507e0       ssGetNumZcSignals          00000001800517e0 f   BuckBoost1_sfun_registry.obj
 0001:00050850       ssGetZcSignalVector        0000000180051850 f   BuckBoost1_sfun_registry.obj
 0001:000508c0       ssGetZcSignalZcEvents      00000001800518c0 f   BuckBoost1_sfun_registry.obj
 0001:00050930       ssGetZcSignalName          0000000180051930 f   BuckBoost1_sfun_registry.obj
 0001:000509a0       ssGetZcSignalWidth         00000001800519a0 f   BuckBoost1_sfun_registry.obj
 0001:00050a10       ssGetZcSignalZcEventType   0000000180051a10 f   BuckBoost1_sfun_registry.obj
 0001:00050a80       ssGetZcSignalType          0000000180051a80 f   BuckBoost1_sfun_registry.obj
 0001:00050af0       ssGetZcSignalZcTol         0000000180051af0 f   BuckBoost1_sfun_registry.obj
 0001:00050b70       ssGetZcSignalNeedsEventNotification 0000000180051b70 f   BuckBoost1_sfun_registry.obj
 0001:00050be0       ssGetZcSignalIsZcElementDisc 0000000180051be0 f   BuckBoost1_sfun_registry.obj
 0001:00050c80       ssGetIsInputPortElementContinuous 0000000180051c80 f   BuckBoost1_sfun_registry.obj
 0001:00050d20       _ssGetInputPortSignalPtrsFcn 0000000180051d20 f   BuckBoost1_sfun_registry.obj
 0001:00050fe0       _ssGetInputPortSignalFcn   0000000180051fe0 f   BuckBoost1_sfun_registry.obj
 0001:00051200       _ssSetInputPortDirectFeedThroughFcn 0000000180052200 f   BuckBoost1_sfun_registry.obj
 0001:00051360       _ssSetInputPortReusableFcn 0000000180052360 f   BuckBoost1_sfun_registry.obj
 0001:00051450       _ssSetOutputPortReusableFcn 0000000180052450 f   BuckBoost1_sfun_registry.obj
 0001:00051530       ssGetDTypeIdFromMxArray    0000000180052530 f   BuckBoost1_sfun_registry.obj
 0001:00051650       ssWriteRTWStr              0000000180052650 f   BuckBoost1_sfun_registry.obj
 0001:000516b0       ssWriteRTWMxVectParam      00000001800526b0 f   BuckBoost1_sfun_registry.obj
 0001:00051710       ssWriteRTWMx2dMatParam     0000000180052710 f   BuckBoost1_sfun_registry.obj
 0001:00051790       ssWriteRTWNameValuePair    0000000180052790 f   BuckBoost1_sfun_registry.obj
 0001:00051c80       ssWriteRTWParameters       0000000180052c80 f   BuckBoost1_sfun_registry.obj
 0001:00052280       ssWriteRTWParamSettings    0000000180053280 f   BuckBoost1_sfun_registry.obj
 0001:00052950       ssWriteRTWWorkVect         0000000180053950 f   BuckBoost1_sfun_registry.obj
 0001:00052e50       mexFunction                0000000180053e50 f   BuckBoost1_sfun_registry.obj
 0001:00054b10       ProcessMexSfunctionEveryCall 0000000180055b10 f   BuckBoost1_sfun_registry.obj
 0001:00054c80       BuckBoost1_initializer     0000000180055c80 f   BuckBoost1_sfun.obj
 0001:00054c90       BuckBoost1_terminator      0000000180055c90 f   BuckBoost1_sfun.obj
 0001:00054ca0       sf_BuckBoost1_method_dispatcher 0000000180055ca0 f   BuckBoost1_sfun.obj
 0001:00054d90       sf_BuckBoost1_process_check_sum_call 0000000180055d90 f   BuckBoost1_sfun.obj
 0001:00055240       sf_BuckBoost1_autoinheritance_info 0000000180056240 f   BuckBoost1_sfun.obj
 0001:00055570       sf_BuckBoost1_get_eml_resolved_functions_info 0000000180056570 f   BuckBoost1_sfun.obj
 0001:00055810       BuckBoost1_debug_initialize 0000000180056810 f   BuckBoost1_sfun.obj
 0001:00055880       BuckBoost1_register_exported_symbols 0000000180056880 f   BuckBoost1_sfun.obj
 0001:00055890       load_BuckBoost1_optimization_info 0000000180056890 f   BuckBoost1_sfun.obj
 0001:000558e0       unload_BuckBoost1_optimization_info 00000001800568e0 f   BuckBoost1_sfun.obj
 0001:00055a00       sf_mex_mx_is_numeric       0000000180056a00 f   sfc_mex:sfc_mex.obj
 0001:00055a40       strcmp_ignore_ws           0000000180056a40 f   sfc_mex:sfc_mex.obj
 0001:00055b80       sf_mex_duplicatearraysafe  0000000180056b80 f   sfc_mex:sfc_mex.obj
 0001:00055ce0       sf_set_error_debugger_context_message_fcn 0000000180056ce0 f   sfc_mex:sfc_mex.obj
 0001:00055cf0       sf_set_debugger_matlab_error_fcn 0000000180056cf0 f   sfc_mex:sfc_mex.obj
 0001:00055d20       sf_set_error_prefix_string 0000000180056d20 f   sfc_mex:sfc_mex.obj
 0001:00055d50       sf_get_error_prefix_string 0000000180056d50 f   sfc_mex:sfc_mex.obj
 0001:00055d60       sf_mex_enter_parallel_region 0000000180056d60 f   sfc_mex:sfc_mex.obj
 0001:00055d70       sf_mex_exit_parallel_region 0000000180056d70 f   sfc_mex:sfc_mex.obj
 0001:00055d80       sf_get_current_jmp_buf_ptr 0000000180056d80 f   sfc_mex:sfc_mex.obj
 0001:00055d90       sf_set_current_jmp_buf_ptr 0000000180056d90 f   sfc_mex:sfc_mex.obj
 0001:00055da0       sf_mex_set_halt_simulation 0000000180056da0 f   sfc_mex:sfc_mex.obj
 0001:00055db0       sf_mex_get_halt_simulation 0000000180056db0 f   sfc_mex:sfc_mex.obj
 0001:00055dc0       sf_mex_clear_error_message 0000000180056dc0 f   sfc_mex:sfc_mex.obj
 0001:00055de0       sf_mex_get_error_message_for_read 0000000180056de0 f   sfc_mex:sfc_mex.obj
 0001:00055df0       sf_mex_get_error_message_buffer_length 0000000180056df0 f   sfc_mex:sfc_mex.obj
 0001:00055ed0       sf_mex_warning_message     0000000180056ed0 f   sfc_mex:sfc_mex.obj
 0001:00055f40       sf_mex_v_errbuf_createf    0000000180056f40 f   sfc_mex:sfc_mex.obj
 0001:00055f50       sf_mex_errbuf_createf      0000000180056f50 f   sfc_mex:sfc_mex.obj
 0001:00055f80       sf_mex_v_errbuf_catf       0000000180056f80 f   sfc_mex:sfc_mex.obj
 0001:00055fc0       sf_mex_errbuf_catf         0000000180056fc0 f   sfc_mex:sfc_mex.obj
 0001:00056010       sf_mex_errbuf_copy         0000000180057010 f   sfc_mex:sfc_mex.obj
 0001:00056020       sf_mex_errbuf_clear        0000000180057020 f   sfc_mex:sfc_mex.obj
 0001:00056030       sf_mex_errbuf_isempty      0000000180057030 f   sfc_mex:sfc_mex.obj
 0001:00056140       sf_mex_set_error_status    0000000180057140 f   sfc_mex:sfc_mex.obj
 0001:00056190       sf_mex_error_direct_call   0000000180057190 f   sfc_mex:sfc_mex.obj
 0001:000561b0       sf_mex_error_message_no_long_jump 00000001800571b0 f   sfc_mex:sfc_mex.obj
 0001:000561d0       sf_mex_long_jump_on_error  00000001800571d0 f   sfc_mex:sfc_mex.obj
 0001:00056200       sf_mex_call_matlab         0000000180057200 f   sfc_mex:sfc_mex.obj
 0001:00056320       sf_mex_check_builtin       0000000180057320 f   sfc_mex:sfc_mex.obj
 0001:000563c0       sf_mex_check_builtin_vs    00000001800573c0 f   sfc_mex:sfc_mex.obj
 0001:00056480       sf_mex_check_enum          0000000180057480 f   sfc_mex:sfc_mex.obj
 0001:00056500       sf_mex_create_enum         0000000180057500 f   sfc_mex:sfc_mex.obj
 0001:00056570       sf_mex_get_enum_element    0000000180057570 f   sfc_mex:sfc_mex.obj
 0001:00056580       sf_mex_createcellarray     0000000180057580 f   sfc_mex:sfc_mex.obj
 0001:00056590       sf_mex_setcell             0000000180057590 f   sfc_mex:sfc_mex.obj
 0001:000565a0       sf_mex_getcell             00000001800575a0 f   sfc_mex:sfc_mex.obj
 0001:000565b0       sf_mex_dup                 00000001800575b0 f   sfc_mex:sfc_mex.obj
 0001:000565d0       sf_mex_assign              00000001800575d0 f   sfc_mex:sfc_mex.obj
 0001:00056650       sf_mex_destroy             0000000180057650 f   sfc_mex:sfc_mex.obj
 0001:00056680       mx_array_has_fi_type       0000000180057680 f   sfc_mex:sfc_mex.obj
 0001:000566b0       sf_mex_convert_from_fi     00000001800576b0 f   sfc_mex:sfc_mex.obj
 0001:000567e0       sf_mex_convert_to_double   00000001800577e0 f   sfc_mex:sfc_mex.obj
 0001:00056900       sf_mex_import_fi_vs        0000000180057900 f   sfc_mex:sfc_mex.obj
 0001:00056ac0       sf_matrix_matrix_index_ok  0000000180057ac0 f   sfc_mex:sfc_mex.obj
 0001:00056b50       sf_vector_vector_index_ok  0000000180057b50 f   sfc_mex:sfc_mex.obj
 0001:00056b80       ssGetCurrentInputPortDimensions_wrapper 0000000180057b80 f   sfc_mex:sfc_mex.obj
 0001:00056ba0       ssGetCurrentOutputPortDimensions_wrapper 0000000180057ba0 f   sfc_mex:sfc_mex.obj
 0001:00056bc0       sf_mex_emlrt_context_is_debug_mode 0000000180057bc0 f   sfc_mex:sfc_mex.obj
 0001:00056bd0       sf_mex_emlrt_context_set_debug_mode 0000000180057bd0 f   sfc_mex:sfc_mex.obj
 0001:00056be0       sf_mex_emlrtNameCapturePostProcessR2012a 0000000180057be0 f   sfc_mex:sfc_mex.obj
 0001:00056c50       sf_clear_error_manager_info 0000000180057c50 f   sfc_mex:sfc_mex.obj
 0001:00056cb0       sf_mex_stop_simulation_abruptly_wo_error 0000000180057cb0 f   sfc_mex:sfc_mex.obj
 0001:00056cf0       sf_mex_error_message       0000000180057cf0 f   sfc_mex:sfc_mex.obj
 0001:00056d50       sf_react_to_error_in_matlab_call 0000000180057d50 f   sfc_mex:sfc_mex.obj
 0001:00056d80       sf_mex_addfield            0000000180057d80 f   sfc_mex:sfc_mex.obj
 0001:00056e20       sf_mex_getfield            0000000180057e20 f   sfc_mex:sfc_mex.obj
 0001:00057120       sf_mex_check_class         0000000180058120 f   sfc_mex:sfc_mex.obj
 0001:000571c0       sf_mex_is_real             00000001800581c0 f   sfc_mex:sfc_mex.obj
 0001:00057630       sf_mex_decode_encoded_mx_struct_array 0000000180058630 f   sfc_mex:sfc_mex.obj
 0001:00057910       sf_mex_lw_bounds_check     0000000180058910 f   sfc_mex:sfc_mex.obj
 0001:00057940       sf_mex_lw_size_eq_check_1d 0000000180058940 f   sfc_mex:sfc_mex.obj
 0001:00057960       sf_mex_lw_size_eq_check_nd 0000000180058960 f   sfc_mex:sfc_mex.obj
 0001:00057b40       sf_mex_lw_dim_size_eq_check 0000000180058b40 f   sfc_mex:sfc_mex.obj
 0001:00057b70       sf_mex_lw_dim_size_geq_check 0000000180058b70 f   sfc_mex:sfc_mex.obj
 0001:00057ba0       sf_mex_lw_sub_assign_size_check_nd 0000000180058ba0 f   sfc_mex:sfc_mex.obj
 0001:00057dd0       sf_mex_lw_runtime_error_msgid 0000000180058dd0 f   sfc_mex:sfc_mex.obj
 0001:00057ec0       sf_mex_lw_matrix_matrix_index_check 0000000180058ec0 f   sfc_mex:sfc_mex.obj
 0001:00057ee0       sf_mex_lw_vector_vector_index_check 0000000180058ee0 f   sfc_mex:sfc_mex.obj
 0001:00057f20       sf_mex_lw_for_loop_vector_check 0000000180058f20 f   sfc_mex:sfc_mex.obj
 0001:00057fb0       sf_mex_lw_non_negative_check 0000000180058fb0 f   sfc_mex:sfc_mex.obj
 0001:00057ff0       sf_mex_overflow_error      0000000180058ff0 f   sfc_mex:sfc_mex.obj
 0001:00058000       sf_mex_dividebyzero_error  0000000180059000 f   sfc_mex:sfc_mex.obj
 0001:00058010       sf_mex_unsafe_enum_error   0000000180059010 f   sfc_mex:sfc_mex.obj
 0001:00058020       sf_emlrtErrHandler         0000000180059020 f   sfc_mex:sfc_mex.obj
 0001:00058100       sf_mex_size_one_check      0000000180059100 f   sfc_mex:sfc_mex.obj
 0001:00058120       sf_mex_printf              0000000180059120 f   sfc_mex:sfc_mex.obj
 0001:000582f0       sf_mex_check_size          00000001800592f0 f   sfc_mex:sfc_mex.obj
 0001:000585c0       sf_mex_check_struct        00000001800595c0 f   sfc_mex:sfc_mex.obj
 0001:00058820       sf_mex_check_struct_vs     0000000180059820 f   sfc_mex:sfc_mex.obj
 0001:000588b0       sf_mex_check_fi            00000001800598b0 f   sfc_mex:sfc_mex.obj
 0001:000589b0       sf_mex_check_fi_vs         00000001800599b0 f   sfc_mex:sfc_mex.obj
 0001:00058a50       sf_echo_expression         0000000180059a50 f   sfc_mex:sfc_mex.obj
 0001:00058ab0       sf_assertion_failed        0000000180059ab0 f   sfc_mex:sfc_mex.obj
 0001:00058d90       sf_mex_evalin              0000000180059d90 f   sfc_mex:sfc_mex.obj
 0001:00059000       sf_mex_export              000000018005a000 f   sfc_mex:sfc_mex.obj
 0001:000590c0       sf_mex_get_ml_var_no_error 000000018005a0c0 f   sfc_mex:sfc_mex.obj
 0001:00059260       sf_mex_get_ml_var          000000018005a260 f   sfc_mex:sfc_mex.obj
 0001:00059700       ml_set_element_value_in_array 000000018005a700 f   sfc_mex:sfc_mex.obj
 0001:0005add0       sf_mex_call_impl           000000018005bdd0 f   sfc_mex:sfc_mex.obj
 0001:0005b300       sf_mex_call_debug          000000018005c300 f   sfc_mex:sfc_mex.obj
 0001:0005b330       sf_mex_call                000000018005c330 f   sfc_mex:sfc_mex.obj
 0001:0005b980       sf_mex_createstruct        000000018005c980 f   sfc_mex:sfc_mex.obj
 0001:0005ba70       sf_mex_createstructarray   000000018005ca70 f   sfc_mex:sfc_mex.obj
 0001:0005baf0       sf_mex_get_mx_datatype_from_sf_datatype 000000018005caf0 f   sfc_mex:sfc_mex.obj
 0001:0005be00       sf_mex_ml_var_sub          000000018005ce00 f   sfc_mex:sfc_mex.obj
 0001:0005bfd0       sf_mex_ml_var_subsasgn     000000018005cfd0 f   sfc_mex:sfc_mex.obj
 0001:0005c3c0       sf_mex_sub                 000000018005d3c0 f   sfc_mex:sfc_mex.obj
 0001:0005c5c0       sf_mex_subsasgn            000000018005d5c0 f   sfc_mex:sfc_mex.obj
 0001:0005caa0       sf_mex_create              000000018005daa0 f   sfc_mex:sfc_mex.obj
 0001:0005d4f0       sf_mex_import_named        000000018005e4f0 f   sfc_mex:sfc_mex.obj
 0001:0005d550       sf_mex_import              000000018005e550 f   sfc_mex:sfc_mex.obj
 0001:0005d5a0       sf_mex_import_vs           000000018005e5a0 f   sfc_mex:sfc_mex.obj
 0001:0005d6b0       sf_mex_lower_fixpt_mx_array 000000018005e6b0 f   sfc_mex:sfc_mex.obj
 0001:0005d9a0       sf_send_message_wrapper    000000018005e9a0 f   sfc_mex:sfc_sf.obj
 0001:0005d9d0       sf_receive_message_wrapper 000000018005e9d0 f   sfc_mex:sfc_sf.obj
 0001:0005da10       sf_check_out_message_wrapper 000000018005ea10 f   sfc_mex:sfc_sf.obj
 0001:0005da50       sf_check_in_message_wrapper 000000018005ea50 f   sfc_mex:sfc_sf.obj
 0001:0005da90       sf_no_message_wrapper      000000018005ea90 f   sfc_mex:sfc_sf.obj
 0001:0005de20       sim_mode_is_rtw_gen        000000018005ee20 f   sfc_mex:sfc_sf.obj
 0001:0005de50       sim_mode_is_external       000000018005ee50 f   sfc_mex:sfc_sf.obj
 0001:0005de60       sim_mode_is_modelref_sim   000000018005ee60 f   sfc_mex:sfc_sf.obj
 0001:0005de80       mdlInitializeSizes         000000018005ee80 f   sfc_mex:sfc_sf.obj
 0001:0005dea0       mdlInitializeSampleTimes   000000018005eea0 f   sfc_mex:sfc_sf.obj
 0001:0005dee0       mdlZeroCrossings           000000018005eee0 f   sfc_mex:sfc_sf.obj
 0001:0005dfc0       mdlDerivatives             000000018005efc0 f   sfc_mex:sfc_sf.obj
 0001:0005e070       mdl_initialize_conditions_processing 000000018005f070 f   sfc_mex:sfc_sf.obj
 0001:0005e0a0       mdlInitializeConditions    000000018005f0a0 f   sfc_mex:sfc_sf.obj
 0001:0005e160       mdlGetSimState             000000018005f160 f   sfc_mex:sfc_sf.obj
 0001:0005e170       mdlSetSimState             000000018005f170 f   sfc_mex:sfc_sf.obj
 0001:0005e180       mdl_ext_mode_exec_processing 000000018005f180 f   sfc_mex:sfc_sf.obj
 0001:0005e1a0       mdlExtModeExec             000000018005f1a0 f   sfc_mex:sfc_sf.obj
 0001:0005e330       mdlTerminate               000000018005f330 f   sfc_mex:sfc_sf.obj
 0001:0005e3a0       mdlRTW                     000000018005f3a0 f   sfc_mex:sfc_sf.obj
 0001:0005e3d0       mdlSetWorkWidths           000000018005f3d0 f   sfc_mex:sfc_sf.obj
 0001:0005e3e0       mdlProcessParameters       000000018005f3e0 f   sfc_mex:sfc_sf.obj
 0001:0005e3f0       mdl_start_processing       000000018005f3f0 f   sfc_mex:sfc_sf.obj
 0001:0005e450       mdlStart                   000000018005f450 f   sfc_mex:sfc_sf.obj
 0001:0005e560       mdlEnable                  000000018005f560 f   sfc_mex:sfc_sf.obj
 0001:0005e630       mdlDisable                 000000018005f630 f   sfc_mex:sfc_sf.obj
 0001:0005e6e0       sf_get_chart_instance_ptr  000000018005f6e0 f   sfc_mex:sfc_sf.obj
 0001:0005e700       sf_load_rtw_optimization_info 000000018005f700 f   sfc_mex:sfc_sf.obj
 0001:0005e7d0       sf_rtw_info_uint_prop      000000018005f7d0 f   sfc_mex:sfc_sf.obj
 0001:0005e910       sf_is_chart_inlinable      000000018005f910 f   sfc_mex:sfc_sf.obj
 0001:0005e930       sf_mark_output_events_with_multiple_callers 000000018005f930 f   sfc_mex:sfc_sf.obj
 0001:0005eac0       sf_mark_chart_reusable_outputs 000000018005fac0 f   sfc_mex:sfc_sf.obj
 0001:0005ed20       sf_mark_chart_expressionable_inputs 000000018005fd20 f   sfc_mex:sfc_sf.obj
 0001:0005ef80       sf_get_subchart_simstruct  000000018005ff80 f   sfc_mex:sfc_sf.obj
 0001:0005efd0       sf_get_fixpt_data_type_id  000000018005ffd0 f   sfc_mex:sfc_sf.obj
 0001:0005f010       sf_get_enum_data_type_id   0000000180060010 f   sfc_mex:sfc_sf.obj
 0001:0005f050       sf_get_param_data_type_id  0000000180060050 f   sfc_mex:sfc_sf.obj
 0001:0005f080       sf_mex_listen_for_ctrl_c_force 0000000180060080 f   sfc_mex:sfc_sf.obj
 0001:0005f190       sf_mex_draw_now            0000000180060190 f   sfc_mex:sfc_sf.obj
 0001:0005f1d0       sf_mex_set_debugger_sim_status_listener_fcn 00000001800601d0 f   sfc_mex:sfc_sf.obj
 0001:0005f1e0       sf_mex_listen_for_ctrl_c   00000001800601e0 f   sfc_mex:sfc_sf.obj
 0001:0005f270       sf_mex_get_sfun_param      0000000180060270 f   sfc_mex:sfc_sf.obj
 0001:0005f2c0       sf_get_runtime_param_data  00000001800602c0 f   sfc_mex:sfc_sf.obj
 0001:0005f300       sf_call_output_fcn_call    0000000180060300 f   sfc_mex:sfc_sf.obj
 0001:0005f440       sf_call_output_fcn_enable  0000000180060440 f   sfc_mex:sfc_sf.obj
 0001:0005f4d0       sf_call_output_fcn_disable 00000001800604d0 f   sfc_mex:sfc_sf.obj
 0001:0005f560       sf_clear_rtw_identifier    0000000180060560 f   sfc_mex:sfc_sf.obj
 0001:0005fd50       sf_set_encoded_dwork_info  0000000180060d50 f   sfc_mex:sfc_sf.obj
 0001:0005fda0       sf_get_dwork_info_from_mat_file 0000000180060da0 f   sfc_mex:sfc_sf.obj
 0001:0005ff60       sf_set_rtw_dwork_info      0000000180060f60 f   sfc_mex:sfc_sf.obj
 0001:000600d0       mdlOutputs                 00000001800610d0 f   sfc_mex:sfc_sf.obj
 0001:00060270       sf_debug_disp              0000000180061270 f   sfc_debug:sfcdebug.obj
 0001:000604d0       sf_debug_data_runtime_size_mismatch_error_check 00000001800614d0 f   sfc_debug:sfcdebug.obj
 0001:00060570       sf_debug_try_loading_machine 0000000180061570 f   sfc_debug:sfcdebug.obj
 0001:00060670       sf_debug_reset_current_state_configuration 0000000180061670 f   sfc_debug:sfcdebug.obj
 0001:00060700       sf_debug_store_current_state_configuration 0000000180061700 f   sfc_debug:sfcdebug.obj
 0001:00060790       sf_debug_restore_previous_state_configuration 0000000180061790 f   sfc_debug:sfcdebug.obj
 0001:00060820       sf_debug_restore_previous_state_configuration2 0000000180061820 f   sfc_debug:sfcdebug.obj
 0001:000608b0       sf_debug_get_event_scope   00000001800618b0 f   sfc_debug:sfcdebug.obj
 0001:00060a20       use_debugger_step_animation 0000000180061a20 f   sfc_debug:sfcdebug.obj
 0001:00060a40       sf_debug_get_script_id     0000000180061a40 f   sfc_debug:sfcdebug.obj
 0001:00060ad0       sf_debug_set_script_translation 0000000180061ad0 f   sfc_debug:sfcdebug.obj
 0001:00060c50       sf_debug_extract_message_post_receive_info 0000000180061c50 f   sfc_debug:sfcdebug.obj
 0001:00060d50       sf_debug_get_current_machine_id 0000000180061d50 f   sfc_debug:sfcdebug.obj
 0001:00060d70       sf_debug_get_current_optional_integer 0000000180061d70 f   sfc_debug:sfcdebug.obj
 0001:00060d80       sf_debug_get_current_machine_number 0000000180061d80 f   sfc_debug:sfcdebug.obj
 0001:00060da0       sf_debug_get_current_machine_name 0000000180061da0 f   sfc_debug:sfcdebug.obj
 0001:00060dc0       sf_debug_get_current_chart_id 0000000180061dc0 f   sfc_debug:sfcdebug.obj
 0001:00060e10       sf_debug_get_current_chart_number 0000000180061e10 f   sfc_debug:sfcdebug.obj
 0001:00060e20       sf_debug_get_current_instance_number 0000000180061e20 f   sfc_debug:sfcdebug.obj
 0001:00060e30       sf_debug_get_current_is_minor_time_step 0000000180061e30 f   sfc_debug:sfcdebug.obj
 0001:00060eb0       sf_debug_get_current_object_type 0000000180061eb0 f   sfc_debug:sfcdebug.obj
 0001:00060ec0       sf_debug_get_current_instance_handle 0000000180061ec0 f   sfc_debug:sfcdebug.obj
 0001:00060f20       sf_debug_get_current_event_type 0000000180061f20 f   sfc_debug:sfcdebug.obj
 0001:00060f30       sf_debug_get_current_object_id 0000000180061f30 f   sfc_debug:sfcdebug.obj
 0001:00060f70       sf_debug_get_current_active_event_type 0000000180061f70 f   sfc_debug:sfcdebug.obj
 0001:00060f80       sf_debug_get_current_active_event_id 0000000180061f80 f   sfc_debug:sfcdebug.obj
 0001:00060fc0       sf_debug_get_current_tag_type 0000000180061fc0 f   sfc_debug:sfcdebug.obj
 0001:00060fd0       sf_debug_get_current_simulation_time 0000000180061fd0 f   sfc_debug:sfcdebug.obj
 0001:00060fe0       sf_debug_get_current_coverage_percentage 0000000180061fe0 f   sfc_debug:sfcdebug.obj
 0001:00060ff0       sf_debug_current_statement_context 0000000180061ff0 f   sfc_debug:sfcdebug.obj
 0001:00061080       sf_debug_get_current_statement_info 0000000180062080 f   sfc_debug:sfcdebug.obj
 0001:00061200       sf_debug_terminate_instance 0000000180062200 f   sfc_debug:sfcdebug.obj
 0001:00061540       sf_debug_assertion_failed  0000000180062540 f   sfc_debug:sfcdebug.obj
 0001:000617a0       sf_debug_set_number_of_data_with_change_event_for_machine 00000001800627a0 f   sfc_debug:sfcdebug.obj
 0001:000617e0       sf_debug_set_machine_event_thresholds 00000001800627e0 f   sfc_debug:sfcdebug.obj
 0001:00061800       sf_debug_set_machine_event_scope 0000000180062800 f   sfc_debug:sfcdebug.obj
 0001:00061840       sf_debug_set_machine_data_thresholds 0000000180062840 f   sfc_debug:sfcdebug.obj
 0001:00061880       sf_debug_set_machine_data_scope 0000000180062880 f   sfc_debug:sfcdebug.obj
 0001:00061910       sf_debug_set_machine_data_name 0000000180062910 f   sfc_debug:sfcdebug.obj
 0001:000619b0       sf_debug_set_machine_data_size 00000001800629b0 f   sfc_debug:sfcdebug.obj
 0001:00061af0       sf_debug_set_machine_data_type 0000000180062af0 f   sfc_debug:sfcdebug.obj
 0001:00061c60       sf_debug_get_chart_data_number 0000000180062c60 f   sfc_debug:sfcdebug.obj
 0001:00061c80       sf_debug_get_chart_event_number 0000000180062c80 f   sfc_debug:sfcdebug.obj
 0001:00061ca0       sf_debug_set_chart_state_info 0000000180062ca0 f   sfc_debug:sfcdebug.obj
 0001:00061d20       sf_debug_set_chart_decomposition 0000000180062d20 f   sfc_debug:sfcdebug.obj
 0001:00061d90       sf_debug_set_chart_substate_count 0000000180062d90 f   sfc_debug:sfcdebug.obj
 0001:00061e70       sf_debug_set_chart_substate_index 0000000180062e70 f   sfc_debug:sfcdebug.obj
 0001:00061ee0       sf_debug_set_chart_state_substate_count 0000000180062ee0 f   sfc_debug:sfcdebug.obj
 0001:00061ff0       sf_debug_set_chart_state_substate_index 0000000180062ff0 f   sfc_debug:sfcdebug.obj
 0001:00062070       sf_debug_set_number_of_data_with_change_event_for_chart 0000000180063070 f   sfc_debug:sfcdebug.obj
 0001:000620f0       sf_debug_set_number_of_states_with_entry_event_for_chart 00000001800630f0 f   sfc_debug:sfcdebug.obj
 0001:00062160       sf_debug_set_number_of_states_with_exit_event_for_chart 0000000180063160 f   sfc_debug:sfcdebug.obj
 0001:000621d0       sf_debug_set_chart_disable_implicit_casting 00000001800631d0 f   sfc_debug:sfcdebug.obj
 0001:00062240       sf_debug_set_chart_event_thresholds 0000000180063240 f   sfc_debug:sfcdebug.obj
 0001:000622b0       sf_debug_set_chart_data_compiled_props 00000001800632b0 f   sfc_debug:sfcdebug.obj
 0001:00062600       sf_debug_set_chart_data_props 0000000180063600 f   sfc_debug:sfcdebug.obj
 0001:00062920       sf_debug_check_fi_license  0000000180063920 f   sfc_debug:sfcdebug.obj
 0001:00062b10       sf_debug_symbol_scope_push 0000000180063b10 f   sfc_debug:sfcdebug.obj
 0001:00062b50       sf_debug_symbol_scope_push_eml 0000000180063b50 f   sfc_debug:sfcdebug.obj
 0001:00062ba0       sf_debug_symbol_scope_pop  0000000180063ba0 f   sfc_debug:sfcdebug.obj
 0001:00062be0       sf_debug_symbol_scope_add_importable 0000000180063be0 f   sfc_debug:sfcdebug.obj
 0001:00062c60       sf_debug_symbol_scope_add  0000000180063c60 f   sfc_debug:sfcdebug.obj
 0001:00062ce0       sf_debug_symbol_scope_add_dyn_importable 0000000180063ce0 f   sfc_debug:sfcdebug.obj
 0001:00062da0       sf_debug_symbol_scope_add_dyn 0000000180063da0 f   sfc_debug:sfcdebug.obj
 0001:00062dd0       sf_debug_symbol_scope_add_eml_importable 0000000180063dd0 f   sfc_debug:sfcdebug.obj
 0001:00062e10       sf_debug_symbol_scope_add_eml 0000000180063e10 f   sfc_debug:sfcdebug.obj
 0001:00062e50       sf_debug_symbol_scope_add_eml_dyn_importable 0000000180063e50 f   sfc_debug:sfcdebug.obj
 0001:00062ec0       sf_debug_symbol_scope_add_eml_dyn 0000000180063ec0 f   sfc_debug:sfcdebug.obj
 0001:00062f20       sf_debug_symbol_switch     0000000180063f20 f   sfc_debug:sfcdebug.obj
 0001:00062f40       sf_debug_symbol_scope_add_verbose 0000000180063f40 f   sfc_debug:sfcdebug.obj
 0001:00063010       sf_debug_set_machine_data_value_ptr 0000000180064010 f   sfc_debug:sfcdebug.obj
 0001:00063050       sf_debug_set_instance_data_value_ptr 0000000180064050 f   sfc_debug:sfcdebug.obj
 0001:00063110       sf_debug_unset_instance_data_value_ptr 0000000180064110 f   sfc_debug:sfcdebug.obj
 0001:000631c0       sf_debug_set_chart_event_scope 00000001800641c0 f   sfc_debug:sfcdebug.obj
 0001:00063240       sf_debug_set_chart_transition_coverage_maps 0000000180064240 f   sfc_debug:sfcdebug.obj
 0001:00063350       sf_debug_set_chart_state_coverage_maps 0000000180064350 f   sfc_debug:sfcdebug.obj
 0001:00063430       sf_debug_set_instance_transition_coverage_weights 0000000180064430 f   sfc_debug:sfcdebug.obj
 0001:000634d0       sf_debug_set_instance_state_coverage_weights 00000001800644d0 f   sfc_debug:sfcdebug.obj
 0001:00063720       sf_debug_unload_machine    0000000180064720 f   sfc_debug:sfcdebug.obj
 0001:00063770       sf_debug_load_machine      0000000180064770 f   sfc_debug:sfcdebug.obj
 0001:00063870       sf_debug_set_active_instance_in_data_dictionary 0000000180064870 f   sfc_debug:sfcdebug.obj
 0001:00063a50       sf_debug_set_active_instance 0000000180064a50 f   sfc_debug:sfcdebug.obj
 0001:00063bb0       sf_debug_chart_visiblity_change 0000000180064bb0 f   sfc_debug:sfcdebug.obj
 0001:00063cb0       sf_debug_select_chart      0000000180064cb0 f   sfc_debug:sfcdebug.obj
 0001:00063e20       sf_debug_set_instance_cv_ids 0000000180064e20 f   sfc_debug:sfcdebug.obj
 0001:00064130       sf_debug_select_charts     0000000180065130 f   sfc_debug:sfcdebug.obj
 0001:000642c0       sf_debug_initialized       00000001800652c0 f   sfc_debug:sfcdebug.obj
 0001:000642d0       sf_debug_is_uninterruptible 00000001800652d0 f   sfc_debug:sfcdebug.obj
 0001:00064300       sf_debug_initialize_debugger_gui 0000000180065300 f   sfc_debug:sfcdebug.obj
 0001:000646f0       sf_debug_resume            00000001800656f0 f   sfc_debug:sfcdebug.obj
 0001:00064710       sf_debug_go                0000000180065710 f   sfc_debug:sfcdebug.obj
 0001:00064720       sf_debug_break             0000000180065720 f   sfc_debug:sfcdebug.obj
 0001:00064730       sf_debug_step_over         0000000180065730 f   sfc_debug:sfcdebug.obj
 0001:00064740       sf_debug_step_out          0000000180065740 f   sfc_debug:sfcdebug.obj
 0001:00064750       sf_debug_set_disable_all_breakpoints 0000000180065750 f   sfc_debug:sfcdebug.obj
 0001:00064760       sf_debug_disable_all_breakpoints_and_go 0000000180065760 f   sfc_debug:sfcdebug.obj
 0001:00064770       sf_debug_break_on_chart_entry 0000000180065770 f   sfc_debug:sfcdebug.obj
 0001:00064780       sf_debug_break_on_event_broadcast 0000000180065780 f   sfc_debug:sfcdebug.obj
 0001:00064790       sf_debug_break_on_state_entry 0000000180065790 f   sfc_debug:sfcdebug.obj
 0001:000647a0       sf_debug_break_between_times 00000001800657a0 f   sfc_debug:sfcdebug.obj
 0001:000647c0       sf_debug_browse_data       00000001800657c0 f   sfc_debug:sfcdebug.obj
 0001:000647e0       sf_debug_watch_data        00000001800657e0 f   sfc_debug:sfcdebug.obj
 0001:00064800       sf_debug_assign_data       0000000180065800 f   sfc_debug:sfcdebug.obj
 0001:00064820       sf_debug_whos              0000000180065820 f   sfc_debug:sfcdebug.obj
 0001:00064840       sf_debug_get_consistency_info 0000000180065840 f   sfc_debug:sfcdebug.obj
 0001:00064850       sf_debug_browse_trace      0000000180065850 f   sfc_debug:sfcdebug.obj
 0001:00064860       sf_debug_set_breakpoints   0000000180065860 f   sfc_debug:sfcdebug.obj
 0001:000649c0       sf_debug_set_eml_breakpoints 00000001800659c0 f   sfc_debug:sfcdebug.obj
 0001:00064b20       sf_debug_set_script_breakpoints 0000000180065b20 f   sfc_debug:sfcdebug.obj
 0001:00064ba0       sf_debug_add_script_breakpoints 0000000180065ba0 f   sfc_debug:sfcdebug.obj
 0001:00064c10       sf_debug_clear_script_breakpoints 0000000180065c10 f   sfc_debug:sfcdebug.obj
 0001:00064c80       sf_debug_query_script_breakpoints 0000000180065c80 f   sfc_debug:sfcdebug.obj
 0001:00064d40       sf_debug_get_eml_script_id 0000000180065d40 f   sfc_debug:sfcdebug.obj
 0001:00064d90       sf_debug_set_watch         0000000180065d90 f   sfc_debug:sfcdebug.obj
 0001:00064fc0       sf_debug_get_instance_handle 0000000180065fc0 f   sfc_debug:sfcdebug.obj
 0001:00065050       sf_debug_get_active_states 0000000180066050 f   sfc_debug:sfcdebug.obj
 0001:00065060       sf_debug_get_animation     0000000180066060 f   sfc_debug:sfcdebug.obj
 0001:00065070       sf_debug_set_animation     0000000180066070 f   sfc_debug:sfcdebug.obj
 0001:00065080       sf_debug_animate           0000000180066080 f   sfc_debug:sfcdebug.obj
 0001:000650b0       sf_debug_cycle_detection_check 00000001800660b0 f   sfc_debug:sfcdebug.obj
 0001:000650c0       sf_debug_data_range_check  00000001800660c0 f   sfc_debug:sfcdebug.obj
 0001:000650d0       sf_debug_transition_conflict_check 00000001800660d0 f   sfc_debug:sfcdebug.obj
 0001:000650e0       sf_debug_state_consistency_check 00000001800660e0 f   sfc_debug:sfcdebug.obj
 0001:000650f0       sf_debug_data_range_check_enabled 00000001800660f0 f   sfc_debug:sfcdebug.obj
 0001:00065110       sf_debug_transition_conflict_check_enabled 0000000180066110 f   sfc_debug:sfcdebug.obj
 0001:00065130       sf_debug_transition_conflict_check_begin 0000000180066130 f   sfc_debug:sfcdebug.obj
 0001:00065150       sf_debug_transition_conflict_check_end 0000000180066150 f   sfc_debug:sfcdebug.obj
 0001:00065170       sf_debug_stop_debugging    0000000180066170 f   sfc_debug:sfcdebug.obj
 0001:000651a0       sf_debug_is_cycle_detected 00000001800661a0 f   sfc_debug:sfcdebug.obj
 0001:000651b0       sf_debug_is_array_bounds_detected 00000001800661b0 f   sfc_debug:sfcdebug.obj
 0001:000651c0       sf_debug_get_state_vectors_data_size 00000001800661c0 f   sfc_debug:sfcdebug.obj
 0001:00065200       sf_debug_get_state_vectors_data 0000000180066200 f   sfc_debug:sfcdebug.obj
 0001:00065300       sf_debug_set_state_vectors_data 0000000180066300 f   sfc_debug:sfcdebug.obj
 0001:000655c0       sf_debug_get_script_index  00000001800665c0 f   sfc_debug:sfcdebug.obj
 0001:00065750       sf_debug_add_script        0000000180066750 f   sfc_debug:sfcdebug.obj
 0001:000658e0       cv_eval_point              00000001800668e0 f   sfc_debug:sfcdebug.obj
 0001:00065a50       cv_eval_testobjective      0000000180066a50 f   sfc_debug:sfcdebug.obj
 0001:00065b70       sf_debug_cv_init_state     0000000180066b70 f   sfc_debug:sfcdebug.obj
 0001:00065c90       sf_debug_cv_init_chart     0000000180066c90 f   sfc_debug:sfcdebug.obj
 0001:00065d70       sf_debug_cv_init_trans     0000000180066d70 f   sfc_debug:sfcdebug.obj
 0001:00065e70       sf_debug_cv_init_testobjectives 0000000180066e70 f   sfc_debug:sfcdebug.obj
 0001:00066050       cv_eml_init_script         0000000180067050 f   sfc_debug:sfcdebug.obj
 0001:00066160       cv_eml_init_fcn            0000000180067160 f   sfc_debug:sfcdebug.obj
 0001:00066210       cv_eml_init_testobjective  0000000180067210 f   sfc_debug:sfcdebug.obj
 0001:000662e0       cv_eml_init_saturation     00000001800672e0 f   sfc_debug:sfcdebug.obj
 0001:000663a0       cv_eml_init_if             00000001800673a0 f   sfc_debug:sfcdebug.obj
 0001:00066470       cv_eml_init_for            0000000180067470 f   sfc_debug:sfcdebug.obj
 0001:00066530       cv_eml_init_while          0000000180067530 f   sfc_debug:sfcdebug.obj
 0001:000665f0       cv_eml_init_mcdc           00000001800675f0 f   sfc_debug:sfcdebug.obj
 0001:00066700       cv_eml_init_switch         0000000180067700 f   sfc_debug:sfcdebug.obj
 0001:000667f0       cv_eml_eval                00000001800677f0 f   sfc_debug:sfcdebug.obj
 0001:000668d0       sf_debug_bm_is_a_eml_breakpoint 00000001800678d0 f   sfc_debug:sfcdebug.obj
 0001:00066a20       sf_debug_temporal_threshold 0000000180067a20 f   sfc_debug:sfcdebug.obj
 0001:00066d80       sf_debug_transition_conflict_error 0000000180067d80 f   sfc_debug:sfcdebug.obj
 0001:00067100       sf_debug_state_inconsistency_error 0000000180068100 f   sfc_debug:sfcdebug.obj
 0001:00067220       sf_debug_check_for_state_inconsistency 0000000180068220 f   sfc_debug:sfcdebug.obj
 0001:00067250       sf_debug_cycle_detecton_error 0000000180068250 f   sfc_debug:sfcdebug.obj
 0001:00067a20       sf_debug_size_eq_check_1d  0000000180068a20 f   sfc_debug:sfcdebug.obj
 0001:00067a40       sf_debug_size_eq_check_nd  0000000180068a40 f   sfc_debug:sfcdebug.obj
 0001:00067c20       sf_debug_dim_size_eq_check 0000000180068c20 f   sfc_debug:sfcdebug.obj
 0001:00067c50       sf_debug_dim_size_geq_check 0000000180068c50 f   sfc_debug:sfcdebug.obj
 0001:00067c80       sf_debug_sub_assign_size_check_nd 0000000180068c80 f   sfc_debug:sfcdebug.obj
 0001:00067ec0       sf_debug_matrix_matrix_index_check 0000000180068ec0 f   sfc_debug:sfcdebug.obj
 0001:00067ef0       sf_debug_vector_vector_index_check 0000000180068ef0 f   sfc_debug:sfcdebug.obj
 0001:00067f20       sf_debug_for_loop_vector_check 0000000180068f20 f   sfc_debug:sfcdebug.obj
 0001:00067fb0       sf_debug_runtime_error_msgid 0000000180068fb0 f   sfc_debug:sfcdebug.obj
 0001:00068040       sf_debug_data_array_bounds_error_check 0000000180069040 f   sfc_debug:sfcdebug.obj
 0001:00068150       sf_debug_eml_data_array_bounds_error_check 0000000180069150 f   sfc_debug:sfcdebug.obj
 0001:00068630       sf_debug_integer_check     0000000180069630 f   sfc_debug:sfcdebug.obj
 0001:00068710       sf_debug_not_nan_check     0000000180069710 f   sfc_debug:sfcdebug.obj
 0001:000687d0       sf_debug_non_negative_check 00000001800697d0 f   sfc_debug:sfcdebug.obj
 0001:00068890       sf_debug_overflow_detection 0000000180069890 f   sfc_debug:sfcdebug.obj
 0001:00068f80       sf_debug_cast_to_real32_T  0000000180069f80 f   sfc_debug:sfcdebug.obj
 0001:00069040       sf_debug_cast_to_int8_T    000000018006a040 f   sfc_debug:sfcdebug.obj
 0001:00069100       sf_debug_cast_to_uint8_T   000000018006a100 f   sfc_debug:sfcdebug.obj
 0001:000691c0       sf_debug_cast_to_int16_T   000000018006a1c0 f   sfc_debug:sfcdebug.obj
 0001:00069280       sf_debug_cast_to_uint16_T  000000018006a280 f   sfc_debug:sfcdebug.obj
 0001:00069340       sf_debug_cast_to_int32_T   000000018006a340 f   sfc_debug:sfcdebug.obj
 0001:00069400       sf_debug_cast_to_uint32_T  000000018006a400 f   sfc_debug:sfcdebug.obj
 0001:000694c0       sf_debug_data_range_error  000000018006a4c0 f   sfc_debug:sfcdebug.obj
 0001:00069810       sf_debug_read_before_write_check 000000018006a810 f   sfc_debug:sfcdebug.obj
 0001:00069c70       sf_debug_data_range_error_wrapper_min_max 000000018006ac70 f   sfc_debug:sfcdebug.obj
 0001:00069d60       sf_debug_data_range_error_wrapper_min 000000018006ad60 f   sfc_debug:sfcdebug.obj
 0001:00069e40       sf_debug_data_range_error_wrapper_max 000000018006ae40 f   sfc_debug:sfcdebug.obj
 0001:00069f20       sf_debug_data_range_wrapper 000000018006af20 f   sfc_debug:sfcdebug.obj
 0001:00069fd0       sf_debug_set_current_status_info 000000018006afd0 f   sfc_debug:sfcdebug.obj
 0001:0006a380       sf_debug_register_message_post_receive_info 000000018006b380 f   sfc_debug:sfcdebug.obj
 0001:0006a5f0       sf_debug_call              000000018006b5f0 f   sfc_debug:sfcdebug.obj
 0001:0006b250       sf_debug_initialize_machine 000000018006c250 f   sfc_debug:sfcdebug.obj
 0001:0006b560       sf_debug_initialize_chart  000000018006c560 f   sfc_debug:sfcdebug.obj
 0001:0006b9b0       sf_debug_ensure_script     000000018006c9b0 f   sfc_debug:sfcdebug.obj
 0001:0006ba70       cv_script_init_script      000000018006ca70 f   sfc_debug:sfcdebug.obj
 0001:0006bb60       cv_script_init_fcn         000000018006cb60 f   sfc_debug:sfcdebug.obj
 0001:0006bc10       cv_script_init_testobjective 000000018006cc10 f   sfc_debug:sfcdebug.obj
 0001:0006bcc0       cv_script_init_if          000000018006ccc0 f   sfc_debug:sfcdebug.obj
 0001:0006bd70       cv_script_init_for         000000018006cd70 f   sfc_debug:sfcdebug.obj
 0001:0006be20       cv_script_init_while       000000018006ce20 f   sfc_debug:sfcdebug.obj
 0001:0006bed0       cv_script_init_mcdc        000000018006ced0 f   sfc_debug:sfcdebug.obj
 0001:0006bfd0       cv_script_init_switch      000000018006cfd0 f   sfc_debug:sfcdebug.obj
 0001:0006c0b0       cv_script_eval             000000018006d0b0 f   sfc_debug:sfcdebug.obj
 0001:0006c190       eml_debug_line_call        000000018006d190 f   sfc_debug:sfcdebug.obj
 0001:0006c340       sf_debug_terminate         000000018006d340 f   sfc_debug:sfcdebug.obj
 0001:0006c4b0       sf_debug_set_script_cv_ids 000000018006d4b0 f   sfc_debug:sfcdebug.obj
 0001:0006c5e0       sf_debug_api               000000018006d5e0 f   sfc_debug:sfc_api.obj
 0001:0006dc90       sf_debug_sm_terminate      000000018006ec90 f   sfc_debug:sfdb_animation.obj
 0001:0006de50       sf_debug_reset_path_objects 000000018006ee50 f   sfc_debug:sfdb_animation.obj
 0001:0006ded0       sf_debug_sm_reset_object_selection_status 000000018006eed0 f   sfc_debug:sfdb_animation.obj
 0001:0006df70       sf_debug_sm_reset_state_buffer 000000018006ef70 f   sfc_debug:sfdb_animation.obj
 0001:0006e040       sf_debug_sm_store_state_buffer 000000018006f040 f   sfc_debug:sfdb_animation.obj
 0001:0006e0c0       sf_debug_sm_restore_state_buffer1 000000018006f0c0 f   sfc_debug:sfdb_animation.obj
 0001:0006e130       sf_debug_sm_restore_state_buffer2 000000018006f130 f   sfc_debug:sfdb_animation.obj
 0001:0006e1a0       sf_debug_sm_chart_active   000000018006f1a0 f   sfc_debug:sfdb_animation.obj
 0001:0006e1f0       sf_debug_sm_select_active_objects 000000018006f1f0 f   sfc_debug:sfdb_animation.obj
 0001:0006e6e0       sf_debug_sm_is_chart_active 000000018006f6e0 f   sfc_debug:sfdb_animation.obj
 0001:0006e720       sf_debug_sm_is_state_active 000000018006f720 f   sfc_debug:sfdb_animation.obj
 0001:0006e960       sf_debug_sm_get_active_states 000000018006f960 f   sfc_debug:sfdb_animation.obj
 0001:0006ef20       sf_debug_sm_initialize_instance 000000018006ff20 f   sfc_debug:sfdb_animation.obj
 0001:0006f140       sf_debug_sm_change_object_selection_status 0000000180070140 f   sfc_debug:sfdb_animation.obj
 0001:0006f450       cv_create_interface        0000000180070450 f   sfc_debug:cv_sfinterface.obj
 0001:0006f7b0       cv_init_trans              00000001800707b0 f   sfc_debug:cv_sfinterface.obj
 0001:0006f800       cv_init_testobjective      0000000180070800 f   sfc_debug:cv_sfinterface.obj
 0001:0006f840       cv_init_state              0000000180070840 f   sfc_debug:cv_sfinterface.obj
 0001:0006f8b0       cv_init_chart              00000001800708b0 f   sfc_debug:cv_sfinterface.obj
 0001:0006f900       cv_dec_update_call         0000000180070900 f   sfc_debug:cv_sfinterface.obj
 0001:0006f940       cv_cond_update_call        0000000180070940 f   sfc_debug:cv_sfinterface.obj
 0001:0006f980       cv_testobjective_update_call 0000000180070980 f   sfc_debug:cv_sfinterface.obj
 0001:0006f9c0       cv_sigrange_update         00000001800709c0 f   sfc_debug:cv_sfinterface.obj
 0001:0006fa00       cvsf_eml_eval              0000000180070a00 f   sfc_debug:cv_sfinterface.obj
 0001:0006faf0       cvsf_eml_init_script       0000000180070af0 f   sfc_debug:cv_sfinterface.obj
 0001:0006fb80       cvsf_eml_init_fcn          0000000180070b80 f   sfc_debug:cv_sfinterface.obj
 0001:0006fbe0       cvsf_eml_init_testobjective 0000000180070be0 f   sfc_debug:cv_sfinterface.obj
 0001:0006fc40       cvsf_eml_init_saturation   0000000180070c40 f   sfc_debug:cv_sfinterface.obj
 0001:0006fc90       cvsf_eml_init_if           0000000180070c90 f   sfc_debug:cv_sfinterface.obj
 0001:0006fcf0       cvsf_eml_init_for          0000000180070cf0 f   sfc_debug:cv_sfinterface.obj
 0001:0006fd40       cvsf_eml_init_while        0000000180070d40 f   sfc_debug:cv_sfinterface.obj
 0001:0006fd90       cvsf_eml_init_mcdc         0000000180070d90 f   sfc_debug:cv_sfinterface.obj
 0001:0006fe20       cvsf_eml_init_switch       0000000180070e20 f   sfc_debug:cv_sfinterface.obj
 0001:0006fe90       cvsf_script_eval           0000000180070e90 f   sfc_debug:cv_sfinterface.obj
 0001:0006ff80       cvsf_script_init_script    0000000180070f80 f   sfc_debug:cv_sfinterface.obj
 0001:00070010       cvsf_script_init_fcn       0000000180071010 f   sfc_debug:cv_sfinterface.obj
 0001:00070070       cvsf_script_init_testobjective 0000000180071070 f   sfc_debug:cv_sfinterface.obj
 0001:000700d0       cvsf_script_init_saturation 00000001800710d0 f   sfc_debug:cv_sfinterface.obj
 0001:00070120       cvsf_script_init_if        0000000180071120 f   sfc_debug:cv_sfinterface.obj
 0001:00070180       cvsf_script_init_for       0000000180071180 f   sfc_debug:cv_sfinterface.obj
 0001:000701d0       cvsf_script_init_while     00000001800711d0 f   sfc_debug:cv_sfinterface.obj
 0001:00070220       cvsf_script_init_mcdc      0000000180071220 f   sfc_debug:cv_sfinterface.obj
 0001:000702b0       cvsf_script_init_switch    00000001800712b0 f   sfc_debug:cv_sfinterface.obj
 0001:00070320       cv_destroy_interface       0000000180071320 f   sfc_debug:cv_sfinterface.obj
 0001:00070340       cv_create_instance_objects 0000000180071340 f   sfc_debug:cv_sfinterface.obj
 0001:000707f0       cv_is_enabled              00000001800717f0 f   sfc_debug:cv_sfinterface.obj
 0001:00070800       sf_debug_cv_initialize_script 0000000180071800 f   sfc_debug:cv_sfinterface.obj
 0001:000709b0       sf_debug_cv_initialize_instance 00000001800719b0 f   sfc_debug:cv_sfinterface.obj
 0001:00070d50       sf_debug_cv_terminate_chart 0000000180071d50 f   sfc_debug:cv_sfinterface.obj
 0001:00070e90       cv_call_trans_test         0000000180071e90 f   sfc_debug:cv_sfinterface.obj
 0001:00070ea0       cv_call_sub_cond_test      0000000180071ea0 f   sfc_debug:cv_sfinterface.obj
 0001:00070ee0       sf_debug_st_initialize_machine 0000000180071ee0 f   sfc_debug:sfdb_data_browse.obj
 0001:00070fa0       sf_debug_st_initialize_instance 0000000180071fa0 f   sfc_debug:sfdb_data_browse.obj
 0001:000711d0       sf_debug_st_terminate      00000001800721d0 f   sfc_debug:sfdb_data_browse.obj
 0001:00071570       sf_debug_st_set_data_value_ptr_in_machine 0000000180072570 f   sfc_debug:sfdb_data_browse.obj
 0001:00071600       sf_debug_st_set_data_value_ptr_in_instance 0000000180072600 f   sfc_debug:sfdb_data_browse.obj
 0001:000716e0       sf_debug_st_unset_data_value_ptr_in_machine 00000001800726e0 f   sfc_debug:sfdb_data_browse.obj
 0001:00071750       sf_debug_st_unset_data_value_ptr_in_instance 0000000180072750 f   sfc_debug:sfdb_data_browse.obj
 0001:00071a60       sf_debug_mx_value          0000000180072a60 f   sfc_debug:sfdb_data_browse.obj
 0001:00071ac0       sf_debug_mx_packed_vector  0000000180072ac0 f   sfc_debug:sfdb_data_browse.obj
 0001:00071ba0       sf_debug_mx_uint_vector    0000000180072ba0 f   sfc_debug:sfdb_data_browse.obj
 0001:00071c60       sf_debug_st_get_double_value_from_void_ptr_vector 0000000180072c60 f   sfc_debug:sfdb_data_browse.obj
 0001:00072750       sf_debug_st_browse_data    0000000180073750 f   sfc_debug:sfdb_data_browse.obj
 0001:00072fe0       sf_debug_hm_initialize_instance 0000000180073fe0 f   sfc_debug:sfdb_handle_management.obj
 0001:00073510       sf_debug_hm_get_object_id  0000000180074510 f   sfc_debug:sfdb_handle_management.obj
 0001:000740c0       sf_debug_hm_update_chart_visibility 00000001800750c0 f   sfc_debug:sfdb_handle_management.obj
 0001:000753a0       sf_debug_object_is_eml_function 00000001800763a0 f   sfc_debug:sfdb_handle_management.obj
 0001:00075410       sf_debug_hm_initialize_ids_in_machine 0000000180076410 f   sfc_debug:sfdb_handle_management.obj
 0001:00075580       sf_debug_hm_initialize_ids_in_chart 0000000180076580 f   sfc_debug:sfdb_handle_management.obj
 0001:00075680       sf_debug_hm_initialize_chart 0000000180076680 f   sfc_debug:sfdb_handle_management.obj
 0001:00075e20       sf_debug_hm_terminate      0000000180076e20 f   sfc_debug:sfdb_handle_management.obj
 0001:00075e80       sf_debug_hm_initialize_machine 0000000180076e80 f   sfc_debug:sfdb_handle_management.obj
 0001:00076630       sf_debug_ss_initialize     0000000180077630 f   sfc_debug:sfdb_symbol_scope.obj
 0001:00076650       sf_debug_ss_terminate      0000000180077650 f   sfc_debug:sfdb_symbol_scope.obj
 0001:000766e0       sf_debug_ss_push_symbol_scope 00000001800776e0 f   sfc_debug:sfdb_symbol_scope.obj
 0001:000767e0       sf_debug_ss_push_symbol_scope_eml 00000001800777e0 f   sfc_debug:sfdb_symbol_scope.obj
 0001:00076840       sf_debug_ss_pop_symbol_scope 0000000180077840 f   sfc_debug:sfdb_symbol_scope.obj
 0001:000768f0       sf_debug_ss_add_symbol     00000001800778f0 f   sfc_debug:sfdb_symbol_scope.obj
 0001:00076a50       sf_debug_ss_add_symbol_eml 0000000180077a50 f   sfc_debug:sfdb_symbol_scope.obj
 0001:00077770       sf_debug_ss_set_data_value 0000000180078770 f   sfc_debug:sfdb_symbol_scope.obj
 0001:00077c40       getInstanceNumber          0000000180078c40 f   sfc_debug:sfdb_symbol_scope.obj
 0001:00077d10       sf_debug_ss_watch_data     0000000180078d10 f   sfc_debug:sfdb_symbol_scope.obj
 0001:00077eb0       sf_debug_ss_assign_data    0000000180078eb0 f   sfc_debug:sfdb_symbol_scope.obj
 0001:000788d0       get_data_entry_name        00000001800798d0 f   sfc_debug:sfdb_symbol_scope.obj
 0001:00078920       sf_debug_ss_whos           0000000180079920 f   sfc_debug:sfdb_symbol_scope.obj
 0001:00079040       sf_debug_cc_initialize_chart 000000018007a040 f   sfc_debug:sfdb_coverage.obj
 0001:00079a30       sf_debug_cc_initialize_instance 000000018007aa30 f   sfc_debug:sfdb_coverage.obj
 0001:0007a840       sf_debug_cc_terminate      000000018007b840 f   sfc_debug:sfdb_coverage.obj
 0001:0007a930       sf_debug_cc_set_transition_maps 000000018007b930 f   sfc_debug:sfdb_coverage.obj
 0001:0007aa60       sf_debug_cc_set_state_maps 000000018007ba60 f   sfc_debug:sfdb_coverage.obj
 0001:0007ab40       sf_debug_cc_set_transition_weights 000000018007bb40 f   sfc_debug:sfdb_coverage.obj
 0001:0007ae10       sf_debug_cc_set_state_weights 000000018007be10 f   sfc_debug:sfdb_coverage.obj
 0001:0007b0e0       sf_debug_cc_mark_transition_guard 000000018007c0e0 f   sfc_debug:sfdb_coverage.obj
 0001:0007b170       sf_debug_cc_mark_transition_trigger 000000018007c170 f   sfc_debug:sfdb_coverage.obj
 0001:0007b200       sf_debug_cc_mark_transition_decision 000000018007c200 f   sfc_debug:sfdb_coverage.obj
 0001:0007b270       sf_debug_cc_mark_transition_condition_action 000000018007c270 f   sfc_debug:sfdb_coverage.obj
 0001:0007b2c0       sf_debug_cc_mark_transition_transition_action 000000018007c2c0 f   sfc_debug:sfdb_coverage.obj
 0001:0007b310       sf_debug_cc_mark_state_entry 000000018007c310 f   sfc_debug:sfdb_coverage.obj
 0001:0007b360       sf_debug_cc_mark_state_during 000000018007c360 f   sfc_debug:sfdb_coverage.obj
 0001:0007b3b0       sf_debug_cc_mark_state_exit 000000018007c3b0 f   sfc_debug:sfdb_coverage.obj
 0001:0007b400       sf_debug_bm_clear_script_breakpoints 000000018007c400 f   sfc_debug:sfdb_breakpoints.obj
 0001:0007b430       sf_debug_bm_set_script_breakpoint 000000018007c430 f   sfc_debug:sfdb_breakpoints.obj
 0001:0007b4b0       sf_debug_bm_clear_single_script_breakpoint 000000018007c4b0 f   sfc_debug:sfdb_breakpoints.obj
 0001:0007b530       sf_debug_bm_query_script_breakpoint 000000018007c530 f   sfc_debug:sfdb_breakpoints.obj
 0001:0007b580       sf_debug_bm_initialize_scripts 000000018007c580 f   sfc_debug:sfdb_breakpoints.obj
 0001:0007bca0       sf_debug_bm_terminate      000000018007cca0 f   sfc_debug:sfdb_breakpoints.obj
 0001:0007bf90       sf_debug_bm_remove_all_breakpoints_in_machine 000000018007cf90 f   sfc_debug:sfdb_breakpoints.obj
 0001:0007c000       sf_debug_bm_remove_all_breakpoints_in_chart 000000018007d000 f   sfc_debug:sfdb_breakpoints.obj
 0001:0007c150       sf_debug_bm_initialize_global_breakpoints 000000018007d150 f   sfc_debug:sfdb_breakpoints.obj
 0001:0007c2d0       sf_debug_bm_set_breakpoint 000000018007d2d0 f   sfc_debug:sfdb_breakpoints.obj
 0001:0007c8d0       sf_debug_bm_set_eml_breakpoint 000000018007d8d0 f   sfc_debug:sfdb_breakpoints.obj
 0001:0007c970       sf_debug_bm_initialize_machine_breakpoint_map 000000018007d970 f   sfc_debug:sfdb_breakpoints.obj
 0001:0007cd90       sf_debug_bm_is_a_breakpoint 000000018007dd90 f   sfc_debug:sfdb_breakpoints.obj
 0001:0007d370       sf_debug_bm_get_all_breakpoints_in_machine 000000018007e370 f   sfc_debug:sfdb_breakpoints.obj
 0001:0007d670       sf_debug_bm_get_all_breakpoints_in_chart 000000018007e670 f   sfc_debug:sfdb_breakpoints.obj
 0001:0007e330       sf_debug_bm_initialize_machine 000000018007f330 f   sfc_debug:sfdb_breakpoints.obj
 0001:0007e400       sf_debug_bm_initialize_chart 000000018007f400 f   sfc_debug:sfdb_breakpoints.obj
 0001:0007e820       sf_debug_sc_terminate      000000018007f820 f   sfc_debug:sfdb_state_consistency.obj
 0001:0007eb50       sf_debug_sc_is_chart_consistent 000000018007fb50 f   sfc_debug:sfdb_state_consistency.obj
 0001:0007ee00       sf_debug_sc_get_consistency_error_info 000000018007fe00 f   sfc_debug:sfdb_state_consistency.obj
 0001:0007f250       sf_debug_tm_terminate      0000000180080250 f   sfc_debug:sfdb_call_stack.obj
 0001:0007f310       sf_debug_tm_push_chart_instance 0000000180080310 f   sfc_debug:sfdb_call_stack.obj
 0001:0007f460       sf_debug_tm_pop_chart_instance 0000000180080460 f   sfc_debug:sfdb_call_stack.obj
 0001:0007f4c0       sf_debug_tm_push_trace_node 00000001800804c0 f   sfc_debug:sfdb_call_stack.obj
 0001:0007f650       sf_debug_tm_pop_trace_node 0000000180080650 f   sfc_debug:sfdb_call_stack.obj
 0001:0007f6d0       sf_debug_tm_get_current_global_trace_index 00000001800806d0 f   sfc_debug:sfdb_call_stack.obj
 0001:0007f6e0       sf_debug_tm_get_current_local_trace_index 00000001800806e0 f   sfc_debug:sfdb_call_stack.obj
 0001:0007f710       sf_debug_tm_set_cycle_detected_flag 0000000180080710 f   sfc_debug:sfdb_call_stack.obj
 0001:0007f750       sf_debug_tm_set_cycle_started_flag 0000000180080750 f   sfc_debug:sfdb_call_stack.obj
 0001:0007f790       sf_debug_tm_get_chart_number_from_stack 0000000180080790 f   sfc_debug:sfdb_call_stack.obj
 0001:0007f990       sf_debug_tm_browse_trace   0000000180080990 f   sfc_debug:sfdb_call_stack.obj
 0001:0007fcd0       sf_debug_cd_initialize_instance 0000000180080cd0 f   sfc_debug:sfdb_cycle_detection.obj
 0001:0007ff80       sf_debug_cd_mark_processed_transition_in_instance 0000000180080f80 f   sfc_debug:sfdb_cycle_detection.obj
 0001:00080020       sf_debug_cd_checksum_push  0000000180081020 f   sfc_debug:sfdb_cycle_detection.obj
 0001:000802e0       sf_debug_cd_checksum_pop   00000001800812e0 f   sfc_debug:sfdb_cycle_detection.obj
 0001:00080350       sf_debug_cd_turn_off_cycle_detection 0000000180081350 f   sfc_debug:sfdb_cycle_detection.obj
 0001:000803a0       sf_debug_cd_terminate      00000001800813a0 f   sfc_debug:sfdb_cycle_detection.obj
 0001:000805e0       md5_initialize_state       00000001800815e0 f   sfc_debug:ckmd5.obj
 0001:00081050       md5_update_state           0000000180082050 f   sfc_debug:ckmd5.obj
 0001:00081070       md5_get_hash               0000000180082070 f   sfc_debug:ckmd5.obj
 0001:000810a0       md5_get_hash_for_a_single_string 00000001800820a0 f   sfc_debug:ckmd5.obj
 0001:00081104       mxGetPr                    0000000180082104 f   libmx:libmx.dll
 0001:0008110a       mxCreateDoubleScalar       000000018008210a f   libmx:libmx.dll
 0001:00081110       mxCreateDoubleMatrix_730   0000000180082110 f   libmx:libmx.dll
 0001:00081116       mxSetField_730             0000000180082116 f   libmx:libmx.dll
 0001:0008111c       mxCreateString             000000018008211c f   libmx:libmx.dll
 0001:00081122       mxCreateStructMatrix_730   0000000180082122 f   libmx:libmx.dll
 0001:00081128       mxDestroyArray             0000000180082128 f   libmx:libmx.dll
 0001:0008112e       mxDuplicateArray           000000018008212e f   libmx:libmx.dll
 0001:00081134       mxIsEmpty                  0000000180082134 f   libmx:libmx.dll
 0001:0008113a       mxGetString_730            000000018008213a f   libmx:libmx.dll
 0001:00081140       mxIsChar                   0000000180082140 f   libmx:libmx.dll
 0001:00081146       mxGetClassID               0000000180082146 f   libmx:libmx.dll
 0001:0008114c       mxIsNumeric                000000018008214c f   libmx:libmx.dll
 0001:00081152       mxIsComplex                0000000180082152 f   libmx:libmx.dll
 0001:00081158       mxGetN                     0000000180082158 f   libmx:libmx.dll
 0001:0008115e       mxGetM                     000000018008215e f   libmx:libmx.dll
 0001:00081164       mxCalloc                   0000000180082164 f   libmx:libmx.dll
 0001:0008116a       mxGetScalar                000000018008216a f   libmx:libmx.dll
 0001:00081170       mxIsLogical                0000000180082170 f   libmx:libmx.dll
 0001:00081176       mxCreateDoubleMatrix_700   0000000180082176 f   libmx:libmx.dll
 0001:0008117c       mxFree                     000000018008217c f   libmx:libmx.dll
 0001:00081182       mxArrayToString            0000000180082182 f   libmx:libmx.dll
 0001:00081188       mxCreateCellMatrix_700     0000000180082188 f   libmx:libmx.dll
 0001:0008118e       mxSetCell_700              000000018008218e f   libmx:libmx.dll
 0001:00081194       mxGetCell_700              0000000180082194 f   libmx:libmx.dll
 0001:0008119a       mxGetClassName             000000018008219a f   libmx:libmx.dll
 0001:000811a0       mxSetField_700             00000001800821a0 f   libmx:libmx.dll
 0001:000811a6       mxAddField                 00000001800821a6 f   libmx:libmx.dll
 0001:000811ac       mxGetField_700             00000001800821ac f   libmx:libmx.dll
 0001:000811b2       mxGetNumberOfElements      00000001800821b2 f   libmx:libmx.dll
 0001:000811b8       mxIsStruct                 00000001800821b8 f   libmx:libmx.dll
 0001:000811be       mxIsA                      00000001800821be f   libmx:libmx.dll
 0001:000811c4       mxIsClass                  00000001800821c4 f   libmx:libmx.dll
 0001:000811ca       mxGetLogicals              00000001800821ca f   libmx:libmx.dll
 0001:000811d0       mxIsSparse                 00000001800821d0 f   libmx:libmx.dll
 0001:000811d6       mxSetFieldByNumber_700     00000001800821d6 f   libmx:libmx.dll
 0001:000811dc       mxGetFieldByNumber_700     00000001800821dc f   libmx:libmx.dll
 0001:000811e2       mxGetFieldNameByNumber     00000001800821e2 f   libmx:libmx.dll
 0001:000811e8       mxGetNumberOfFields        00000001800821e8 f   libmx:libmx.dll
 0001:000811ee       mxCreateStructMatrix_700   00000001800821ee f   libmx:libmx.dll
 0001:000811f4       mxGetFieldNumber           00000001800821f4 f   libmx:libmx.dll
 0001:000811fa       mxIsNaN                    00000001800821fa f   libmx:libmx.dll
 0001:00081200       mxGetData                  0000000180082200 f   libmx:libmx.dll
 0001:00081206       mxGetImagData              0000000180082206 f   libmx:libmx.dll
 0001:0008120c       mxArrayClassIDName         000000018008220c f   libmx:libmx.dll
 0001:00081212       mxCreateNumericMatrix_700  0000000180082212 f   libmx:libmx.dll
 0001:00081218       mxCreateStructArray_700    0000000180082218 f   libmx:libmx.dll
 0001:0008121e       mxCalcSingleSubscript_700  000000018008221e f   libmx:libmx.dll
 0001:00081224       mxGetDimensions_700        0000000180082224 f   libmx:libmx.dll
 0001:0008122a       mxGetNumberOfDimensions_700 000000018008222a f   libmx:libmx.dll
 0001:00081230       mxCreateNumericArray_700   0000000180082230 f   libmx:libmx.dll
 0001:00081236       mxGetElementSize           0000000180082236 f   libmx:libmx.dll
 0001:0008123c       mxCreateStringFromNChars_700 000000018008223c f   libmx:libmx.dll
 0001:00081242       mxGetString_700            0000000180082242 f   libmx:libmx.dll
 0001:00081248       mxIsLogicalScalarTrue      0000000180082248 f   libmx:libmx.dll
 0001:0008124e       mxCreateLogicalScalar      000000018008224e f   libmx:libmx.dll
 0001:00081254       mexUnlock                  0000000180082254 f   libmex:libmex.dll
 0001:0008125a       mexIsLocked                000000018008225a f   libmex:libmex.dll
 0001:00081260       mexWarnMsgTxt              0000000180082260 f   libmex:libmex.dll
 0001:00081266       mexCallMATLAB              0000000180082266 f   libmex:libmex.dll
 0001:0008126c       mexErrMsgTxt               000000018008226c f   libmex:libmex.dll
 0001:00081272       mexMakeArrayPersistent     0000000180082272 f   libmex:libmex.dll
 0001:00081278       mexSetTrapFlag             0000000180082278 f   libmex:libmex.dll
 0001:0008127e       mexPutVariable             000000018008227e f   libmex:libmex.dll
 0001:00081284       mexGetVariable             0000000180082284 f   libmex:libmex.dll
 0001:0008128a       mexLock                    000000018008228a f   libmex:libmex.dll
 0001:00081290       mexMakeMemoryPersistent    0000000180082290 f   libmex:libmex.dll
 0001:00081296       mexFunctionName            0000000180082296 f   libmex:libmex.dll
 0001:0008129c       ssRegisterDataTypeFxpFSlopeFixExpBias 000000018008229c f   libfixedpoint:libfixedpoint.dll
 0001:000812a2       utVSNprintf                00000001800822a2 f   libut:libut.dll
 0001:000812a8       utCPUtime                  00000001800822a8 f   libut:libut.dll
 0001:000812ae       utFree                     00000001800822ae f   libut:libut.dll
 0001:000812b4       utMalloc                   00000001800822b4 f   libut:libut.dll
 0001:000812ba       muDoubleScalarAbs          00000001800822ba f   libmwmathutil:libmwmathutil.dll
 0001:000812c0       muDoubleScalarRound        00000001800822c0 f   libmwmathutil:libmwmathutil.dll
 0001:000812c6       muDoubleScalarFloor        00000001800822c6 f   libmwmathutil:libmwmathutil.dll
 0001:000812cc       muDoubleScalarPower        00000001800822cc f   libmwmathutil:libmwmathutil.dll
 0001:000812d2       emlrtCreateRootTLS         00000001800822d2 f   libemlrt:libemlrt.dll
 0001:000812d8       emlrtDestroyRootTLS        00000001800822d8 f   libemlrt:libemlrt.dll
 0001:000812de       emlrtCheckBuiltInR2012b    00000001800822de f   libemlrt:libemlrt.dll
 0001:000812e4       emlrtCheckVsBuiltInR2012b  00000001800822e4 f   libemlrt:libemlrt.dll
 0001:000812ea       emlrtCheckEnumR2012b       00000001800822ea f   libemlrt:libemlrt.dll
 0001:000812f0       emlrtCreateEnumR2012b      00000001800822f0 f   libemlrt:libemlrt.dll
 0001:000812f6       emlrtGetEnumElementR2009a  00000001800822f6 f   libemlrt:libemlrt.dll
 0001:000812fc       emlrtCreateReference       00000001800822fc f   libemlrt:libemlrt.dll
 0001:00081302       emlrtImportVsFiArrayR2009b 0000000180082302 f   libemlrt:libemlrt.dll
 0001:00081308       emlrtNameCapturePostProcessR2012a 0000000180082308 f   libemlrt:libemlrt.dll
 0001:0008130e       emlrtExtractMessageId      000000018008230e f   libemlrt:libemlrt.dll
 0001:00081314       emlrtTranslateMessageIDtoLCPstring 0000000180082314 f   libemlrt:libemlrt.dll
 0001:0008131a       emlrtForLoopVectorIsValidR2011b 000000018008231a f   libemlrt:libemlrt.dll
 0001:00081320       emlrtTranslateUTF16MessagetoLCPstring 0000000180082320 f   libemlrt:libemlrt.dll
 0001:00081326       emlrtGetEnumUnderlyingArrayR2009a 0000000180082326 f   libemlrt:libemlrt.dll
 0001:0008132c       emlrtIsEnumR2009a          000000018008232c f   libemlrt:libemlrt.dll
 0001:00081334       __GSHandlerCheckCommon     0000000180082334 f   MSVCRT:gshandler.obj
 0001:00081398       __GSHandlerCheck           0000000180082398 f   MSVCRT:gshandler.obj
 0001:000813b6       strlen                     00000001800823b6 f   MSVCRT:MSVCR100.dll
 0001:000813d0       __security_check_cookie    00000001800823d0 f   MSVCRT:amdsecgs.obj
 0001:000813f0       memset                     00000001800823f0 f   MSVCRT:MSVCR100.dll
 0001:000813f6       malloc                     00000001800823f6 f   MSVCRT:MSVCR100.dll
 0001:00081410       __chkstk                   0000000180082410 f   MSVCRT:chkstk.obj
 0001:00081410       _alloca_probe              0000000180082410     MSVCRT:chkstk.obj
 0001:0008145e       free                       000000018008245e f   MSVCRT:MSVCR100.dll
 0001:00081464       strcmp                     0000000180082464 f   MSVCRT:MSVCR100.dll
 0001:0008146a       sprintf                    000000018008246a f   MSVCRT:MSVCR100.dll
 0001:00081470       strcat                     0000000180082470 f   MSVCRT:MSVCR100.dll
 0001:00081476       memcpy                     0000000180082476 f   MSVCRT:MSVCR100.dll
 0001:0008147c       NtCurrentTeb               000000018008247c f i MSVCRT:crtdll.obj
 0001:000814e8       _CRT_INIT                  00000001800824e8 f   MSVCRT:crtdll.obj
 0001:00081880       _DllMainCRTStartup         0000000180082880 f   MSVCRT:crtdll.obj
 0001:000818be       strncpy                    00000001800828be f   MSVCRT:MSVCR100.dll
 0001:000818c4       longjmp                    00000001800828c4 f   MSVCRT:MSVCR100.dll
 0001:000818ca       strncmp                    00000001800828ca f   MSVCRT:MSVCR100.dll
 0001:000818d0       ceil                       00000001800828d0 f   MSVCRT:MSVCR100.dll
 0001:000818d6       strrchr                    00000001800828d6 f   MSVCRT:MSVCR100.dll
 0001:000818dc       _setjmp                    00000001800828dc f   MSVCRT:MSVCR100.dll
 0001:000818e2       calloc                     00000001800828e2 f   MSVCRT:MSVCR100.dll
 0001:000818e8       realloc                    00000001800828e8 f   MSVCRT:MSVCR100.dll
 0001:000818ee       ldexp                      00000001800828ee f   MSVCRT:MSVCR100.dll
 0001:000818f4       __report_gsfailure         00000001800828f4 f   MSVCRT:gs_report.obj
 0001:00081a40       __clean_type_info_names    0000000180082a40 f   MSVCRT:tncleanup.obj
 0001:00081a4c       _onexit                    0000000180082a4c f   MSVCRT:atonexit.obj
 0001:00081afc       atexit                     0000000180082afc f   MSVCRT:atonexit.obj
 0001:00081b14       _RTC_Initialize            0000000180082b14 f   MSVCRT:_initsect_.obj
 0001:00081b4c       _RTC_Terminate             0000000180082b4c f   MSVCRT:_initsect_.obj
 0001:00081b84       _malloc_crt                0000000180082b84 f   MSVCRT:MSVCR100.dll
 0001:00081b90       _ValidateImageBase         0000000180082b90 f   MSVCRT:pesect.obj
 0001:00081bc0       _FindPESection             0000000180082bc0 f   MSVCRT:pesect.obj
 0001:00081c10       _IsNonwritableInCurrentImage 0000000180082c10 f   MSVCRT:pesect.obj
 0001:00081c52       _initterm                  0000000180082c52 f   MSVCRT:MSVCR100.dll
 0001:00081c58       _initterm_e                0000000180082c58 f   MSVCRT:MSVCR100.dll
 0001:00081c5e       _encoded_null              0000000180082c5e f   MSVCRT:MSVCR100.dll
 0001:00081c64       _amsg_exit                 0000000180082c64 f   MSVCRT:MSVCR100.dll
 0001:00081c6a       __C_specific_handler       0000000180082c6a f   MSVCRT:MSVCR100.dll
 0001:00081c70       __CppXcptFilter            0000000180082c70 f   MSVCRT:MSVCR100.dll
 0001:00081c78       DllMain                    0000000180082c78 f   MSVCRT:dllmain.obj
 0001:00081c9c       __security_init_cookie     0000000180082c9c f   MSVCRT:gs_support.obj
 0001:00081d50       __crt_debugger_hook        0000000180082d50 f   MSVCRT:MSVCR100.dll
 0001:00081d56       __clean_type_info_names_internal 0000000180082d56 f   MSVCRT:MSVCR100.dll
 0001:00081d5c       _unlock                    0000000180082d5c f   MSVCRT:MSVCR100.dll
 0001:00081d62       __dllonexit                0000000180082d62 f   MSVCRT:MSVCR100.dll
 0001:00081d68       _lock                      0000000180082d68 f   MSVCRT:MSVCR100.dll
 0001:00081d6e       EncodePointer              0000000180082d6e f   kernel32:KERNEL32.dll
 0001:00081d74       DecodePointer              0000000180082d74 f   kernel32:KERNEL32.dll
 0001:00081d7a       Sleep                      0000000180082d7a f   kernel32:KERNEL32.dll
 0001:00081d80       TerminateProcess           0000000180082d80 f   kernel32:KERNEL32.dll
 0001:00081d86       GetCurrentProcess          0000000180082d86 f   kernel32:KERNEL32.dll
 0001:00081d8c       UnhandledExceptionFilter   0000000180082d8c f   kernel32:KERNEL32.dll
 0001:00081d92       SetUnhandledExceptionFilter 0000000180082d92 f   kernel32:KERNEL32.dll
 0001:00081d98       IsDebuggerPresent          0000000180082d98 f   kernel32:KERNEL32.dll
 0001:00081d9e       RtlVirtualUnwind           0000000180082d9e f   kernel32:KERNEL32.dll
 0001:00081da4       RtlLookupFunctionEntry     0000000180082da4 f   kernel32:KERNEL32.dll
 0001:00081daa       RtlCaptureContext          0000000180082daa f   kernel32:KERNEL32.dll
 0001:00081db0       DisableThreadLibraryCalls  0000000180082db0 f   kernel32:KERNEL32.dll
 0001:00081db6       QueryPerformanceCounter    0000000180082db6 f   kernel32:KERNEL32.dll
 0001:00081dbc       GetTickCount               0000000180082dbc f   kernel32:KERNEL32.dll
 0001:00081dc2       GetCurrentThreadId         0000000180082dc2 f   kernel32:KERNEL32.dll
 0001:00081dc8       GetCurrentProcessId        0000000180082dc8 f   kernel32:KERNEL32.dll
 0001:00081dce       GetSystemTimeAsFileTime    0000000180082dce f   kernel32:KERNEL32.dll
 0002:00000000       __imp_DisableThreadLibraryCalls 0000000180083000     kernel32:KERNEL32.dll
 0002:00000008       __imp_RtlCaptureContext    0000000180083008     kernel32:KERNEL32.dll
 0002:00000010       __imp_RtlLookupFunctionEntry 0000000180083010     kernel32:KERNEL32.dll
 0002:00000018       __imp_RtlVirtualUnwind     0000000180083018     kernel32:KERNEL32.dll
 0002:00000020       __imp_IsDebuggerPresent    0000000180083020     kernel32:KERNEL32.dll
 0002:00000028       __imp_SetUnhandledExceptionFilter 0000000180083028     kernel32:KERNEL32.dll
 0002:00000030       __imp_UnhandledExceptionFilter 0000000180083030     kernel32:KERNEL32.dll
 0002:00000038       __imp_GetCurrentProcess    0000000180083038     kernel32:KERNEL32.dll
 0002:00000040       __imp_TerminateProcess     0000000180083040     kernel32:KERNEL32.dll
 0002:00000048       __imp_Sleep                0000000180083048     kernel32:KERNEL32.dll
 0002:00000050       __imp_DecodePointer        0000000180083050     kernel32:KERNEL32.dll
 0002:00000058       __imp_EncodePointer        0000000180083058     kernel32:KERNEL32.dll
 0002:00000060       __imp_GetTickCount         0000000180083060     kernel32:KERNEL32.dll
 0002:00000068       __imp_GetCurrentThreadId   0000000180083068     kernel32:KERNEL32.dll
 0002:00000070       __imp_GetCurrentProcessId  0000000180083070     kernel32:KERNEL32.dll
 0002:00000078       __imp_GetSystemTimeAsFileTime 0000000180083078     kernel32:KERNEL32.dll
 0002:00000080       __imp_QueryPerformanceCounter 0000000180083080     kernel32:KERNEL32.dll
 0002:00000088       \177KERNEL32_NULL_THUNK_DATA 0000000180083088     kernel32:KERNEL32.dll
 0002:00000090       __imp_realloc              0000000180083090     MSVCRT:MSVCR100.dll
 0002:00000098       __imp__onexit              0000000180083098     MSVCRT:MSVCR100.dll
 0002:000000a0       __imp__lock                00000001800830a0     MSVCRT:MSVCR100.dll
 0002:000000a8       __imp___dllonexit          00000001800830a8     MSVCRT:MSVCR100.dll
 0002:000000b0       __imp__unlock              00000001800830b0     MSVCRT:MSVCR100.dll
 0002:000000b8       __imp___clean_type_info_names_internal 00000001800830b8     MSVCRT:MSVCR100.dll
 0002:000000c0       __imp___crt_debugger_hook  00000001800830c0     MSVCRT:MSVCR100.dll
 0002:000000c8       __imp___CppXcptFilter      00000001800830c8     MSVCRT:MSVCR100.dll
 0002:000000d0       __imp___C_specific_handler 00000001800830d0     MSVCRT:MSVCR100.dll
 0002:000000d8       __imp__amsg_exit           00000001800830d8     MSVCRT:MSVCR100.dll
 0002:000000e0       __imp__encoded_null        00000001800830e0     MSVCRT:MSVCR100.dll
 0002:000000e8       __imp__initterm_e          00000001800830e8     MSVCRT:MSVCR100.dll
 0002:000000f0       __imp__initterm            00000001800830f0     MSVCRT:MSVCR100.dll
 0002:000000f8       __imp__malloc_crt          00000001800830f8     MSVCRT:MSVCR100.dll
 0002:00000100       __imp_ldexp                0000000180083100     MSVCRT:MSVCR100.dll
 0002:00000108       __imp_strlen               0000000180083108     MSVCRT:MSVCR100.dll
 0002:00000110       __imp_calloc               0000000180083110     MSVCRT:MSVCR100.dll
 0002:00000118       __imp__setjmp              0000000180083118     MSVCRT:MSVCR100.dll
 0002:00000120       __imp_strrchr              0000000180083120     MSVCRT:MSVCR100.dll
 0002:00000128       __imp_ceil                 0000000180083128     MSVCRT:MSVCR100.dll
 0002:00000130       __imp_strncmp              0000000180083130     MSVCRT:MSVCR100.dll
 0002:00000138       __imp_longjmp              0000000180083138     MSVCRT:MSVCR100.dll
 0002:00000140       __imp_strncpy              0000000180083140     MSVCRT:MSVCR100.dll
 0002:00000148       __imp_memcpy               0000000180083148     MSVCRT:MSVCR100.dll
 0002:00000150       __imp_strcat               0000000180083150     MSVCRT:MSVCR100.dll
 0002:00000158       __imp_sprintf              0000000180083158     MSVCRT:MSVCR100.dll
 0002:00000160       __imp_strcmp               0000000180083160     MSVCRT:MSVCR100.dll
 0002:00000168       __imp_free                 0000000180083168     MSVCRT:MSVCR100.dll
 0002:00000170       __imp_malloc               0000000180083170     MSVCRT:MSVCR100.dll
 0002:00000178       __imp_memset               0000000180083178     MSVCRT:MSVCR100.dll
 0002:00000180       \177MSVCR100_NULL_THUNK_DATA 0000000180083180     MSVCRT:MSVCR100.dll
 0002:00000188       __imp_emlrtGetEnumUnderlyingArrayR2009a 0000000180083188     libemlrt:libemlrt.dll
 0002:00000190       __imp_emlrtIsEnumR2009a    0000000180083190     libemlrt:libemlrt.dll
 0002:00000198       __imp_emlrtCheckVsBuiltInR2012b 0000000180083198     libemlrt:libemlrt.dll
 0002:000001a0       __imp_emlrtTranslateUTF16MessagetoLCPstring 00000001800831a0     libemlrt:libemlrt.dll
 0002:000001a8       __imp_emlrtForLoopVectorIsValidR2011b 00000001800831a8     libemlrt:libemlrt.dll
 0002:000001b0       __imp_emlrtTranslateMessageIDtoLCPstring 00000001800831b0     libemlrt:libemlrt.dll
 0002:000001b8       __imp_emlrtExtractMessageId 00000001800831b8     libemlrt:libemlrt.dll
 0002:000001c0       __imp_emlrtCheckBuiltInR2012b 00000001800831c0     libemlrt:libemlrt.dll
 0002:000001c8       __imp_emlrtDestroyRootTLS  00000001800831c8     libemlrt:libemlrt.dll
[...]
 0001:000574a0       sf_mex_check_fimath        00000001800584a0 f   sfc_mex:sfc_mex.obj
 0001:00058050       size_mismatch_error        0000000180059050 f   sfc_mex:sfc_mex.obj
 0001:00058af0       check_array_dimensions     0000000180059af0 f   sfc_mex:sfc_mex.obj
 0001:00058b60       check_input_mxarray        0000000180059b60 f   sfc_mex:sfc_mex.obj
 0001:000592a0       sf_numeric_value_to_double 000000018005a2a0 f   sfc_mex:sfc_mex.obj
 0001:000592f0       ml_generic_out_of_bounds_check 000000018005a2f0 f   sfc_mex:sfc_mex.obj
 0001:000594c0       ml_get_element_value_from_array 000000018005a4c0 f   sfc_mex:sfc_mex.obj
 0001:00059860       _ml_generic_castability_check 000000018005a860 f   sfc_mex:sfc_mex.obj
 0001:0005a5c0       ml_generic_castability_check 000000018005b5c0 f   sfc_mex:sfc_mex.obj
 0001:0005a660       ml_check_mx_array_for_single_castability 000000018005b660 f   sfc_mex:sfc_mex.obj
 0001:0005a700       ml_check_mx_array_for_logical_castability 000000018005b700 f   sfc_mex:sfc_mex.obj
 0001:0005a7a0       ml_check_mx_array_for_int8_castability 000000018005b7a0 f   sfc_mex:sfc_mex.obj
 0001:0005a850       ml_check_mx_array_for_uint8_castability 000000018005b850 f   sfc_mex:sfc_mex.obj
 0001:0005a8b0       ml_check_mx_array_for_int16_castability 000000018005b8b0 f   sfc_mex:sfc_mex.obj
 0001:0005a910       ml_check_mx_array_for_uint16_castability 000000018005b910 f   sfc_mex:sfc_mex.obj
 0001:0005a970       ml_check_mx_array_for_int32_castability 000000018005b970 f   sfc_mex:sfc_mex.obj
 0001:0005a9d0       ml_check_mx_array_for_uint32_castability 000000018005b9d0 f   sfc_mex:sfc_mex.obj
 0001:0005aa30       ml_check_mx_array_for_castability 000000018005ba30 f   sfc_mex:sfc_mex.obj
 0001:0005b360       set_data_value             000000018005c360 f   sfc_mex:sfc_mex.obj
 0001:0005b6d0       get_data_value             000000018005c6d0 f   sfc_mex:sfc_mex.obj
 0001:0005b7e0       get_next_element_address   000000018005c7e0 f   sfc_mex:sfc_mex.obj
 0001:0005b8b0       sf_normalize_index         000000018005c8b0 f   sfc_mex:sfc_mex.obj
 0001:0005bc40       ml_array_index_bound_check 000000018005cc40 f   sfc_mex:sfc_mex.obj
 0001:0005c760       mx_value                   000000018005d760 f   sfc_mex:sfc_mex.obj
 0001:0005c7b0       sf_create_numeric_array    000000018005d7b0 f   sfc_mex:sfc_mex.obj
 0001:0005c850       sf_mex_assign_to_mx_array  000000018005d850 f   sfc_mex:sfc_mex.obj
 0001:0005cba0       assign_from_mx_array       000000018005dba0 f   sfc_mex:sfc_mex.obj
 0001:0005d3d0       sf_mex_import_v            000000018005e3d0 f   sfc_mex:sfc_mex.obj
 0001:0005dad0       get_machine_and_chart_file_number 000000018005ead0 f   sfc_mex:sfc_sf.obj
 0001:0005dbc0       get_sfun_block_specialization 000000018005ebc0 f   sfc_mex:sfc_sf.obj
 0001:0005dc70       call_sf_machine_global_method_dispatcher 000000018005ec70 f   sfc_mex:sfc_sf.obj
 0001:0005dec0       mdl_zeroCrossings_processing 000000018005eec0 f   sfc_mex:sfc_sf.obj
 0001:0005df90       mdl_derivatives_processing 000000018005ef90 f   sfc_mex:sfc_sf.obj
 0001:0005e250       mdl_outputs_continuous_legacy 000000018005f250 f   sfc_mex:sfc_sf.obj
 0001:0005e2d0       mdl_outputs_processing     000000018005f2d0 f   sfc_mex:sfc_sf.obj
 0001:0005e540       mdl_enable_processing      000000018005f540 f   sfc_mex:sfc_sf.obj
 0001:0005e610       mdl_disable_processing     000000018005f610 f   sfc_mex:sfc_sf.obj
 0001:0005f380       sf_call_output_fcn_enable_disable 0000000180060380 f   sfc_mex:sfc_sf.obj
 0001:0005f600       set_dwork_information_from_mx_array 0000000180060600 f   sfc_mex:sfc_sf.obj
 0001:0005fec0       ptr2mxStruct               0000000180060ec0 f   sfc_mex:sfc_sf.obj
 0001:000601d0       SNPRINTF_WRAPPER           00000001800611d0 f   sfc_debug:sfcdebug.obj
 0001:000601f0       sf_debug_chart_instance_initialized_quick 00000001800611f0 f   sfc_debug:sfcdebug.obj
 0001:00060200       sf_debug_chart_instance_initialized 0000000180061200 f   sfc_debug:sfcdebug.obj
 0001:000603a0       sfrtAddSize                00000001800613a0 f   sfc_debug:sfcdebug.obj
 0001:00060460       sfrtGenSizeString          0000000180061460 f   sfc_debug:sfcdebug.obj
 0001:00060b70       fill_single_message_info   0000000180061b70 f   sfc_debug:sfcdebug.obj
 0001:00060d30       sf_debug_sim_status_listener 0000000180061d30 f   sfc_debug:sfcdebug.obj
 0001:000612a0       sf_debug_form_mask_bits    00000001800622a0 f   sfc_debug:sfcdebug.obj
 0001:000612e0       sf_debug_form_sf_data_type_offsets 00000001800622e0 f   sfc_debug:sfcdebug.obj
 0001:000613a0       sf_debug_free_all          00000001800623a0 f   sfc_debug:sfcdebug.obj
 0001:00061550       sf_debug_append_debugger_context 0000000180062550 f   sfc_debug:sfcdebug.obj
 0001:000616f0       sf_debug_update_always_honor_breakpoints 00000001800626f0 f   sfc_debug:sfcdebug.obj
 0001:000618c0       local_strdup               00000001800628c0 f   sfc_debug:sfcdebug.obj
 0001:000627a0       sf_debug_em_terminate      00000001800637a0 f   sfc_debug:sfcdebug.obj
 0001:000627e0       sf_debug_push_eml_function 00000001800637e0 f   sfc_debug:sfcdebug.obj
 0001:00062880       sf_debug_pop_eml_function  0000000180063880 f   sfc_debug:sfcdebug.obj
 0001:00063580       sf_debug_get_machine_number_from_id_or_name 0000000180064580 f   sfc_debug:sfcdebug.obj
 0001:000636d0       sf_debug_get_chart_number_from_id 00000001800646d0 f   sfc_debug:sfcdebug.obj
 0001:00064470       sf_debug_transfer_control_to_debugger_GUI 0000000180065470 f   sfc_debug:sfcdebug.obj
 0001:00065400       sf_debug_scripts_rehash    0000000180066400 f   sfc_debug:sfcdebug.obj
 0001:00065640       sf_debug_get_script_line_count 0000000180066640 f   sfc_debug:sfcdebug.obj
 0001:00065f70       cv_eml_state_cvId          0000000180066f70 f   sfc_debug:sfcdebug.obj
 0001:00065fe0       cv_eml_trans_cvId          0000000180066fe0 f   sfc_debug:sfcdebug.obj
 0001:00067370       sf_debug_data_array_bounds_error 0000000180068370 f   sfc_debug:sfcdebug.obj
 0001:000677a0       eml_debug_runtime_error_doclink 00000001800687a0 f   sfc_debug:sfcdebug.obj
 0001:00067900       sf_debug_runtime_error     0000000180068900 f   sfc_debug:sfcdebug.obj
 0001:00067970       sf_debug_matlab_error      0000000180068970 f   sfc_debug:sfcdebug.obj
 0001:000682b0       sf_debug_data_value_error  00000001800692b0 f   sfc_debug:sfcdebug.obj
 0001:00068bb0       sf_debug_data_loss_error   0000000180069bb0 f   sfc_debug:sfcdebug.obj
 0001:00069b40       call_cv_range_check        000000018006ab40 f   sfc_debug:sfcdebug.obj
 0001:0006a310       sf_debug_invoke_cycle_detection_code 000000018006b310 f   sfc_debug:sfcdebug.obj
 0001:0006b190       sf_reset_debug_info_struct 000000018006c190 f   sfc_debug:sfcdebug.obj
 0001:0006b9f0       cv_script_cvId             000000018006c9f0 f   sfc_debug:sfcdebug.obj
 0001:0006c750       sfc_api_chart_visible      000000018006d750 f   sfc_debug:sfc_api.obj
 0001:0006c7d0       sfc_api_active_instance    000000018006d7d0 f   sfc_debug:sfc_api.obj
 0001:0006c850       sfc_api_machine_load       000000018006d850 f   sfc_debug:sfc_api.obj
 0001:0006c920       sfc_api_debugger_alive     000000018006d920 f   sfc_debug:sfc_api.obj
 0001:0006c930       sfc_api_go                 000000018006d930 f   sfc_debug:sfc_api.obj
 0001:0006c940       sfc_api_step_over          000000018006d940 f   sfc_debug:sfc_api.obj
 0001:0006c950       sfc_api_step_out           000000018006d950 f   sfc_debug:sfc_api.obj
 0001:0006c960       sfc_api_resume             000000018006d960 f   sfc_debug:sfc_api.obj
 0001:0006c970       sfc_api_break              000000018006d970 f   sfc_debug:sfc_api.obj
 0001:0006c980       sfc_api_stop_debugging     000000018006d980 f   sfc_debug:sfc_api.obj
 0001:0006c9d0       sfc_api_is_cycle_detected  000000018006d9d0 f   sfc_debug:sfc_api.obj
 0001:0006ca20       sfc_api_is_array_bounds_detected 000000018006da20 f   sfc_debug:sfc_api.obj
 0001:0006ca70       sfc_api_set_disable_all_breakpoints 000000018006da70 f   sfc_debug:sfc_api.obj
 0001:0006cae0       sfc_api_disable_all_breakpoints_and_go 000000018006dae0 f   sfc_debug:sfc_api.obj
 0001:0006caf0       sfc_api_close              000000018006daf0 f   sfc_debug:sfc_api.obj
 0001:0006cb00       sfc_api_browse_data        000000018006db00 f   sfc_debug:sfc_api.obj
 0001:0006cb70       sfc_api_watch_data         000000018006db70 f   sfc_debug:sfc_api.obj
 0001:0006cc70       sfc_api_extract_message_post_receive_info 000000018006dc70 f   sfc_debug:sfc_api.obj
 0001:0006cc90       sfc_api_assign_data        000000018006dc90 f   sfc_debug:sfc_api.obj
 0001:0006cd30       sfc_api_whos               000000018006dd30 f   sfc_debug:sfc_api.obj
 0001:0006cdc0       sfc_api_get_consistency_info 000000018006ddc0 f   sfc_debug:sfc_api.obj
 0001:0006cdd0       sfc_api_browse_trace       000000018006ddd0 f   sfc_debug:sfc_api.obj
 0001:0006cde0       sfc_api_break_on_chart_entry 000000018006dde0 f   sfc_debug:sfc_api.obj
 0001:0006ce00       sfc_api_break_on_event_broadcast 000000018006de00 f   sfc_debug:sfc_api.obj
 0001:0006ce20       sfc_api_break_on_state_entry 000000018006de20 f   sfc_debug:sfc_api.obj
 0001:0006ce40       sfc_api_set_watch          000000018006de40 f   sfc_debug:sfc_api.obj
 0001:0006cee0       sfc_api_set_breakpoints    000000018006dee0 f   sfc_debug:sfc_api.obj
 0001:0006cf80       sfc_api_set_eml_breakpoints 000000018006df80 f   sfc_debug:sfc_api.obj
 0001:0006d000       sfc_api_set_script_breakpoints 000000018006e000 f   sfc_debug:sfc_api.obj
 0001:0006d050       sfc_api_add_script_breakpoints 000000018006e050 f   sfc_debug:sfc_api.obj
 0001:0006d0a0       sfc_api_clear_script_breakpoints 000000018006e0a0 f   sfc_debug:sfc_api.obj
 0001:0006d0f0       sfc_api_query_script_breakpoints 000000018006e0f0 f   sfc_debug:sfc_api.obj
 0001:0006d150       sfc_api_get_script_id      000000018006e150 f   sfc_debug:sfc_api.obj
 0001:0006d210       sfc_api_get_active_states  000000018006e210 f   sfc_debug:sfc_api.obj
 0001:0006d290       sfc_api_break_between_times 000000018006e290 f   sfc_debug:sfc_api.obj
 0001:0006d2f0       sfc_api_get_instance_handle 000000018006e2f0 f   sfc_debug:sfc_api.obj
 0001:0006d3a0       sfc_api_set_animation      000000018006e3a0 f   sfc_debug:sfc_api.obj
 0001:0006d3f0       sfc_api_select_chart       000000018006e3f0 f   sfc_debug:sfc_api.obj
 0001:0006d450       sfc_api_select_charts      000000018006e450 f   sfc_debug:sfc_api.obj
 0001:0006d480       sfc_api_cycle_detection_check 000000018006e480 f   sfc_debug:sfc_api.obj
 0001:0006d4d0       sfc_api_data_range_check   000000018006e4d0 f   sfc_debug:sfc_api.obj
 0001:0006d520       sfc_api_transition_conflict_check 000000018006e520 f   sfc_debug:sfc_api.obj
 0001:0006d570       sfc_api_state_consistency_check 000000018006e570 f   sfc_debug:sfc_api.obj
 0001:0006d5c0       sfc_api_set_instance_cv_ids 000000018006e5c0 f   sfc_debug:sfc_api.obj
 0001:0006d6d0       sfc_api_set_script_cv_ids  000000018006e6d0 f   sfc_debug:sfc_api.obj
 0001:0006d780       sfc_api_get_current_machine_id 000000018006e780 f   sfc_debug:sfc_api.obj
 0001:0006d7b0       sfc_api_get_current_machine_number 000000018006e7b0 f   sfc_debug:sfc_api.obj
 0001:0006d7e0       sfc_api_get_current_chart_number 000000018006e7e0 f   sfc_debug:sfc_api.obj
 0001:0006d810       sfc_api_get_current_instance_number 000000018006e810 f   sfc_debug:sfc_api.obj
 0001:0006d840       sfc_api_get_current_instance_handle 000000018006e840 f   sfc_debug:sfc_api.obj
 0001:0006d860       sfc_api_get_current_is_minor_time_step 000000018006e860 f   sfc_debug:sfc_api.obj
 0001:0006d890       sfc_api_get_current_machine_name 000000018006e890 f   sfc_debug:sfc_api.obj
 0001:0006d8b0       sfc_api_get_current_chart_id 000000018006e8b0 f   sfc_debug:sfc_api.obj
 0001:0006d8e0       sfc_api_get_current_object_type 000000018006e8e0 f   sfc_debug:sfc_api.obj
 0001:0006d910       sfc_api_get_current_event_type 000000018006e910 f   sfc_debug:sfc_api.obj
 0001:0006d940       sfc_api_get_current_object_id 000000018006e940 f   sfc_debug:sfc_api.obj
 0001:0006d970       sfc_get_current_active_event_type 000000018006e970 f   sfc_debug:sfc_api.obj
 0001:0006d9a0       sfc_api_get_current_active_event_id 000000018006e9a0 f   sfc_debug:sfc_api.obj
 0001:0006d9d0       sfc_api_get_current_simulation_time 000000018006e9d0 f   sfc_debug:sfc_api.obj
 0001:0006d9f0       sfc_get_current_tag_type   000000018006e9f0 f   sfc_debug:sfc_api.obj
 0001:0006da20       sfc_get_current_coverage_percentage 000000018006ea20 f   sfc_debug:sfc_api.obj
 0001:0006da40       sfc_get_current_statement_context 000000018006ea40 f   sfc_debug:sfc_api.obj
 0001:0006da60       sfc_get_current_optional_integer 000000018006ea60 f   sfc_debug:sfc_api.obj
 0001:0006da90       sfc_get_current_statement_info 000000018006ea90 f   sfc_debug:sfc_api.obj
 0001:0006db30       sfc_api_get                000000018006eb30 f   sfc_debug:sfc_api.obj
 0001:0006e7a0       sf_debug_sm_fill_state_activity_data 000000018006f7a0 f   sfc_debug:sfdb_animation.obj
 0001:000710a0       void_ptr_stack_vector_free_total 00000001800720a0 f   sfc_debug:sfdb_data_browse.obj
 0001:00071130       sf_debug_st_terminate_machine 0000000180072130 f   sfc_debug:sfdb_data_browse.obj
 0001:00071170       sf_debug_st_terminate_instance 0000000180072170 f   sfc_debug:sfdb_data_browse.obj
 0001:00071520       push_on_to_void_ptr_stack  0000000180072520 f   sfc_debug:sfdb_data_browse.obj
 0001:000716b0       pop_from_void_ptr_stack    00000001800726b0 f   sfc_debug:sfdb_data_browse.obj
 0001:000717e0       sf_debug_st_get_data_value 00000001800727e0 f   sfc_debug:sfdb_data_browse.obj
 0001:00071d70       mx_value                   0000000180072d70 f   sfc_debug:sfdb_data_browse.obj
 0001:00071db0       sf_debug_st_fill_data_struct 0000000180072db0 f   sfc_debug:sfdb_data_browse.obj
 0001:000720f0       data_type_format_strings   00000001800730f0 f   sfc_debug:sfdb_data_browse.obj
 0001:000721a0       sf_debug_st_fill_data      00000001800731a0 f   sfc_debug:sfdb_data_browse.obj
 0001:00072ef0       sf_debug_hm_get_simulink_handle 0000000180073ef0 f   sfc_debug:sfdb_handle_management.obj
 0001:000739f0       sf_debug_hm_initialize_globals 00000001800749f0 f   sfc_debug:sfdb_handle_management.obj
 0001:00073af0       sf_debug_hm_get_machine_debug_flag 0000000180074af0 f   sfc_debug:sfdb_handle_management.obj
 0001:00073c60       sf_debug_hm_get_machine_id 0000000180074c60 f   sfc_debug:sfdb_handle_management.obj
 0001:00073d80       sf_debug_hm_get_chart_id   0000000180074d80 f   sfc_debug:sfdb_handle_management.obj
 0001:00073f20       sf_debug_hm_register_executing_SFunction 0000000180074f20 f   sfc_debug:sfdb_handle_management.obj
 0001:000742b0       sf_debug_hm_form_object_boolean_properties 00000001800752b0 f   sfc_debug:sfdb_handle_management.obj
 0001:00074580       sf_debug_hm_form_object_properties 0000000180075580 f   sfc_debug:sfdb_handle_management.obj
 0001:000747c0       sf_debug_hm_terminate_charts 00000001800757c0 f   sfc_debug:sfdb_handle_management.obj
 0001:00074f20       sf_debug_hm_terminate_machines 0000000180075f20 f   sfc_debug:sfdb_handle_management.obj
 0001:00076b20       sf_debug_ss_copy_dimension 0000000180077b20 f   sfc_debug:sfdb_symbol_scope.obj
 0001:00076be0       sf_debug_ss_get_number_elements 0000000180077be0 f   sfc_debug:sfdb_symbol_scope.obj
 0001:00076c00       sf_debug_ss_fill_data_struct 0000000180077c00 f   sfc_debug:sfdb_symbol_scope.obj
 0001:00076f50       sf_debug_ss_reset_data_info 0000000180077f50 f   sfc_debug:sfdb_symbol_scope.obj
 0001:00076fb0       sf_debug_fill_data_info_by_symbol_scope_entry 0000000180077fb0 f   sfc_debug:sfdb_symbol_scope.obj
 0001:00077070       sf_debug_fill_data_info_by_data_vector 0000000180078070 f   sfc_debug:sfdb_symbol_scope.obj
 0001:000772c0       get_data_info_helper       00000001800782c0 f   sfc_debug:sfdb_symbol_scope.obj
 0001:000773c0       sf_debug_ss_get_data_info  00000001800783c0 f   sfc_debug:sfdb_symbol_scope.obj
 0001:000775f0       sf_debug_select_mex_function 00000001800785f0 f   sfc_debug:sfdb_symbol_scope.obj
 0001:00077620       sf_debug_is_dyn_matrix_initialized 0000000180078620 f   sfc_debug:sfdb_symbol_scope.obj
 0001:00077640       sf_debug_ss_set_data_value_try 0000000180078640 f   sfc_debug:sfdb_symbol_scope.obj
 0001:00077810       sf_debug_ss_get_data_value 0000000180078810 f   sfc_debug:sfdb_symbol_scope.obj
 0001:00077f80       sf_debug_ss_data_bytes_string 0000000180078f80 f   sfc_debug:sfdb_symbol_scope.obj
 0001:00078030       sf_debug_ss_data_class_string 0000000180079030 f   sfc_debug:sfdb_symbol_scope.obj
 0001:000783c0       sf_debug_ss_data_size_string 00000001800793c0 f   sfc_debug:sfdb_symbol_scope.obj
 0001:000784a0       sf_debug_ss_data_create_data_info_struct 00000001800794a0 f   sfc_debug:sfdb_symbol_scope.obj
 0001:00078770       sf_debug_ss_data_create_name_value_pair 0000000180079770 f   sfc_debug:sfdb_symbol_scope.obj
 0001:00078810       sf_debug_ss_data_get_whos_info 0000000180079810 f   sfc_debug:sfdb_symbol_scope.obj
 0001:00078820       same_named_data_in_data_array 0000000180079820 f   sfc_debug:sfdb_symbol_scope.obj
 0001:0007a0b0       sf_debug_cc_terminate_chart 000000018007b0b0 f   sfc_debug:sfdb_coverage.obj
 0001:0007a450       sf_debug_cc_terminate_instance 000000018007b450 f   sfc_debug:sfdb_coverage.obj
 0001:0007b040       sf_debug_cc_mark_object_if_needed 000000018007c040 f   sfc_debug:sfdb_coverage.obj
 0001:0007b940       sf_debug_bm_initialize_eml 000000018007c940 f   sfc_debug:sfdb_breakpoints.obj
 0001:0007ca80       sf_debug_bm_map_debug_tag_to_breakpoint_tag 000000018007da80 f   sfc_debug:sfdb_breakpoints.obj
 0001:0007cb60       sf_debug_bm_is_a_eml_breakpoint_impl 000000018007db60 f   sfc_debug:sfdb_breakpoints.obj
 0001:0007e6a0       sf_debug_sc_push_on_error_stack 000000018007f6a0 f   sfc_debug:sfdb_state_consistency.obj
 0001:0007e7d0       sf_debug_sc_reset_error_stack 000000018007f7d0 f   sfc_debug:sfdb_state_consistency.obj
 0001:0007e960       sf_debug_sc_is_state_inconsistent 000000018007f960 f   sfc_debug:sfdb_state_consistency.obj
 0001:0007ec60       sf_debug_sc_fill_consistency_info 000000018007fc60 f   sfc_debug:sfdb_state_consistency.obj
 0001:0007f240       void_assertion_fcn         0000000180080240 f   sfc_debug:sfdb_call_stack.obj
 0001:0007f7c0       sf_debug_tm_fill_local_trace 00000001800807c0 f   sfc_debug:sfdb_call_stack.obj
 0001:0007fd90       sf_debug_cd_terminate_instance 0000000180080d90 f   sfc_debug:sfdb_cycle_detection.obj
 0001:0007fdf0       sf_debug_cd_free_checksum_stack 0000000180080df0 f   sfc_debug:sfdb_cycle_detection.obj
 0001:0007fe40       sf_debug_cd_reset_pack_strings 0000000180080e40 f   sfc_debug:sfdb_cycle_detection.obj
 0001:00080500       md5file_clear              0000000180081500 f   sfc_debug:ckmd5.obj
 0001:00080530       Encode                     0000000180081530 f   sfc_debug:ckmd5.obj
 0001:00080580       Decode                     0000000180081580 f   sfc_debug:ckmd5.obj
 0001:00080620       MD5Transform               0000000180081620 f   sfc_debug:ckmd5.obj
 0001:00080e70       md5file_addn               0000000180081e70 f   sfc_debug:ckmd5.obj
 0001:00080f40       md5file_hash               0000000180081f40 f   sfc_debug:ckmd5.obj
 0001:00081488       pre_c_init                 0000000180082488 f   MSVCRT:crtdll.obj
 0001:00081744       __DllMainCRTStartup        0000000180082744 f   MSVCRT:crtdll.obj
 0001:00081de0       __DllMainCRTStartup$filt$0 0000000180082de0 f   MSVCRT:crtdll.obj
 0001:00081e10       __DllMainCRTStartup$fin$1  0000000180082e10 f   MSVCRT:crtdll.obj
 0001:00081e2a       _onexit$fin$0              0000000180082e2a f   MSVCRT:atonexit.obj
 0001:00081e50       _IsNonwritableInCurrentImage$filt$0 0000000180082e50 f   MSVCRT:pesect.obj
