 BuckBoost1_sfun

 Timestamp is 54bc7ff6 (Mon Jan 19 11:54:30 2015)

 Preferred load address is 0000000180000000

 Start         Length     Name                   Class
 0001:00000000 000aa2b4H .text                   CODE
 0001:000aa2c0 00000092H .text$x                 CODE
 0002:00000000 000004a0H .idata$5                DATA
 0002:000004a0 00000008H .CRT$XCA                DATA
 0002:000004a8 00000008H .CRT$XCZ                DATA
 0002:000004b0 00000008H .CRT$XIA                DATA
 0002:000004b8 00000008H .CRT$XIAA               DATA
 0002:000004c0 00000008H .CRT$XIZ                DATA
 0002:000004d0 00004dacH .rdata                  DATA
 0002:00005280 00000008H .rtc$IAA                DATA
 0002:00005288 00000008H .rtc$IZZ                DATA
 0002:00005290 00000008H .rtc$TAA                DATA
 0002:00005298 00000008H .rtc$TZZ                DATA
 0002:000052a0 00004a2cH .xdata                  DATA
 0002:00009ccc 000000a0H .idata$2                DATA
 0002:00009d6c 00000014H .idata$3                DATA
 0002:00009d80 000004a0H .idata$4                DATA
 0002:0000a220 00000ac4H .idata$6                DATA
 0002:0000acf0 00000055H .edata                  DATA
 0003:00000000 00017c4cH .data                   DATA
 0003:00017c60 00002738H .bss                    DATA
 0004:00000000 00003dbcH .pdata                  DATA

  Address         Publics by Value              Rva+Base               Lib:Object

 0000:00000000       ___safe_se_handler_count   0000000000000000     <absolute>
 0000:00000000       ___safe_se_handler_table   0000000000000000     <absolute>
 0000:00000000       __ImageBase                0000000180000000     <linker-defined>
 0001:00000000       sf_c1_BuckBoost1_get_eml_resolved_functions_info 0000000180001000 f   c1_BuckBoost1.obj
 0001:00003ea0       sf_c1_BuckBoost1_get_check_sum 0000000180004ea0 f   c1_BuckBoost1.obj
 0001:00003f20       sf_c1_BuckBoost1_get_autoinheritance_info 0000000180004f20 f   c1_BuckBoost1.obj
 0001:0000a3a0       sf_internal_get_sim_state_c1_BuckBoost1 000000018000b3a0 f   c1_BuckBoost1.obj
 0001:0000caf0       sf_internal_set_sim_state_c1_BuckBoost1 000000018000daf0 f   c1_BuckBoost1.obj
 0001:0000e4b0       c1_BuckBoost1_method_dispatcher 000000018000f4b0 f   c1_BuckBoost1.obj
 0001:00025770       sf_c2_BuckBoost1_get_eml_resolved_functions_info 0000000180026770 f   c2_BuckBoost1.obj
 0001:00025d80       sf_c2_BuckBoost1_get_check_sum 0000000180026d80 f   c2_BuckBoost1.obj
 0001:00025e00       sf_c2_BuckBoost1_get_autoinheritance_info 0000000180026e00 f   c2_BuckBoost1.obj
 0001:00027bc0       sf_internal_get_sim_state_c2_BuckBoost1 0000000180028bc0 f   c2_BuckBoost1.obj
 0001:00028520       sf_internal_set_sim_state_c2_BuckBoost1 0000000180029520 f   c2_BuckBoost1.obj
 0001:00028be0       c2_BuckBoost1_method_dispatcher 0000000180029be0 f   c2_BuckBoost1.obj
 0001:0002f2a0       sf_c3_BuckBoost1_get_eml_resolved_functions_info 00000001800302a0 f   c3_BuckBoost1.obj
 0001:000325f0       sf_c3_BuckBoost1_get_check_sum 00000001800335f0 f   c3_BuckBoost1.obj
 0001:00032670       sf_c3_BuckBoost1_get_autoinheritance_info 0000000180033670 f   c3_BuckBoost1.obj
 0001:00036300       sf_internal_get_sim_state_c3_BuckBoost1 0000000180037300 f   c3_BuckBoost1.obj
 0001:00037a60       sf_internal_set_sim_state_c3_BuckBoost1 0000000180038a60 f   c3_BuckBoost1.obj
 0001:00038ca0       c3_BuckBoost1_method_dispatcher 0000000180039ca0 f   c3_BuckBoost1.obj
 0001:00047910       sf_c4_BuckBoost1_get_eml_resolved_functions_info 0000000180048910 f   c4_BuckBoost1.obj
 0001:00047f30       sf_c4_BuckBoost1_get_check_sum 0000000180048f30 f   c4_BuckBoost1.obj
 0001:00047fb0       sf_c4_BuckBoost1_get_autoinheritance_info 0000000180048fb0 f   c4_BuckBoost1.obj
 0001:000487b0       sf_internal_get_sim_state_c4_BuckBoost1 00000001800497b0 f   c4_BuckBoost1.obj
 0001:00048bc0       sf_internal_set_sim_state_c4_BuckBoost1 0000000180049bc0 f   c4_BuckBoost1.obj
 0001:00049000       c4_BuckBoost1_method_dispatcher 000000018004a000 f   c4_BuckBoost1.obj
 0001:0004b2d0       sf_c5_BuckBoost1_get_eml_resolved_functions_info 000000018004c2d0 f   c5_BuckBoost1.obj
 0001:0004cc90       sf_c5_BuckBoost1_get_check_sum 000000018004dc90 f   c5_BuckBoost1.obj
 0001:0004cd10       sf_c5_BuckBoost1_get_autoinheritance_info 000000018004dd10 f   c5_BuckBoost1.obj
 0001:00051d00       sf_internal_get_sim_state_c5_BuckBoost1 0000000180052d00 f   c5_BuckBoost1.obj
 0001:00053cc0       sf_internal_set_sim_state_c5_BuckBoost1 0000000180054cc0 f   c5_BuckBoost1.obj
 0001:000552e0       c5_BuckBoost1_method_dispatcher 00000001800562e0 f   c5_BuckBoost1.obj
 0001:000672d0       sf_c6_BuckBoost1_get_eml_resolved_functions_info 00000001800682d0 f   c6_BuckBoost1.obj
 0001:00068980       sf_c6_BuckBoost1_get_check_sum 0000000180069980 f   c6_BuckBoost1.obj
 0001:00068a00       sf_c6_BuckBoost1_get_autoinheritance_info 0000000180069a00 f   c6_BuckBoost1.obj
 0001:0006a670       sf_internal_get_sim_state_c6_BuckBoost1 000000018006b670 f   c6_BuckBoost1.obj
 0001:0006af20       sf_internal_set_sim_state_c6_BuckBoost1 000000018006bf20 f   c6_BuckBoost1.obj
 0001:0006b580       c6_BuckBoost1_method_dispatcher 000000018006c580 f   c6_BuckBoost1.obj
 0001:00071d30       sf_c22_BuckBoost1_get_eml_resolved_functions_info 0000000180072d30 f   c22_BuckBoost1.obj
 0001:00071db0       sf_c22_BuckBoost1_get_check_sum 0000000180072db0 f   c22_BuckBoost1.obj
 0001:00071e30       sf_c22_BuckBoost1_get_autoinheritance_info 0000000180072e30 f   c22_BuckBoost1.obj
 0001:000723a0       sf_internal_get_sim_state_c22_BuckBoost1 00000001800733a0 f   c22_BuckBoost1.obj
 0001:000726f0       sf_internal_set_sim_state_c22_BuckBoost1 00000001800736f0 f   c22_BuckBoost1.obj
 0001:00072af0       c22_BuckBoost1_method_dispatcher 0000000180073af0 f   c22_BuckBoost1.obj
 0001:000746b0       sf_c25_BuckBoost1_get_eml_resolved_functions_info 00000001800756b0 f   c25_BuckBoost1.obj
 0001:00074d00       sf_c25_BuckBoost1_get_check_sum 0000000180075d00 f   c25_BuckBoost1.obj
 0001:00074d80       sf_c25_BuckBoost1_get_autoinheritance_info 0000000180075d80 f   c25_BuckBoost1.obj
 0001:000752f0       sf_internal_get_sim_state_c25_BuckBoost1 00000001800762f0 f   c25_BuckBoost1.obj
 0001:00075640       sf_internal_set_sim_state_c25_BuckBoost1 0000000180076640 f   c25_BuckBoost1.obj
 0001:00075a40       c25_BuckBoost1_method_dispatcher 0000000180076a40 f   c25_BuckBoost1.obj
 0001:000776e0       sf_process_check_sum_call  00000001800786e0 f   BuckBoost1_sfun_registry.obj
 0001:00077730       sf_process_autoinheritance_call 0000000180078730 f   BuckBoost1_sfun_registry.obj
 0001:000778d0       sf_process_get_eml_resolved_functions_info_call 00000001800788d0 f   BuckBoost1_sfun_registry.obj
 0001:00077a50       sf_mex_unlock_call         0000000180078a50 f   BuckBoost1_sfun_registry.obj
 0001:00077b00       sf_machine_global_initializer_called 0000000180078b00 f   BuckBoost1_sfun_registry.obj
 0001:00077b30       sf_machine_global_method_dispatcher 0000000180078b30 f   BuckBoost1_sfun_registry.obj
 0001:00077b90       sf_machine_global_terminator 0000000180078b90 f   BuckBoost1_sfun_registry.obj
 0001:00077bd0       sf_register_machine_exported_symbols 0000000180078bd0 f   BuckBoost1_sfun_registry.obj
 0001:00077bf0       callCustomFcn              0000000180078bf0 f   BuckBoost1_sfun_registry.obj
 0001:00077c00       sf_machine_global_initializer 0000000180078c00 f   BuckBoost1_sfun_registry.obj
 0001:00077c70       _ssSetStateAbsTol          0000000180078c70 f   BuckBoost1_sfun_registry.obj
 0001:00077d50       _ssGetAbsTol               0000000180078d50 f   BuckBoost1_sfun_registry.obj
 0001:00077dc0       _ssSetInputPortMatrixDimensions 0000000180078dc0 f   BuckBoost1_sfun_registry.obj
 0001:00077ed0       _ssSetOutputPortMatrixDimensions 0000000180078ed0 f   BuckBoost1_sfun_registry.obj
 0001:00077fe0       _ssSetInputPortVectorDimension 0000000180078fe0 f   BuckBoost1_sfun_registry.obj
 0001:000780b0       _ssSetOutputPortVectorDimension 00000001800790b0 f   BuckBoost1_sfun_registry.obj
 0001:00078180       ssIsRunTimeParamTunable    0000000180079180 f   BuckBoost1_sfun_registry.obj
 0001:000781f0       ssGetSFuncBlockHandle      00000001800791f0 f   BuckBoost1_sfun_registry.obj
 0001:00078260       _ssGetCurrentInputPortWidth 0000000180079260 f   BuckBoost1_sfun_registry.obj
 0001:00078380       _ssGetCurrentOutputPortWidth 0000000180079380 f   BuckBoost1_sfun_registry.obj
 0001:000784a0       _ssGetCallSystemNumFcnCallDestinations 00000001800794a0 f   BuckBoost1_sfun_registry.obj
 0001:00078510       ssWarning                  0000000180079510 f   BuckBoost1_sfun_registry.obj
 0001:00078620       ssGetIsZeroCrossControlDisabled 0000000180079620 f   BuckBoost1_sfun_registry.obj
 0001:00078690       ssSetIsInputPortUsedForContZcSignal 0000000180079690 f   BuckBoost1_sfun_registry.obj
 0001:00078700       ssSetZcSignalIsZcElementDisc 0000000180079700 f   BuckBoost1_sfun_registry.obj
 0001:000787b0       ssSetZcSignalName          00000001800797b0 f   BuckBoost1_sfun_registry.obj
 0001:00078820       ssSetZcSignalWidth         0000000180079820 f   BuckBoost1_sfun_registry.obj
 0001:00078890       ssSetZcSignalZcEventType   0000000180079890 f   BuckBoost1_sfun_registry.obj
 0001:00078900       ssSetZcSignalType          0000000180079900 f   BuckBoost1_sfun_registry.obj
 0001:00078970       ssSetZcSignalZcTol         0000000180079970 f   BuckBoost1_sfun_registry.obj
 0001:000789e0       ssSetZcSignalNeedsEventNotification 00000001800799e0 f   BuckBoost1_sfun_registry.obj
 0001:00078a50       ssCreateAndAddZcSignalInfo 0000000180079a50 f   BuckBoost1_sfun_registry.obj
 0001:00078ac0       ssCloneAndAddZcSignalInfo  0000000180079ac0 f   BuckBoost1_sfun_registry.obj
 0001:00078b30       ssGetNumZcSignals          0000000180079b30 f   BuckBoost1_sfun_registry.obj
 0001:00078ba0       ssGetZcSignalVector        0000000180079ba0 f   BuckBoost1_sfun_registry.obj
 0001:00078c10       ssGetZcSignalZcEvents      0000000180079c10 f   BuckBoost1_sfun_registry.obj
 0001:00078c80       ssGetZcSignalName          0000000180079c80 f   BuckBoost1_sfun_registry.obj
 0001:00078cf0       ssGetZcSignalWidth         0000000180079cf0 f   BuckBoost1_sfun_registry.obj
 0001:00078d60       ssGetZcSignalZcEventType   0000000180079d60 f   BuckBoost1_sfun_registry.obj
 0001:00078dd0       ssGetZcSignalType          0000000180079dd0 f   BuckBoost1_sfun_registry.obj
 0001:00078e40       ssGetZcSignalZcTol         0000000180079e40 f   BuckBoost1_sfun_registry.obj
 0001:00078ec0       ssGetZcSignalNeedsEventNotification 0000000180079ec0 f   BuckBoost1_sfun_registry.obj
 0001:00078f30       ssGetZcSignalIsZcElementDisc 0000000180079f30 f   BuckBoost1_sfun_registry.obj
 0001:00078fd0       ssGetIsInputPortElementContinuous 0000000180079fd0 f   BuckBoost1_sfun_registry.obj
 0001:00079070       _ssGetInputPortSignalPtrsFcn 000000018007a070 f   BuckBoost1_sfun_registry.obj
 0001:00079330       _ssGetInputPortSignalFcn   000000018007a330 f   BuckBoost1_sfun_registry.obj
 0001:00079550       _ssSetInputPortDirectFeedThroughFcn 000000018007a550 f   BuckBoost1_sfun_registry.obj
 0001:000796b0       _ssSetInputPortReusableFcn 000000018007a6b0 f   BuckBoost1_sfun_registry.obj
 0001:000797a0       _ssSetOutputPortReusableFcn 000000018007a7a0 f   BuckBoost1_sfun_registry.obj
 0001:00079880       ssGetDTypeIdFromMxArray    000000018007a880 f   BuckBoost1_sfun_registry.obj
 0001:000799a0       ssWriteRTWStr              000000018007a9a0 f   BuckBoost1_sfun_registry.obj
 0001:00079a00       ssWriteRTWMxVectParam      000000018007aa00 f   BuckBoost1_sfun_registry.obj
 0001:00079a60       ssWriteRTWMx2dMatParam     000000018007aa60 f   BuckBoost1_sfun_registry.obj
 0001:00079ae0       ssWriteRTWNameValuePair    000000018007aae0 f   BuckBoost1_sfun_registry.obj
 0001:00079fd0       ssWriteRTWParameters       000000018007afd0 f   BuckBoost1_sfun_registry.obj
 0001:0007a5d0       ssWriteRTWParamSettings    000000018007b5d0 f   BuckBoost1_sfun_registry.obj
 0001:0007aca0       ssWriteRTWWorkVect         000000018007bca0 f   BuckBoost1_sfun_registry.obj
 0001:0007b1a0       mexFunction                000000018007c1a0 f   BuckBoost1_sfun_registry.obj
 0001:0007ce60       ProcessMexSfunctionEveryCall 000000018007de60 f   BuckBoost1_sfun_registry.obj
 0001:0007cfd0       BuckBoost1_initializer     000000018007dfd0 f   BuckBoost1_sfun.obj
 0001:0007cfe0       BuckBoost1_terminator      000000018007dfe0 f   BuckBoost1_sfun.obj
 0001:0007cff0       sf_BuckBoost1_method_dispatcher 000000018007dff0 f   BuckBoost1_sfun.obj
 0001:0007d130       sf_BuckBoost1_process_check_sum_call 000000018007e130 f   BuckBoost1_sfun.obj
 0001:0007d610       sf_BuckBoost1_autoinheritance_info 000000018007e610 f   BuckBoost1_sfun.obj
 0001:0007d9d0       sf_BuckBoost1_get_eml_resolved_functions_info 000000018007e9d0 f   BuckBoost1_sfun.obj
 0001:0007dcf0       BuckBoost1_debug_initialize 000000018007ecf0 f   BuckBoost1_sfun.obj
 0001:0007dd60       BuckBoost1_register_exported_symbols 000000018007ed60 f   BuckBoost1_sfun.obj
 0001:0007dd70       load_BuckBoost1_optimization_info 000000018007ed70 f   BuckBoost1_sfun.obj
 0001:0007ddc0       unload_BuckBoost1_optimization_info 000000018007edc0 f   BuckBoost1_sfun.obj
 0001:0007dee0       sf_mex_mx_is_numeric       000000018007eee0 f   sfc_mex:sfc_mex.obj
 0001:0007df20       strcmp_ignore_ws           000000018007ef20 f   sfc_mex:sfc_mex.obj
 0001:0007e060       sf_mex_duplicatearraysafe  000000018007f060 f   sfc_mex:sfc_mex.obj
 0001:0007e1c0       sf_set_error_debugger_context_message_fcn 000000018007f1c0 f   sfc_mex:sfc_mex.obj
 0001:0007e1d0       sf_set_debugger_matlab_error_fcn 000000018007f1d0 f   sfc_mex:sfc_mex.obj
 0001:0007e200       sf_set_error_prefix_string 000000018007f200 f   sfc_mex:sfc_mex.obj
 0001:0007e230       sf_get_error_prefix_string 000000018007f230 f   sfc_mex:sfc_mex.obj
 0001:0007e240       sf_mex_enter_parallel_region 000000018007f240 f   sfc_mex:sfc_mex.obj
 0001:0007e250       sf_mex_exit_parallel_region 000000018007f250 f   sfc_mex:sfc_mex.obj
 0001:0007e260       sf_get_current_jmp_buf_ptr 000000018007f260 f   sfc_mex:sfc_mex.obj
 0001:0007e270       sf_set_current_jmp_buf_ptr 000000018007f270 f   sfc_mex:sfc_mex.obj
 0001:0007e280       sf_mex_set_halt_simulation 000000018007f280 f   sfc_mex:sfc_mex.obj
 0001:0007e290       sf_mex_get_halt_simulation 000000018007f290 f   sfc_mex:sfc_mex.obj
 0001:0007e2a0       sf_mex_clear_error_message 000000018007f2a0 f   sfc_mex:sfc_mex.obj
 0001:0007e2c0       sf_mex_get_error_message_for_read 000000018007f2c0 f   sfc_mex:sfc_mex.obj
 0001:0007e2d0       sf_mex_get_error_message_buffer_length 000000018007f2d0 f   sfc_mex:sfc_mex.obj
 0001:0007e3b0       sf_mex_warning_message     000000018007f3b0 f   sfc_mex:sfc_mex.obj
 0001:0007e420       sf_mex_v_errbuf_createf    000000018007f420 f   sfc_mex:sfc_mex.obj
 0001:0007e430       sf_mex_errbuf_createf      000000018007f430 f   sfc_mex:sfc_mex.obj
 0001:0007e460       sf_mex_v_errbuf_catf       000000018007f460 f   sfc_mex:sfc_mex.obj
 0001:0007e4a0       sf_mex_errbuf_catf         000000018007f4a0 f   sfc_mex:sfc_mex.obj
 0001:0007e4f0       sf_mex_errbuf_copy         000000018007f4f0 f   sfc_mex:sfc_mex.obj
 0001:0007e500       sf_mex_errbuf_clear        000000018007f500 f   sfc_mex:sfc_mex.obj
 0001:0007e510       sf_mex_errbuf_isempty      000000018007f510 f   sfc_mex:sfc_mex.obj
 0001:0007e620       sf_mex_set_error_status    000000018007f620 f   sfc_mex:sfc_mex.obj
 0001:0007e670       sf_mex_error_direct_call   000000018007f670 f   sfc_mex:sfc_mex.obj
 0001:0007e690       sf_mex_error_message_no_long_jump 000000018007f690 f   sfc_mex:sfc_mex.obj
 0001:0007e6b0       sf_mex_long_jump_on_error  000000018007f6b0 f   sfc_mex:sfc_mex.obj
 0001:0007e6e0       sf_mex_call_matlab         000000018007f6e0 f   sfc_mex:sfc_mex.obj
 0001:0007e800       sf_mex_check_builtin       000000018007f800 f   sfc_mex:sfc_mex.obj
 0001:0007e8a0       sf_mex_check_builtin_vs    000000018007f8a0 f   sfc_mex:sfc_mex.obj
 0001:0007e960       sf_mex_check_enum          000000018007f960 f   sfc_mex:sfc_mex.obj
 0001:0007e9e0       sf_mex_create_enum         000000018007f9e0 f   sfc_mex:sfc_mex.obj
 0001:0007ea50       sf_mex_get_enum_element    000000018007fa50 f   sfc_mex:sfc_mex.obj
 0001:0007ea60       sf_mex_createcellarray     000000018007fa60 f   sfc_mex:sfc_mex.obj
 0001:0007ea70       sf_mex_setcell             000000018007fa70 f   sfc_mex:sfc_mex.obj
 0001:0007ea80       sf_mex_getcell             000000018007fa80 f   sfc_mex:sfc_mex.obj
 0001:0007ea90       sf_mex_dup                 000000018007fa90 f   sfc_mex:sfc_mex.obj
 0001:0007eab0       sf_mex_assign              000000018007fab0 f   sfc_mex:sfc_mex.obj
 0001:0007eb30       sf_mex_destroy             000000018007fb30 f   sfc_mex:sfc_mex.obj
 0001:0007eb60       mx_array_has_fi_type       000000018007fb60 f   sfc_mex:sfc_mex.obj
 0001:0007eb90       sf_mex_convert_from_fi     000000018007fb90 f   sfc_mex:sfc_mex.obj
 0001:0007ecc0       sf_mex_convert_to_double   000000018007fcc0 f   sfc_mex:sfc_mex.obj
 0001:0007ede0       sf_mex_import_fi_vs        000000018007fde0 f   sfc_mex:sfc_mex.obj
 0001:0007efa0       sf_matrix_matrix_index_ok  000000018007ffa0 f   sfc_mex:sfc_mex.obj
 0001:0007f030       sf_vector_vector_index_ok  0000000180080030 f   sfc_mex:sfc_mex.obj
 0001:0007f060       ssGetCurrentInputPortDimensions_wrapper 0000000180080060 f   sfc_mex:sfc_mex.obj
 0001:0007f080       ssGetCurrentOutputPortDimensions_wrapper 0000000180080080 f   sfc_mex:sfc_mex.obj
 0001:0007f0a0       sf_mex_emlrt_context_is_debug_mode 00000001800800a0 f   sfc_mex:sfc_mex.obj
 0001:0007f0b0       sf_mex_emlrt_context_set_debug_mode 00000001800800b0 f   sfc_mex:sfc_mex.obj
 0001:0007f0c0       sf_mex_emlrtNameCapturePostProcessR2012a 00000001800800c0 f   sfc_mex:sfc_mex.obj
 0001:0007f130       sf_clear_error_manager_info 0000000180080130 f   sfc_mex:sfc_mex.obj
 0001:0007f190       sf_mex_stop_simulation_abruptly_wo_error 0000000180080190 f   sfc_mex:sfc_mex.obj
 0001:0007f1d0       sf_mex_error_message       00000001800801d0 f   sfc_mex:sfc_mex.obj
 0001:0007f230       sf_react_to_error_in_matlab_call 0000000180080230 f   sfc_mex:sfc_mex.obj
 0001:0007f260       sf_mex_addfield            0000000180080260 f   sfc_mex:sfc_mex.obj
 0001:0007f300       sf_mex_getfield            0000000180080300 f   sfc_mex:sfc_mex.obj
 0001:0007f600       sf_mex_check_class         0000000180080600 f   sfc_mex:sfc_mex.obj
 0001:0007f6a0       sf_mex_is_real             00000001800806a0 f   sfc_mex:sfc_mex.obj
 0001:0007fb10       sf_mex_decode_encoded_mx_struct_array 0000000180080b10 f   sfc_mex:sfc_mex.obj
 0001:0007fdf0       sf_mex_lw_bounds_check     0000000180080df0 f   sfc_mex:sfc_mex.obj
 0001:0007fe20       sf_mex_lw_size_eq_check_1d 0000000180080e20 f   sfc_mex:sfc_mex.obj
 0001:0007fe40       sf_mex_lw_size_eq_check_nd 0000000180080e40 f   sfc_mex:sfc_mex.obj
 0001:00080020       sf_mex_lw_dim_size_eq_check 0000000180081020 f   sfc_mex:sfc_mex.obj
 0001:00080050       sf_mex_lw_dim_size_geq_check 0000000180081050 f   sfc_mex:sfc_mex.obj
 0001:00080080       sf_mex_lw_sub_assign_size_check_nd 0000000180081080 f   sfc_mex:sfc_mex.obj
 0001:000802b0       sf_mex_lw_runtime_error_msgid 00000001800812b0 f   sfc_mex:sfc_mex.obj
 0001:000803a0       sf_mex_lw_matrix_matrix_index_check 00000001800813a0 f   sfc_mex:sfc_mex.obj
 0001:000803c0       sf_mex_lw_vector_vector_index_check 00000001800813c0 f   sfc_mex:sfc_mex.obj
 0001:00080400       sf_mex_lw_for_loop_vector_check 0000000180081400 f   sfc_mex:sfc_mex.obj
 0001:00080490       sf_mex_lw_non_negative_check 0000000180081490 f   sfc_mex:sfc_mex.obj
 0001:000804d0       sf_mex_overflow_error      00000001800814d0 f   sfc_mex:sfc_mex.obj
 0001:000804e0       sf_mex_dividebyzero_error  00000001800814e0 f   sfc_mex:sfc_mex.obj
 0001:000804f0       sf_mex_unsafe_enum_error   00000001800814f0 f   sfc_mex:sfc_mex.obj
 0001:00080500       sf_emlrtErrHandler         0000000180081500 f   sfc_mex:sfc_mex.obj
 0001:000805e0       sf_mex_size_one_check      00000001800815e0 f   sfc_mex:sfc_mex.obj
 0001:00080600       sf_mex_printf              0000000180081600 f   sfc_mex:sfc_mex.obj
 0001:000807d0       sf_mex_check_size          00000001800817d0 f   sfc_mex:sfc_mex.obj
 0001:00080aa0       sf_mex_check_struct        0000000180081aa0 f   sfc_mex:sfc_mex.obj
 0001:00080d00       sf_mex_check_struct_vs     0000000180081d00 f   sfc_mex:sfc_mex.obj
 0001:00080d90       sf_mex_check_fi            0000000180081d90 f   sfc_mex:sfc_mex.obj
 0001:00080e90       sf_mex_check_fi_vs         0000000180081e90 f   sfc_mex:sfc_mex.obj
 0001:00080f30       sf_echo_expression         0000000180081f30 f   sfc_mex:sfc_mex.obj
 0001:00080f90       sf_assertion_failed        0000000180081f90 f   sfc_mex:sfc_mex.obj
 0001:00081270       sf_mex_evalin              0000000180082270 f   sfc_mex:sfc_mex.obj
 0001:000814e0       sf_mex_export              00000001800824e0 f   sfc_mex:sfc_mex.obj
 0001:000815a0       sf_mex_get_ml_var_no_error 00000001800825a0 f   sfc_mex:sfc_mex.obj
 0001:00081740       sf_mex_get_ml_var          0000000180082740 f   sfc_mex:sfc_mex.obj
 0001:00081be0       ml_set_element_value_in_array 0000000180082be0 f   sfc_mex:sfc_mex.obj
 0001:000832b0       sf_mex_call_impl           00000001800842b0 f   sfc_mex:sfc_mex.obj
 0001:000837e0       sf_mex_call_debug          00000001800847e0 f   sfc_mex:sfc_mex.obj
 0001:00083810       sf_mex_call                0000000180084810 f   sfc_mex:sfc_mex.obj
 0001:00083e60       sf_mex_createstruct        0000000180084e60 f   sfc_mex:sfc_mex.obj
 0001:00083f50       sf_mex_createstructarray   0000000180084f50 f   sfc_mex:sfc_mex.obj
 0001:00083fd0       sf_mex_get_mx_datatype_from_sf_datatype 0000000180084fd0 f   sfc_mex:sfc_mex.obj
 0001:000842e0       sf_mex_ml_var_sub          00000001800852e0 f   sfc_mex:sfc_mex.obj
 0001:000844b0       sf_mex_ml_var_subsasgn     00000001800854b0 f   sfc_mex:sfc_mex.obj
 0001:000848a0       sf_mex_sub                 00000001800858a0 f   sfc_mex:sfc_mex.obj
 0001:00084aa0       sf_mex_subsasgn            0000000180085aa0 f   sfc_mex:sfc_mex.obj
 0001:00084f80       sf_mex_create              0000000180085f80 f   sfc_mex:sfc_mex.obj
 0001:000859d0       sf_mex_import_named        00000001800869d0 f   sfc_mex:sfc_mex.obj
 0001:00085a30       sf_mex_import              0000000180086a30 f   sfc_mex:sfc_mex.obj
 0001:00085a80       sf_mex_import_vs           0000000180086a80 f   sfc_mex:sfc_mex.obj
 0001:00085b90       sf_mex_lower_fixpt_mx_array 0000000180086b90 f   sfc_mex:sfc_mex.obj
 0001:00085e80       sf_send_message_wrapper    0000000180086e80 f   sfc_mex:sfc_sf.obj
 0001:00085eb0       sf_receive_message_wrapper 0000000180086eb0 f   sfc_mex:sfc_sf.obj
 0001:00085ef0       sf_check_out_message_wrapper 0000000180086ef0 f   sfc_mex:sfc_sf.obj
 0001:00085f30       sf_check_in_message_wrapper 0000000180086f30 f   sfc_mex:sfc_sf.obj
 0001:00085f70       sf_no_message_wrapper      0000000180086f70 f   sfc_mex:sfc_sf.obj
 0001:00086300       sim_mode_is_rtw_gen        0000000180087300 f   sfc_mex:sfc_sf.obj
 0001:00086330       sim_mode_is_external       0000000180087330 f   sfc_mex:sfc_sf.obj
 0001:00086340       sim_mode_is_modelref_sim   0000000180087340 f   sfc_mex:sfc_sf.obj
 0001:00086360       mdlInitializeSizes         0000000180087360 f   sfc_mex:sfc_sf.obj
 0001:00086380       mdlInitializeSampleTimes   0000000180087380 f   sfc_mex:sfc_sf.obj
 0001:000863c0       mdlZeroCrossings           00000001800873c0 f   sfc_mex:sfc_sf.obj
 0001:000864a0       mdlDerivatives             00000001800874a0 f   sfc_mex:sfc_sf.obj
 0001:00086550       mdl_initialize_conditions_processing 0000000180087550 f   sfc_mex:sfc_sf.obj
 0001:00086580       mdlInitializeConditions    0000000180087580 f   sfc_mex:sfc_sf.obj
 0001:00086640       mdlGetSimState             0000000180087640 f   sfc_mex:sfc_sf.obj
 0001:00086650       mdlSetSimState             0000000180087650 f   sfc_mex:sfc_sf.obj
 0001:00086660       mdl_ext_mode_exec_processing 0000000180087660 f   sfc_mex:sfc_sf.obj
 0001:00086680       mdlExtModeExec             0000000180087680 f   sfc_mex:sfc_sf.obj
 0001:00086810       mdlTerminate               0000000180087810 f   sfc_mex:sfc_sf.obj
 0001:00086880       mdlRTW                     0000000180087880 f   sfc_mex:sfc_sf.obj
 0001:000868b0       mdlSetWorkWidths           00000001800878b0 f   sfc_mex:sfc_sf.obj
 0001:000868c0       mdlProcessParameters       00000001800878c0 f   sfc_mex:sfc_sf.obj
 0001:000868d0       mdl_start_processing       00000001800878d0 f   sfc_mex:sfc_sf.obj
 0001:00086930       mdlStart                   0000000180087930 f   sfc_mex:sfc_sf.obj
 0001:00086a40       mdlEnable                  0000000180087a40 f   sfc_mex:sfc_sf.obj
 0001:00086b10       mdlDisable                 0000000180087b10 f   sfc_mex:sfc_sf.obj
 0001:00086bc0       sf_get_chart_instance_ptr  0000000180087bc0 f   sfc_mex:sfc_sf.obj
 0001:00086be0       sf_load_rtw_optimization_info 0000000180087be0 f   sfc_mex:sfc_sf.obj
 0001:00086cb0       sf_rtw_info_uint_prop      0000000180087cb0 f   sfc_mex:sfc_sf.obj
 0001:00086df0       sf_is_chart_inlinable      0000000180087df0 f   sfc_mex:sfc_sf.obj
 0001:00086e10       sf_mark_output_events_with_multiple_callers 0000000180087e10 f   sfc_mex:sfc_sf.obj
 0001:00086fa0       sf_mark_chart_reusable_outputs 0000000180087fa0 f   sfc_mex:sfc_sf.obj
 0001:00087200       sf_mark_chart_expressionable_inputs 0000000180088200 f   sfc_mex:sfc_sf.obj
 0001:00087460       sf_get_subchart_simstruct  0000000180088460 f   sfc_mex:sfc_sf.obj
 0001:000874b0       sf_get_fixpt_data_type_id  00000001800884b0 f   sfc_mex:sfc_sf.obj
 0001:000874f0       sf_get_enum_data_type_id   00000001800884f0 f   sfc_mex:sfc_sf.obj
 0001:00087530       sf_get_param_data_type_id  0000000180088530 f   sfc_mex:sfc_sf.obj
 0001:00087560       sf_mex_listen_for_ctrl_c_force 0000000180088560 f   sfc_mex:sfc_sf.obj
 0001:00087670       sf_mex_draw_now            0000000180088670 f   sfc_mex:sfc_sf.obj
 0001:000876b0       sf_mex_set_debugger_sim_status_listener_fcn 00000001800886b0 f   sfc_mex:sfc_sf.obj
 0001:000876c0       sf_mex_listen_for_ctrl_c   00000001800886c0 f   sfc_mex:sfc_sf.obj
 0001:00087750       sf_mex_get_sfun_param      0000000180088750 f   sfc_mex:sfc_sf.obj
 0001:000877a0       sf_get_runtime_param_data  00000001800887a0 f   sfc_mex:sfc_sf.obj
 0001:000877e0       sf_call_output_fcn_call    00000001800887e0 f   sfc_mex:sfc_sf.obj
 0001:00087920       sf_call_output_fcn_enable  0000000180088920 f   sfc_mex:sfc_sf.obj
 0001:000879b0       sf_call_output_fcn_disable 00000001800889b0 f   sfc_mex:sfc_sf.obj
 0001:00087a40       sf_clear_rtw_identifier    0000000180088a40 f   sfc_mex:sfc_sf.obj
 0001:00088230       sf_set_encoded_dwork_info  0000000180089230 f   sfc_mex:sfc_sf.obj
 0001:00088280       sf_get_dwork_info_from_mat_file 0000000180089280 f   sfc_mex:sfc_sf.obj
 0001:00088440       sf_set_rtw_dwork_info      0000000180089440 f   sfc_mex:sfc_sf.obj
 0001:000885b0       mdlOutputs                 00000001800895b0 f   sfc_mex:sfc_sf.obj
 0001:00088750       sf_debug_disp              0000000180089750 f   sfc_debug:sfcdebug.obj
 0001:000889b0       sf_debug_data_runtime_size_mismatch_error_check 00000001800899b0 f   sfc_debug:sfcdebug.obj
 0001:00088a50       sf_debug_try_loading_machine 0000000180089a50 f   sfc_debug:sfcdebug.obj
 0001:00088b50       sf_debug_reset_current_state_configuration 0000000180089b50 f   sfc_debug:sfcdebug.obj
 0001:00088be0       sf_debug_store_current_state_configuration 0000000180089be0 f   sfc_debug:sfcdebug.obj
 0001:00088c70       sf_debug_restore_previous_state_configuration 0000000180089c70 f   sfc_debug:sfcdebug.obj
 0001:00088d00       sf_debug_restore_previous_state_configuration2 0000000180089d00 f   sfc_debug:sfcdebug.obj
 0001:00088d90       sf_debug_get_event_scope   0000000180089d90 f   sfc_debug:sfcdebug.obj
 0001:00088f00       use_debugger_step_animation 0000000180089f00 f   sfc_debug:sfcdebug.obj
 0001:00088f20       sf_debug_get_script_id     0000000180089f20 f   sfc_debug:sfcdebug.obj
 0001:00088fb0       sf_debug_set_script_translation 0000000180089fb0 f   sfc_debug:sfcdebug.obj
 0001:00089130       sf_debug_extract_message_post_receive_info 000000018008a130 f   sfc_debug:sfcdebug.obj
 0001:00089230       sf_debug_get_current_machine_id 000000018008a230 f   sfc_debug:sfcdebug.obj
 0001:00089250       sf_debug_get_current_optional_integer 000000018008a250 f   sfc_debug:sfcdebug.obj
 0001:00089260       sf_debug_get_current_machine_number 000000018008a260 f   sfc_debug:sfcdebug.obj
 0001:00089280       sf_debug_get_current_machine_name 000000018008a280 f   sfc_debug:sfcdebug.obj
 0001:000892a0       sf_debug_get_current_chart_id 000000018008a2a0 f   sfc_debug:sfcdebug.obj
 0001:000892f0       sf_debug_get_current_chart_number 000000018008a2f0 f   sfc_debug:sfcdebug.obj
 0001:00089300       sf_debug_get_current_instance_number 000000018008a300 f   sfc_debug:sfcdebug.obj
 0001:00089310       sf_debug_get_current_is_minor_time_step 000000018008a310 f   sfc_debug:sfcdebug.obj
 0001:00089390       sf_debug_get_current_object_type 000000018008a390 f   sfc_debug:sfcdebug.obj
 0001:000893a0       sf_debug_get_current_instance_handle 000000018008a3a0 f   sfc_debug:sfcdebug.obj
 0001:00089400       sf_debug_get_current_event_type 000000018008a400 f   sfc_debug:sfcdebug.obj
 0001:00089410       sf_debug_get_current_object_id 000000018008a410 f   sfc_debug:sfcdebug.obj
 0001:00089450       sf_debug_get_current_active_event_type 000000018008a450 f   sfc_debug:sfcdebug.obj
 0001:00089460       sf_debug_get_current_active_event_id 000000018008a460 f   sfc_debug:sfcdebug.obj
 0001:000894a0       sf_debug_get_current_tag_type 000000018008a4a0 f   sfc_debug:sfcdebug.obj
 0001:000894b0       sf_debug_get_current_simulation_time 000000018008a4b0 f   sfc_debug:sfcdebug.obj
 0001:000894c0       sf_debug_get_current_coverage_percentage 000000018008a4c0 f   sfc_debug:sfcdebug.obj
 0001:000894d0       sf_debug_current_statement_context 000000018008a4d0 f   sfc_debug:sfcdebug.obj
 0001:00089560       sf_debug_get_current_statement_info 000000018008a560 f   sfc_debug:sfcdebug.obj
 0001:000896e0       sf_debug_terminate_instance 000000018008a6e0 f   sfc_debug:sfcdebug.obj
 0001:00089a20       sf_debug_assertion_failed  000000018008aa20 f   sfc_debug:sfcdebug.obj
 0001:00089c80       sf_debug_set_number_of_data_with_change_event_for_machine 000000018008ac80 f   sfc_debug:sfcdebug.obj
 0001:00089cc0       sf_debug_set_machine_event_thresholds 000000018008acc0 f   sfc_debug:sfcdebug.obj
 0001:00089ce0       sf_debug_set_machine_event_scope 000000018008ace0 f   sfc_debug:sfcdebug.obj
 0001:00089d20       sf_debug_set_machine_data_thresholds 000000018008ad20 f   sfc_debug:sfcdebug.obj
 0001:00089d60       sf_debug_set_machine_data_scope 000000018008ad60 f   sfc_debug:sfcdebug.obj
 0001:00089df0       sf_debug_set_machine_data_name 000000018008adf0 f   sfc_debug:sfcdebug.obj
 0001:00089e90       sf_debug_set_machine_data_size 000000018008ae90 f   sfc_debug:sfcdebug.obj
 0001:00089fd0       sf_debug_set_machine_data_type 000000018008afd0 f   sfc_debug:sfcdebug.obj
 0001:0008a140       sf_debug_get_chart_data_number 000000018008b140 f   sfc_debug:sfcdebug.obj
 0001:0008a160       sf_debug_get_chart_event_number 000000018008b160 f   sfc_debug:sfcdebug.obj
 0001:0008a180       sf_debug_set_chart_state_info 000000018008b180 f   sfc_debug:sfcdebug.obj
 0001:0008a200       sf_debug_set_chart_decomposition 000000018008b200 f   sfc_debug:sfcdebug.obj
 0001:0008a270       sf_debug_set_chart_substate_count 000000018008b270 f   sfc_debug:sfcdebug.obj
 0001:0008a350       sf_debug_set_chart_substate_index 000000018008b350 f   sfc_debug:sfcdebug.obj
 0001:0008a3c0       sf_debug_set_chart_state_substate_count 000000018008b3c0 f   sfc_debug:sfcdebug.obj
 0001:0008a4d0       sf_debug_set_chart_state_substate_index 000000018008b4d0 f   sfc_debug:sfcdebug.obj
 0001:0008a550       sf_debug_set_number_of_data_with_change_event_for_chart 000000018008b550 f   sfc_debug:sfcdebug.obj
 0001:0008a5d0       sf_debug_set_number_of_states_with_entry_event_for_chart 000000018008b5d0 f   sfc_debug:sfcdebug.obj
 0001:0008a640       sf_debug_set_number_of_states_with_exit_event_for_chart 000000018008b640 f   sfc_debug:sfcdebug.obj
 0001:0008a6b0       sf_debug_set_chart_disable_implicit_casting 000000018008b6b0 f   sfc_debug:sfcdebug.obj
 0001:0008a720       sf_debug_set_chart_event_thresholds 000000018008b720 f   sfc_debug:sfcdebug.obj
 0001:0008a790       sf_debug_set_chart_data_compiled_props 000000018008b790 f   sfc_debug:sfcdebug.obj
 0001:0008aae0       sf_debug_set_chart_data_props 000000018008bae0 f   sfc_debug:sfcdebug.obj
 0001:0008ae00       sf_debug_check_fi_license  000000018008be00 f   sfc_debug:sfcdebug.obj
 0001:0008aff0       sf_debug_symbol_scope_push 000000018008bff0 f   sfc_debug:sfcdebug.obj
 0001:0008b030       sf_debug_symbol_scope_push_eml 000000018008c030 f   sfc_debug:sfcdebug.obj
 0001:0008b080       sf_debug_symbol_scope_pop  000000018008c080 f   sfc_debug:sfcdebug.obj
 0001:0008b0c0       sf_debug_symbol_scope_add_importable 000000018008c0c0 f   sfc_debug:sfcdebug.obj
 0001:0008b140       sf_debug_symbol_scope_add  000000018008c140 f   sfc_debug:sfcdebug.obj
 0001:0008b1c0       sf_debug_symbol_scope_add_dyn_importable 000000018008c1c0 f   sfc_debug:sfcdebug.obj
 0001:0008b280       sf_debug_symbol_scope_add_dyn 000000018008c280 f   sfc_debug:sfcdebug.obj
 0001:0008b2b0       sf_debug_symbol_scope_add_eml_importable 000000018008c2b0 f   sfc_debug:sfcdebug.obj
 0001:0008b2f0       sf_debug_symbol_scope_add_eml 000000018008c2f0 f   sfc_debug:sfcdebug.obj
 0001:0008b330       sf_debug_symbol_scope_add_eml_dyn_importable 000000018008c330 f   sfc_debug:sfcdebug.obj
 0001:0008b3a0       sf_debug_symbol_scope_add_eml_dyn 000000018008c3a0 f   sfc_debug:sfcdebug.obj
 0001:0008b400       sf_debug_symbol_switch     000000018008c400 f   sfc_debug:sfcdebug.obj
 0001:0008b420       sf_debug_symbol_scope_add_verbose 000000018008c420 f   sfc_debug:sfcdebug.obj
 0001:0008b4f0       sf_debug_set_machine_data_value_ptr 000000018008c4f0 f   sfc_debug:sfcdebug.obj
 0001:0008b530       sf_debug_set_instance_data_value_ptr 000000018008c530 f   sfc_debug:sfcdebug.obj
 0001:0008b5f0       sf_debug_unset_instance_data_value_ptr 000000018008c5f0 f   sfc_debug:sfcdebug.obj
 0001:0008b6a0       sf_debug_set_chart_event_scope 000000018008c6a0 f   sfc_debug:sfcdebug.obj
 0001:0008b720       sf_debug_set_chart_transition_coverage_maps 000000018008c720 f   sfc_debug:sfcdebug.obj
 0001:0008b830       sf_debug_set_chart_state_coverage_maps 000000018008c830 f   sfc_debug:sfcdebug.obj
 0001:0008b910       sf_debug_set_instance_transition_coverage_weights 000000018008c910 f   sfc_debug:sfcdebug.obj
 0001:0008b9b0       sf_debug_set_instance_state_coverage_weights 000000018008c9b0 f   sfc_debug:sfcdebug.obj
 0001:0008bc00       sf_debug_unload_machine    000000018008cc00 f   sfc_debug:sfcdebug.obj
 0001:0008bc50       sf_debug_load_machine      000000018008cc50 f   sfc_debug:sfcdebug.obj
 0001:0008bd50       sf_debug_set_active_instance_in_data_dictionary 000000018008cd50 f   sfc_debug:sfcdebug.obj
 0001:0008bf30       sf_debug_set_active_instance 000000018008cf30 f   sfc_debug:sfcdebug.obj
 0001:0008c090       sf_debug_chart_visiblity_change 000000018008d090 f   sfc_debug:sfcdebug.obj
 0001:0008c190       sf_debug_select_chart      000000018008d190 f   sfc_debug:sfcdebug.obj
 0001:0008c300       sf_debug_set_instance_cv_ids 000000018008d300 f   sfc_debug:sfcdebug.obj
 0001:0008c610       sf_debug_select_charts     000000018008d610 f   sfc_debug:sfcdebug.obj
 0001:0008c7a0       sf_debug_initialized       000000018008d7a0 f   sfc_debug:sfcdebug.obj
 0001:0008c7b0       sf_debug_is_uninterruptible 000000018008d7b0 f   sfc_debug:sfcdebug.obj
 0001:0008c7e0       sf_debug_initialize_debugger_gui 000000018008d7e0 f   sfc_debug:sfcdebug.obj
 0001:0008cbd0       sf_debug_resume            000000018008dbd0 f   sfc_debug:sfcdebug.obj
 0001:0008cbf0       sf_debug_go                000000018008dbf0 f   sfc_debug:sfcdebug.obj
 0001:0008cc00       sf_debug_break             000000018008dc00 f   sfc_debug:sfcdebug.obj
 0001:0008cc10       sf_debug_step_over         000000018008dc10 f   sfc_debug:sfcdebug.obj
 0001:0008cc20       sf_debug_step_out          000000018008dc20 f   sfc_debug:sfcdebug.obj
 0001:0008cc30       sf_debug_set_disable_all_breakpoints 000000018008dc30 f   sfc_debug:sfcdebug.obj
 0001:0008cc40       sf_debug_disable_all_breakpoints_and_go 000000018008dc40 f   sfc_debug:sfcdebug.obj
 0001:0008cc50       sf_debug_break_on_chart_entry 000000018008dc50 f   sfc_debug:sfcdebug.obj
 0001:0008cc60       sf_debug_break_on_event_broadcast 000000018008dc60 f   sfc_debug:sfcdebug.obj
 0001:0008cc70       sf_debug_break_on_state_entry 000000018008dc70 f   sfc_debug:sfcdebug.obj
 0001:0008cc80       sf_debug_break_between_times 000000018008dc80 f   sfc_debug:sfcdebug.obj
 0001:0008cca0       sf_debug_browse_data       000000018008dca0 f   sfc_debug:sfcdebug.obj
 0001:0008ccc0       sf_debug_watch_data        000000018008dcc0 f   sfc_debug:sfcdebug.obj
 0001:0008cce0       sf_debug_assign_data       000000018008dce0 f   sfc_debug:sfcdebug.obj
 0001:0008cd00       sf_debug_whos              000000018008dd00 f   sfc_debug:sfcdebug.obj
 0001:0008cd20       sf_debug_get_consistency_info 000000018008dd20 f   sfc_debug:sfcdebug.obj
 0001:0008cd30       sf_debug_browse_trace      000000018008dd30 f   sfc_debug:sfcdebug.obj
 0001:0008cd40       sf_debug_set_breakpoints   000000018008dd40 f   sfc_debug:sfcdebug.obj
 0001:0008cea0       sf_debug_set_eml_breakpoints 000000018008dea0 f   sfc_debug:sfcdebug.obj
 0001:0008d000       sf_debug_set_script_breakpoints 000000018008e000 f   sfc_debug:sfcdebug.obj
 0001:0008d080       sf_debug_add_script_breakpoints 000000018008e080 f   sfc_debug:sfcdebug.obj
 0001:0008d0f0       sf_debug_clear_script_breakpoints 000000018008e0f0 f   sfc_debug:sfcdebug.obj
 0001:0008d160       sf_debug_query_script_breakpoints 000000018008e160 f   sfc_debug:sfcdebug.obj
 0001:0008d220       sf_debug_get_eml_script_id 000000018008e220 f   sfc_debug:sfcdebug.obj
 0001:0008d270       sf_debug_set_watch         000000018008e270 f   sfc_debug:sfcdebug.obj
 0001:0008d4a0       sf_debug_get_instance_handle 000000018008e4a0 f   sfc_debug:sfcdebug.obj
 0001:0008d530       sf_debug_get_active_states 000000018008e530 f   sfc_debug:sfcdebug.obj
 0001:0008d540       sf_debug_get_animation     000000018008e540 f   sfc_debug:sfcdebug.obj
 0001:0008d550       sf_debug_set_animation     000000018008e550 f   sfc_debug:sfcdebug.obj
 0001:0008d560       sf_debug_animate           000000018008e560 f   sfc_debug:sfcdebug.obj
 0001:0008d590       sf_debug_cycle_detection_check 000000018008e590 f   sfc_debug:sfcdebug.obj
 0001:0008d5a0       sf_debug_data_range_check  000000018008e5a0 f   sfc_debug:sfcdebug.obj
 0001:0008d5b0       sf_debug_transition_conflict_check 000000018008e5b0 f   sfc_debug:sfcdebug.obj
 0001:0008d5c0       sf_debug_state_consistency_check 000000018008e5c0 f   sfc_debug:sfcdebug.obj
 0001:0008d5d0       sf_debug_data_range_check_enabled 000000018008e5d0 f   sfc_debug:sfcdebug.obj
 0001:0008d5f0       sf_debug_transition_conflict_check_enabled 000000018008e5f0 f   sfc_debug:sfcdebug.obj
 0001:0008d610       sf_debug_transition_conflict_check_begin 000000018008e610 f   sfc_debug:sfcdebug.obj
 0001:0008d630       sf_debug_transition_conflict_check_end 000000018008e630 f   sfc_debug:sfcdebug.obj
 0001:0008d650       sf_debug_stop_debugging    000000018008e650 f   sfc_debug:sfcdebug.obj
 0001:0008d680       sf_debug_is_cycle_detected 000000018008e680 f   sfc_debug:sfcdebug.obj
 0001:0008d690       sf_debug_is_array_bounds_detected 000000018008e690 f   sfc_debug:sfcdebug.obj
 0001:0008d6a0       sf_debug_get_state_vectors_data_size 000000018008e6a0 f   sfc_debug:sfcdebug.obj
 0001:0008d6e0       sf_debug_get_state_vectors_data 000000018008e6e0 f   sfc_debug:sfcdebug.obj
 0001:0008d7e0       sf_debug_set_state_vectors_data 000000018008e7e0 f   sfc_debug:sfcdebug.obj
 0001:0008daa0       sf_debug_get_script_index  000000018008eaa0 f   sfc_debug:sfcdebug.obj
 0001:0008dc30       sf_debug_add_script        000000018008ec30 f   sfc_debug:sfcdebug.obj
 0001:0008ddc0       cv_eval_point              000000018008edc0 f   sfc_debug:sfcdebug.obj
 0001:0008df30       cv_eval_testobjective      000000018008ef30 f   sfc_debug:sfcdebug.obj
 0001:0008e050       sf_debug_cv_init_state     000000018008f050 f   sfc_debug:sfcdebug.obj
 0001:0008e170       sf_debug_cv_init_chart     000000018008f170 f   sfc_debug:sfcdebug.obj
 0001:0008e250       sf_debug_cv_init_trans     000000018008f250 f   sfc_debug:sfcdebug.obj
 0001:0008e350       sf_debug_cv_init_testobjectives 000000018008f350 f   sfc_debug:sfcdebug.obj
 0001:0008e530       cv_eml_init_script         000000018008f530 f   sfc_debug:sfcdebug.obj
 0001:0008e640       cv_eml_init_fcn            000000018008f640 f   sfc_debug:sfcdebug.obj
 0001:0008e6f0       cv_eml_init_testobjective  000000018008f6f0 f   sfc_debug:sfcdebug.obj
 0001:0008e7c0       cv_eml_init_saturation     000000018008f7c0 f   sfc_debug:sfcdebug.obj
 0001:0008e880       cv_eml_init_if             000000018008f880 f   sfc_debug:sfcdebug.obj
 0001:0008e950       cv_eml_init_for            000000018008f950 f   sfc_debug:sfcdebug.obj
 0001:0008ea10       cv_eml_init_while          000000018008fa10 f   sfc_debug:sfcdebug.obj
 0001:0008ead0       cv_eml_init_mcdc           000000018008fad0 f   sfc_debug:sfcdebug.obj
 0001:0008ebe0       cv_eml_init_switch         000000018008fbe0 f   sfc_debug:sfcdebug.obj
 0001:0008ecd0       cv_eml_eval                000000018008fcd0 f   sfc_debug:sfcdebug.obj
 0001:0008edb0       sf_debug_bm_is_a_eml_breakpoint 000000018008fdb0 f   sfc_debug:sfcdebug.obj
 0001:0008ef00       sf_debug_temporal_threshold 000000018008ff00 f   sfc_debug:sfcdebug.obj
 0001:0008f260       sf_debug_transition_conflict_error 0000000180090260 f   sfc_debug:sfcdebug.obj
 0001:0008f5e0       sf_debug_state_inconsistency_error 00000001800905e0 f   sfc_debug:sfcdebug.obj
 0001:0008f700       sf_debug_check_for_state_inconsistency 0000000180090700 f   sfc_debug:sfcdebug.obj
 0001:0008f730       sf_debug_cycle_detecton_error 0000000180090730 f   sfc_debug:sfcdebug.obj
 0001:0008ff00       sf_debug_size_eq_check_1d  0000000180090f00 f   sfc_debug:sfcdebug.obj
 0001:0008ff20       sf_debug_size_eq_check_nd  0000000180090f20 f   sfc_debug:sfcdebug.obj
 0001:00090100       sf_debug_dim_size_eq_check 0000000180091100 f   sfc_debug:sfcdebug.obj
 0001:00090130       sf_debug_dim_size_geq_check 0000000180091130 f   sfc_debug:sfcdebug.obj
 0001:00090160       sf_debug_sub_assign_size_check_nd 0000000180091160 f   sfc_debug:sfcdebug.obj
 0001:000903a0       sf_debug_matrix_matrix_index_check 00000001800913a0 f   sfc_debug:sfcdebug.obj
 0001:000903d0       sf_debug_vector_vector_index_check 00000001800913d0 f   sfc_debug:sfcdebug.obj
 0001:00090400       sf_debug_for_loop_vector_check 0000000180091400 f   sfc_debug:sfcdebug.obj
 0001:00090490       sf_debug_runtime_error_msgid 0000000180091490 f   sfc_debug:sfcdebug.obj
 0001:00090520       sf_debug_data_array_bounds_error_check 0000000180091520 f   sfc_debug:sfcdebug.obj
 0001:00090630       sf_debug_eml_data_array_bounds_error_check 0000000180091630 f   sfc_debug:sfcdebug.obj
 0001:00090b10       sf_debug_integer_check     0000000180091b10 f   sfc_debug:sfcdebug.obj
 0001:00090bf0       sf_debug_not_nan_check     0000000180091bf0 f   sfc_debug:sfcdebug.obj
 0001:00090cb0       sf_debug_non_negative_check 0000000180091cb0 f   sfc_debug:sfcdebug.obj
 0001:00090d70       sf_debug_overflow_detection 0000000180091d70 f   sfc_debug:sfcdebug.obj
 0001:00091460       sf_debug_cast_to_real32_T  0000000180092460 f   sfc_debug:sfcdebug.obj
 0001:00091520       sf_debug_cast_to_int8_T    0000000180092520 f   sfc_debug:sfcdebug.obj
 0001:000915e0       sf_debug_cast_to_uint8_T   00000001800925e0 f   sfc_debug:sfcdebug.obj
 0001:000916a0       sf_debug_cast_to_int16_T   00000001800926a0 f   sfc_debug:sfcdebug.obj
 0001:00091760       sf_debug_cast_to_uint16_T  0000000180092760 f   sfc_debug:sfcdebug.obj
 0001:00091820       sf_debug_cast_to_int32_T   0000000180092820 f   sfc_debug:sfcdebug.obj
 0001:000918e0       sf_debug_cast_to_uint32_T  00000001800928e0 f   sfc_debug:sfcdebug.obj
 0001:000919a0       sf_debug_data_range_error  00000001800929a0 f   sfc_debug:sfcdebug.obj
 0001:00091cf0       sf_debug_read_before_write_check 0000000180092cf0 f   sfc_debug:sfcdebug.obj
 0001:00092150       sf_debug_data_range_error_wrapper_min_max 0000000180093150 f   sfc_debug:sfcdebug.obj
 0001:00092240       sf_debug_data_range_error_wrapper_min 0000000180093240 f   sfc_debug:sfcdebug.obj
 0001:00092320       sf_debug_data_range_error_wrapper_max 0000000180093320 f   sfc_debug:sfcdebug.obj
 0001:00092400       sf_debug_data_range_wrapper 0000000180093400 f   sfc_debug:sfcdebug.obj
 0001:000924b0       sf_debug_set_current_status_info 00000001800934b0 f   sfc_debug:sfcdebug.obj
 0001:00092860       sf_debug_register_message_post_receive_info 0000000180093860 f   sfc_debug:sfcdebug.obj
 0001:00092ad0       sf_debug_call              0000000180093ad0 f   sfc_debug:sfcdebug.obj
 0001:00093730       sf_debug_initialize_machine 0000000180094730 f   sfc_debug:sfcdebug.obj
 0001:00093a40       sf_debug_initialize_chart  0000000180094a40 f   sfc_debug:sfcdebug.obj
 0001:00093e90       sf_debug_ensure_script     0000000180094e90 f   sfc_debug:sfcdebug.obj
 0001:00093f50       cv_script_init_script      0000000180094f50 f   sfc_debug:sfcdebug.obj
 0001:00094040       cv_script_init_fcn         0000000180095040 f   sfc_debug:sfcdebug.obj
 0001:000940f0       cv_script_init_testobjective 00000001800950f0 f   sfc_debug:sfcdebug.obj
 0001:000941a0       cv_script_init_if          00000001800951a0 f   sfc_debug:sfcdebug.obj
 0001:00094250       cv_script_init_for         0000000180095250 f   sfc_debug:sfcdebug.obj
 0001:00094300       cv_script_init_while       0000000180095300 f   sfc_debug:sfcdebug.obj
 0001:000943b0       cv_script_init_mcdc        00000001800953b0 f   sfc_debug:sfcdebug.obj
 0001:000944b0       cv_script_init_switch      00000001800954b0 f   sfc_debug:sfcdebug.obj
 0001:00094590       cv_script_eval             0000000180095590 f   sfc_debug:sfcdebug.obj
 0001:00094670       eml_debug_line_call        0000000180095670 f   sfc_debug:sfcdebug.obj
 0001:00094820       sf_debug_terminate         0000000180095820 f   sfc_debug:sfcdebug.obj
 0001:00094990       sf_debug_set_script_cv_ids 0000000180095990 f   sfc_debug:sfcdebug.obj
 0001:00094ac0       sf_debug_api               0000000180095ac0 f   sfc_debug:sfc_api.obj
 0001:00096170       sf_debug_sm_terminate      0000000180097170 f   sfc_debug:sfdb_animation.obj
 0001:00096330       sf_debug_reset_path_objects 0000000180097330 f   sfc_debug:sfdb_animation.obj
 0001:000963b0       sf_debug_sm_reset_object_selection_status 00000001800973b0 f   sfc_debug:sfdb_animation.obj
 0001:00096450       sf_debug_sm_reset_state_buffer 0000000180097450 f   sfc_debug:sfdb_animation.obj
 0001:00096520       sf_debug_sm_store_state_buffer 0000000180097520 f   sfc_debug:sfdb_animation.obj
 0001:000965a0       sf_debug_sm_restore_state_buffer1 00000001800975a0 f   sfc_debug:sfdb_animation.obj
 0001:00096610       sf_debug_sm_restore_state_buffer2 0000000180097610 f   sfc_debug:sfdb_animation.obj
 0001:00096680       sf_debug_sm_chart_active   0000000180097680 f   sfc_debug:sfdb_animation.obj
 0001:000966d0       sf_debug_sm_select_active_objects 00000001800976d0 f   sfc_debug:sfdb_animation.obj
 0001:00096bc0       sf_debug_sm_is_chart_active 0000000180097bc0 f   sfc_debug:sfdb_animation.obj
 0001:00096c00       sf_debug_sm_is_state_active 0000000180097c00 f   sfc_debug:sfdb_animation.obj
 0001:00096e40       sf_debug_sm_get_active_states 0000000180097e40 f   sfc_debug:sfdb_animation.obj
 0001:00097400       sf_debug_sm_initialize_instance 0000000180098400 f   sfc_debug:sfdb_animation.obj
 0001:00097620       sf_debug_sm_change_object_selection_status 0000000180098620 f   sfc_debug:sfdb_animation.obj
 0001:00097930       cv_create_interface        0000000180098930 f   sfc_debug:cv_sfinterface.obj
 0001:00097c90       cv_init_trans              0000000180098c90 f   sfc_debug:cv_sfinterface.obj
 0001:00097ce0       cv_init_testobjective      0000000180098ce0 f   sfc_debug:cv_sfinterface.obj
 0001:00097d20       cv_init_state              0000000180098d20 f   sfc_debug:cv_sfinterface.obj
 0001:00097d90       cv_init_chart              0000000180098d90 f   sfc_debug:cv_sfinterface.obj
 0001:00097de0       cv_dec_update_call         0000000180098de0 f   sfc_debug:cv_sfinterface.obj
 0001:00097e20       cv_cond_update_call        0000000180098e20 f   sfc_debug:cv_sfinterface.obj
 0001:00097e60       cv_testobjective_update_call 0000000180098e60 f   sfc_debug:cv_sfinterface.obj
 0001:00097ea0       cv_sigrange_update         0000000180098ea0 f   sfc_debug:cv_sfinterface.obj
 0001:00097ee0       cvsf_eml_eval              0000000180098ee0 f   sfc_debug:cv_sfinterface.obj
 0001:00097fd0       cvsf_eml_init_script       0000000180098fd0 f   sfc_debug:cv_sfinterface.obj
 0001:00098060       cvsf_eml_init_fcn          0000000180099060 f   sfc_debug:cv_sfinterface.obj
 0001:000980c0       cvsf_eml_init_testobjective 00000001800990c0 f   sfc_debug:cv_sfinterface.obj
 0001:00098120       cvsf_eml_init_saturation   0000000180099120 f   sfc_debug:cv_sfinterface.obj
 0001:00098170       cvsf_eml_init_if           0000000180099170 f   sfc_debug:cv_sfinterface.obj
 0001:000981d0       cvsf_eml_init_for          00000001800991d0 f   sfc_debug:cv_sfinterface.obj
 0001:00098220       cvsf_eml_init_while        0000000180099220 f   sfc_debug:cv_sfinterface.obj
 0001:00098270       cvsf_eml_init_mcdc         0000000180099270 f   sfc_debug:cv_sfinterface.obj
 0001:00098300       cvsf_eml_init_switch       0000000180099300 f   sfc_debug:cv_sfinterface.obj
 0001:00098370       cvsf_script_eval           0000000180099370 f   sfc_debug:cv_sfinterface.obj
 0001:00098460       cvsf_script_init_script    0000000180099460 f   sfc_debug:cv_sfinterface.obj
 0001:000984f0       cvsf_script_init_fcn       00000001800994f0 f   sfc_debug:cv_sfinterface.obj
 0001:00098550       cvsf_script_init_testobjective 0000000180099550 f   sfc_debug:cv_sfinterface.obj
 0001:000985b0       cvsf_script_init_saturation 00000001800995b0 f   sfc_debug:cv_sfinterface.obj
 0001:00098600       cvsf_script_init_if        0000000180099600 f   sfc_debug:cv_sfinterface.obj
 0001:00098660       cvsf_script_init_for       0000000180099660 f   sfc_debug:cv_sfinterface.obj
 0001:000986b0       cvsf_script_init_while     00000001800996b0 f   sfc_debug:cv_sfinterface.obj
 0001:00098700       cvsf_script_init_mcdc      0000000180099700 f   sfc_debug:cv_sfinterface.obj
 0001:00098790       cvsf_script_init_switch    0000000180099790 f   sfc_debug:cv_sfinterface.obj
 0001:00098800       cv_destroy_interface       0000000180099800 f   sfc_debug:cv_sfinterface.obj
 0001:00098820       cv_create_instance_objects 0000000180099820 f   sfc_debug:cv_sfinterface.obj
 0001:00098cd0       cv_is_enabled              0000000180099cd0 f   sfc_debug:cv_sfinterface.obj
 0001:00098ce0       sf_debug_cv_initialize_script 0000000180099ce0 f   sfc_debug:cv_sfinterface.obj
 0001:00098e90       sf_debug_cv_initialize_instance 0000000180099e90 f   sfc_debug:cv_sfinterface.obj
 0001:00099230       sf_debug_cv_terminate_chart 000000018009a230 f   sfc_debug:cv_sfinterface.obj
 0001:00099370       cv_call_trans_test         000000018009a370 f   sfc_debug:cv_sfinterface.obj
 0001:00099380       cv_call_sub_cond_test      000000018009a380 f   sfc_debug:cv_sfinterface.obj
 0001:000993c0       sf_debug_st_initialize_machine 000000018009a3c0 f   sfc_debug:sfdb_data_browse.obj
 0001:00099480       sf_debug_st_initialize_instance 000000018009a480 f   sfc_debug:sfdb_data_browse.obj
 0001:000996b0       sf_debug_st_terminate      000000018009a6b0 f   sfc_debug:sfdb_data_browse.obj
 0001:00099a50       sf_debug_st_set_data_value_ptr_in_machine 000000018009aa50 f   sfc_debug:sfdb_data_browse.obj
 0001:00099ae0       sf_debug_st_set_data_value_ptr_in_instance 000000018009aae0 f   sfc_debug:sfdb_data_browse.obj
 0001:00099bc0       sf_debug_st_unset_data_value_ptr_in_machine 000000018009abc0 f   sfc_debug:sfdb_data_browse.obj
 0001:00099c30       sf_debug_st_unset_data_value_ptr_in_instance 000000018009ac30 f   sfc_debug:sfdb_data_browse.obj
 0001:00099f40       sf_debug_mx_value          000000018009af40 f   sfc_debug:sfdb_data_browse.obj
 0001:00099fa0       sf_debug_mx_packed_vector  000000018009afa0 f   sfc_debug:sfdb_data_browse.obj
 0001:0009a080       sf_debug_mx_uint_vector    000000018009b080 f   sfc_debug:sfdb_data_browse.obj
 0001:0009a140       sf_debug_st_get_double_value_from_void_ptr_vector 000000018009b140 f   sfc_debug:sfdb_data_browse.obj
 0001:0009ac30       sf_debug_st_browse_data    000000018009bc30 f   sfc_debug:sfdb_data_browse.obj
 0001:0009b4c0       sf_debug_hm_initialize_instance 000000018009c4c0 f   sfc_debug:sfdb_handle_management.obj
 0001:0009b9f0       sf_debug_hm_get_object_id  000000018009c9f0 f   sfc_debug:sfdb_handle_management.obj
 0001:0009c5a0       sf_debug_hm_update_chart_visibility 000000018009d5a0 f   sfc_debug:sfdb_handle_management.obj
 0001:0009d880       sf_debug_object_is_eml_function 000000018009e880 f   sfc_debug:sfdb_handle_management.obj
 0001:0009d8f0       sf_debug_hm_initialize_ids_in_machine 000000018009e8f0 f   sfc_debug:sfdb_handle_management.obj
 0001:0009da60       sf_debug_hm_initialize_ids_in_chart 000000018009ea60 f   sfc_debug:sfdb_handle_management.obj
 0001:0009db60       sf_debug_hm_initialize_chart 000000018009eb60 f   sfc_debug:sfdb_handle_management.obj
 0001:0009e300       sf_debug_hm_terminate      000000018009f300 f   sfc_debug:sfdb_handle_management.obj
 0001:0009e360       sf_debug_hm_initialize_machine 000000018009f360 f   sfc_debug:sfdb_handle_management.obj
 0001:0009eb10       sf_debug_ss_initialize     000000018009fb10 f   sfc_debug:sfdb_symbol_scope.obj
 0001:0009eb30       sf_debug_ss_terminate      000000018009fb30 f   sfc_debug:sfdb_symbol_scope.obj
 0001:0009ebc0       sf_debug_ss_push_symbol_scope 000000018009fbc0 f   sfc_debug:sfdb_symbol_scope.obj
 0001:0009ecc0       sf_debug_ss_push_symbol_scope_eml 000000018009fcc0 f   sfc_debug:sfdb_symbol_scope.obj
 0001:0009ed20       sf_debug_ss_pop_symbol_scope 000000018009fd20 f   sfc_debug:sfdb_symbol_scope.obj
 0001:0009edd0       sf_debug_ss_add_symbol     000000018009fdd0 f   sfc_debug:sfdb_symbol_scope.obj
 0001:0009ef30       sf_debug_ss_add_symbol_eml 000000018009ff30 f   sfc_debug:sfdb_symbol_scope.obj
 0001:0009fc50       sf_debug_ss_set_data_value 00000001800a0c50 f   sfc_debug:sfdb_symbol_scope.obj
 0001:000a0120       getInstanceNumber          00000001800a1120 f   sfc_debug:sfdb_symbol_scope.obj
 0001:000a01f0       sf_debug_ss_watch_data     00000001800a11f0 f   sfc_debug:sfdb_symbol_scope.obj
 0001:000a0390       sf_debug_ss_assign_data    00000001800a1390 f   sfc_debug:sfdb_symbol_scope.obj
 0001:000a0db0       get_data_entry_name        00000001800a1db0 f   sfc_debug:sfdb_symbol_scope.obj
 0001:000a0e00       sf_debug_ss_whos           00000001800a1e00 f   sfc_debug:sfdb_symbol_scope.obj
 0001:000a1520       sf_debug_cc_initialize_chart 00000001800a2520 f   sfc_debug:sfdb_coverage.obj
 0001:000a1f10       sf_debug_cc_initialize_instance 00000001800a2f10 f   sfc_debug:sfdb_coverage.obj
 0001:000a2d20       sf_debug_cc_terminate      00000001800a3d20 f   sfc_debug:sfdb_coverage.obj
 0001:000a2e10       sf_debug_cc_set_transition_maps 00000001800a3e10 f   sfc_debug:sfdb_coverage.obj
 0001:000a2f40       sf_debug_cc_set_state_maps 00000001800a3f40 f   sfc_debug:sfdb_coverage.obj
 0001:000a3020       sf_debug_cc_set_transition_weights 00000001800a4020 f   sfc_debug:sfdb_coverage.obj
 0001:000a32f0       sf_debug_cc_set_state_weights 00000001800a42f0 f   sfc_debug:sfdb_coverage.obj
 0001:000a35c0       sf_debug_cc_mark_transition_guard 00000001800a45c0 f   sfc_debug:sfdb_coverage.obj
 0001:000a3650       sf_debug_cc_mark_transition_trigger 00000001800a4650 f   sfc_debug:sfdb_coverage.obj
 0001:000a36e0       sf_debug_cc_mark_transition_decision 00000001800a46e0 f   sfc_debug:sfdb_coverage.obj
 0001:000a3750       sf_debug_cc_mark_transition_condition_action 00000001800a4750 f   sfc_debug:sfdb_coverage.obj
 0001:000a37a0       sf_debug_cc_mark_transition_transition_action 00000001800a47a0 f   sfc_debug:sfdb_coverage.obj
 0001:000a37f0       sf_debug_cc_mark_state_entry 00000001800a47f0 f   sfc_debug:sfdb_coverage.obj
 0001:000a3840       sf_debug_cc_mark_state_during 00000001800a4840 f   sfc_debug:sfdb_coverage.obj
 0001:000a3890       sf_debug_cc_mark_state_exit 00000001800a4890 f   sfc_debug:sfdb_coverage.obj
 0001:000a38e0       sf_debug_bm_clear_script_breakpoints 00000001800a48e0 f   sfc_debug:sfdb_breakpoints.obj
 0001:000a3910       sf_debug_bm_set_script_breakpoint 00000001800a4910 f   sfc_debug:sfdb_breakpoints.obj
 0001:000a3990       sf_debug_bm_clear_single_script_breakpoint 00000001800a4990 f   sfc_debug:sfdb_breakpoints.obj
 0001:000a3a10       sf_debug_bm_query_script_breakpoint 00000001800a4a10 f   sfc_debug:sfdb_breakpoints.obj
 0001:000a3a60       sf_debug_bm_initialize_scripts 00000001800a4a60 f   sfc_debug:sfdb_breakpoints.obj
 0001:000a4180       sf_debug_bm_terminate      00000001800a5180 f   sfc_debug:sfdb_breakpoints.obj
 0001:000a4470       sf_debug_bm_remove_all_breakpoints_in_machine 00000001800a5470 f   sfc_debug:sfdb_breakpoints.obj
 0001:000a44e0       sf_debug_bm_remove_all_breakpoints_in_chart 00000001800a54e0 f   sfc_debug:sfdb_breakpoints.obj
 0001:000a4630       sf_debug_bm_initialize_global_breakpoints 00000001800a5630 f   sfc_debug:sfdb_breakpoints.obj
 0001:000a47b0       sf_debug_bm_set_breakpoint 00000001800a57b0 f   sfc_debug:sfdb_breakpoints.obj
 0001:000a4db0       sf_debug_bm_set_eml_breakpoint 00000001800a5db0 f   sfc_debug:sfdb_breakpoints.obj
 0001:000a4e50       sf_debug_bm_initialize_machine_breakpoint_map 00000001800a5e50 f   sfc_debug:sfdb_breakpoints.obj
 0001:000a5270       sf_debug_bm_is_a_breakpoint 00000001800a6270 f   sfc_debug:sfdb_breakpoints.obj
 0001:000a5850       sf_debug_bm_get_all_breakpoints_in_machine 00000001800a6850 f   sfc_debug:sfdb_breakpoints.obj
 0001:000a5b50       sf_debug_bm_get_all_breakpoints_in_chart 00000001800a6b50 f   sfc_debug:sfdb_breakpoints.obj
 0001:000a6810       sf_debug_bm_initialize_machine 00000001800a7810 f   sfc_debug:sfdb_breakpoints.obj
 0001:000a68e0       sf_debug_bm_initialize_chart 00000001800a78e0 f   sfc_debug:sfdb_breakpoints.obj
 0001:000a6d00       sf_debug_sc_terminate      00000001800a7d00 f   sfc_debug:sfdb_state_consistency.obj
 0001:000a7030       sf_debug_sc_is_chart_consistent 00000001800a8030 f   sfc_debug:sfdb_state_consistency.obj
 0001:000a72e0       sf_debug_sc_get_consistency_error_info 00000001800a82e0 f   sfc_debug:sfdb_state_consistency.obj
 0001:000a7730       sf_debug_tm_terminate      00000001800a8730 f   sfc_debug:sfdb_call_stack.obj
 0001:000a77f0       sf_debug_tm_push_chart_instance 00000001800a87f0 f   sfc_debug:sfdb_call_stack.obj
 0001:000a7940       sf_debug_tm_pop_chart_instance 00000001800a8940 f   sfc_debug:sfdb_call_stack.obj
 0001:000a79a0       sf_debug_tm_push_trace_node 00000001800a89a0 f   sfc_debug:sfdb_call_stack.obj
 0001:000a7b30       sf_debug_tm_pop_trace_node 00000001800a8b30 f   sfc_debug:sfdb_call_stack.obj
 0001:000a7bb0       sf_debug_tm_get_current_global_trace_index 00000001800a8bb0 f   sfc_debug:sfdb_call_stack.obj
 0001:000a7bc0       sf_debug_tm_get_current_local_trace_index 00000001800a8bc0 f   sfc_debug:sfdb_call_stack.obj
 0001:000a7bf0       sf_debug_tm_set_cycle_detected_flag 00000001800a8bf0 f   sfc_debug:sfdb_call_stack.obj
 0001:000a7c30       sf_debug_tm_set_cycle_started_flag 00000001800a8c30 f   sfc_debug:sfdb_call_stack.obj
 0001:000a7c70       sf_debug_tm_get_chart_number_from_stack 00000001800a8c70 f   sfc_debug:sfdb_call_stack.obj
 0001:000a7e70       sf_debug_tm_browse_trace   00000001800a8e70 f   sfc_debug:sfdb_call_stack.obj
 0001:000a81b0       sf_debug_cd_initialize_instance 00000001800a91b0 f   sfc_debug:sfdb_cycle_detection.obj
 0001:000a8460       sf_debug_cd_mark_processed_transition_in_instance 00000001800a9460 f   sfc_debug:sfdb_cycle_detection.obj
 0001:000a8500       sf_debug_cd_checksum_push  00000001800a9500 f   sfc_debug:sfdb_cycle_detection.obj
 0001:000a87c0       sf_debug_cd_checksum_pop   00000001800a97c0 f   sfc_debug:sfdb_cycle_detection.obj
 0001:000a8830       sf_debug_cd_turn_off_cycle_detection 00000001800a9830 f   sfc_debug:sfdb_cycle_detection.obj
 0001:000a8880       sf_debug_cd_terminate      00000001800a9880 f   sfc_debug:sfdb_cycle_detection.obj
 0001:000a8ac0       md5_initialize_state       00000001800a9ac0 f   sfc_debug:ckmd5.obj
 0001:000a9530       md5_update_state           00000001800aa530 f   sfc_debug:ckmd5.obj
 0001:000a9550       md5_get_hash               00000001800aa550 f   sfc_debug:ckmd5.obj
 0001:000a9580       md5_get_hash_for_a_single_string 00000001800aa580 f   sfc_debug:ckmd5.obj
 0001:000a95e4       mxGetPr                    00000001800aa5e4 f   libmx:libmx.dll
 0001:000a95ea       mxCreateDoubleScalar       00000001800aa5ea f   libmx:libmx.dll
 0001:000a95f0       mxCreateDoubleMatrix_730   00000001800aa5f0 f   libmx:libmx.dll
 0001:000a95f6       mxSetField_730             00000001800aa5f6 f   libmx:libmx.dll
 0001:000a95fc       mxCreateString             00000001800aa5fc f   libmx:libmx.dll
 0001:000a9602       mxCreateStructMatrix_730   00000001800aa602 f   libmx:libmx.dll
 0001:000a9608       mxDestroyArray             00000001800aa608 f   libmx:libmx.dll
 0001:000a960e       mxDuplicateArray           00000001800aa60e f   libmx:libmx.dll
 0001:000a9614       mxIsEmpty                  00000001800aa614 f   libmx:libmx.dll
 0001:000a961a       mxGetString_730            00000001800aa61a f   libmx:libmx.dll
 0001:000a9620       mxIsChar                   00000001800aa620 f   libmx:libmx.dll
 0001:000a9626       mxGetClassID               00000001800aa626 f   libmx:libmx.dll
 0001:000a962c       mxIsNumeric                00000001800aa62c f   libmx:libmx.dll
 0001:000a9632       mxIsComplex                00000001800aa632 f   libmx:libmx.dll
 0001:000a9638       mxGetN                     00000001800aa638 f   libmx:libmx.dll
 0001:000a963e       mxGetM                     00000001800aa63e f   libmx:libmx.dll
 0001:000a9644       mxCalloc                   00000001800aa644 f   libmx:libmx.dll
 0001:000a964a       mxGetScalar                00000001800aa64a f   libmx:libmx.dll
 0001:000a9650       mxIsLogical                00000001800aa650 f   libmx:libmx.dll
 0001:000a9656       mxCreateDoubleMatrix_700   00000001800aa656 f   libmx:libmx.dll
 0001:000a965c       mxFree                     00000001800aa65c f   libmx:libmx.dll
 0001:000a9662       mxArrayToString            00000001800aa662 f   libmx:libmx.dll
 0001:000a9668       mxCreateCellMatrix_700     00000001800aa668 f   libmx:libmx.dll
 0001:000a966e       mxSetCell_700              00000001800aa66e f   libmx:libmx.dll
 0001:000a9674       mxGetCell_700              00000001800aa674 f   libmx:libmx.dll
 0001:000a967a       mxGetClassName             00000001800aa67a f   libmx:libmx.dll
 0001:000a9680       mxSetField_700             00000001800aa680 f   libmx:libmx.dll
 0001:000a9686       mxAddField                 00000001800aa686 f   libmx:libmx.dll
 0001:000a968c       mxGetField_700             00000001800aa68c f   libmx:libmx.dll
 0001:000a9692       mxGetNumberOfElements      00000001800aa692 f   libmx:libmx.dll
 0001:000a9698       mxIsStruct                 00000001800aa698 f   libmx:libmx.dll
 0001:000a969e       mxIsA                      00000001800aa69e f   libmx:libmx.dll
 0001:000a96a4       mxIsClass                  00000001800aa6a4 f   libmx:libmx.dll
 0001:000a96aa       mxGetLogicals              00000001800aa6aa f   libmx:libmx.dll
 0001:000a96b0       mxIsSparse                 00000001800aa6b0 f   libmx:libmx.dll
 0001:000a96b6       mxSetFieldByNumber_700     00000001800aa6b6 f   libmx:libmx.dll
 0001:000a96bc       mxGetFieldByNumber_700     00000001800aa6bc f   libmx:libmx.dll
 0001:000a96c2       mxGetFieldNameByNumber     00000001800aa6c2 f   libmx:libmx.dll
 0001:000a96c8       mxGetNumberOfFields        00000001800aa6c8 f   libmx:libmx.dll
 0001:000a96ce       mxCreateStructMatrix_700   00000001800aa6ce f   libmx:libmx.dll
 0001:000a96d4       mxGetFieldNumber           00000001800aa6d4 f   libmx:libmx.dll
 0001:000a96da       mxIsNaN                    00000001800aa6da f   libmx:libmx.dll
 0001:000a96e0       mxGetData                  00000001800aa6e0 f   libmx:libmx.dll
 0001:000a96e6       mxGetImagData              00000001800aa6e6 f   libmx:libmx.dll
 0001:000a96ec       mxArrayClassIDName         00000001800aa6ec f   libmx:libmx.dll
 0001:000a96f2       mxCreateNumericMatrix_700  00000001800aa6f2 f   libmx:libmx.dll
 0001:000a96f8       mxCreateStructArray_700    00000001800aa6f8 f   libmx:libmx.dll
 0001:000a96fe       mxCalcSingleSubscript_700  00000001800aa6fe f   libmx:libmx.dll
 0001:000a9704       mxGetDimensions_700        00000001800aa704 f   libmx:libmx.dll
 0001:000a970a       mxGetNumberOfDimensions_700 00000001800aa70a f   libmx:libmx.dll
 0001:000a9710       mxCreateNumericArray_700   00000001800aa710 f   libmx:libmx.dll
 0001:000a9716       mxGetElementSize           00000001800aa716 f   libmx:libmx.dll
 0001:000a971c       mxCreateStringFromNChars_700 00000001800aa71c f   libmx:libmx.dll
 0001:000a9722       mxGetString_700            00000001800aa722 f   libmx:libmx.dll
 0001:000a9728       mxIsLogicalScalarTrue      00000001800aa728 f   libmx:libmx.dll
 0001:000a972e       mxCreateLogicalScalar      00000001800aa72e f   libmx:libmx.dll
 0001:000a9734       mexUnlock                  00000001800aa734 f   libmex:libmex.dll
 0001:000a973a       mexIsLocked                00000001800aa73a f   libmex:libmex.dll
 0001:000a9740       mexWarnMsgTxt              00000001800aa740 f   libmex:libmex.dll
 0001:000a9746       mexCallMATLAB              00000001800aa746 f   libmex:libmex.dll
 0001:000a974c       mexErrMsgTxt               00000001800aa74c f   libmex:libmex.dll
 0001:000a9752       mexMakeArrayPersistent     00000001800aa752 f   libmex:libmex.dll
 0001:000a9758       mexSetTrapFlag             00000001800aa758 f   libmex:libmex.dll
 0001:000a975e       mexPutVariable             00000001800aa75e f   libmex:libmex.dll
 0001:000a9764       mexGetVariable             00000001800aa764 f   libmex:libmex.dll
 0001:000a976a       mexLock                    00000001800aa76a f   libmex:libmex.dll
 0001:000a9770       mexMakeMemoryPersistent    00000001800aa770 f   libmex:libmex.dll
 0001:000a9776       mexFunctionName            00000001800aa776 f   libmex:libmex.dll
 0001:000a977c       ssRegisterDataTypeFxpFSlopeFixExpBias 00000001800aa77c f   libfixedpoint:libfixedpoint.dll
 0001:000a9782       utVSNprintf                00000001800aa782 f   libut:libut.dll
 0001:000a9788       utCPUtime                  00000001800aa788 f   libut:libut.dll
 0001:000a978e       utFree                     00000001800aa78e f   libut:libut.dll
 0001:000a9794       utMalloc                   00000001800aa794 f   libut:libut.dll
 0001:000a979a       muDoubleScalarAbs          00000001800aa79a f   libmwmathutil:libmwmathutil.dll
 0001:000a97a0       muDoubleScalarRound        00000001800aa7a0 f   libmwmathutil:libmwmathutil.dll
 0001:000a97a6       muDoubleScalarPower        00000001800aa7a6 f   libmwmathutil:libmwmathutil.dll
 0001:000a97ac       muDoubleScalarFloor        00000001800aa7ac f   libmwmathutil:libmwmathutil.dll
 0001:000a97b2       emlrtCreateRootTLS         00000001800aa7b2 f   libemlrt:libemlrt.dll
 0001:000a97b8       emlrtDestroyRootTLS        00000001800aa7b8 f   libemlrt:libemlrt.dll
 0001:000a97be       emlrtCheckBuiltInR2012b    00000001800aa7be f   libemlrt:libemlrt.dll
 0001:000a97c4       emlrtCheckVsBuiltInR2012b  00000001800aa7c4 f   libemlrt:libemlrt.dll
 0001:000a97ca       emlrtCheckEnumR2012b       00000001800aa7ca f   libemlrt:libemlrt.dll
 0001:000a97d0       emlrtCreateEnumR2012b      00000001800aa7d0 f   libemlrt:libemlrt.dll
 0001:000a97d6       emlrtGetEnumElementR2009a  00000001800aa7d6 f   libemlrt:libemlrt.dll
 0001:000a97dc       emlrtCreateReference       00000001800aa7dc f   libemlrt:libemlrt.dll
 0001:000a97e2       emlrtImportVsFiArrayR2009b 00000001800aa7e2 f   libemlrt:libemlrt.dll
 0001:000a97e8       emlrtNameCapturePostProcessR2012a 00000001800aa7e8 f   libemlrt:libemlrt.dll
 0001:000a97ee       emlrtExtractMessageId      00000001800aa7ee f   libemlrt:libemlrt.dll
 0001:000a97f4       emlrtTranslateMessageIDtoLCPstring 00000001800aa7f4 f   libemlrt:libemlrt.dll
 0001:000a97fa       emlrtForLoopVectorIsValidR2011b 00000001800aa7fa f   libemlrt:libemlrt.dll
 0001:000a9800       emlrtTranslateUTF16MessagetoLCPstring 00000001800aa800 f   libemlrt:libemlrt.dll
 0001:000a9806       emlrtGetEnumUnderlyingArrayR2009a 00000001800aa806 f   libemlrt:libemlrt.dll
 0001:000a980c       emlrtIsEnumR2009a          00000001800aa80c f   libemlrt:libemlrt.dll
 0001:000a9814       __GSHandlerCheckCommon     00000001800aa814 f   MSVCRT:gshandler.obj
 0001:000a9878       __GSHandlerCheck           00000001800aa878 f   MSVCRT:gshandler.obj
 0001:000a9896       strlen                     00000001800aa896 f   MSVCRT:MSVCR100.dll
 0001:000a98b0       __security_check_cookie    00000001800aa8b0 f   MSVCRT:amdsecgs.obj
 0001:000a98e0       _alloca_probe              00000001800aa8e0     MSVCRT:chkstk.obj
 0001:000a98e0       __chkstk                   00000001800aa8e0 f   MSVCRT:chkstk.obj
 0001:000a992e       memset                     00000001800aa92e f   MSVCRT:MSVCR100.dll
 0001:000a9934       malloc                     00000001800aa934 f   MSVCRT:MSVCR100.dll
 0001:000a993a       free                       00000001800aa93a f   MSVCRT:MSVCR100.dll
 0001:000a9940       strcmp                     00000001800aa940 f   MSVCRT:MSVCR100.dll
 0001:000a9946       sprintf                    00000001800aa946 f   MSVCRT:MSVCR100.dll
 0001:000a994c       strcat                     00000001800aa94c f   MSVCRT:MSVCR100.dll
 0001:000a9952       memcpy                     00000001800aa952 f   MSVCRT:MSVCR100.dll
 0001:000a9958       NtCurrentTeb               00000001800aa958 f i MSVCRT:crtdll.obj
 0001:000a99c4       _CRT_INIT                  00000001800aa9c4 f   MSVCRT:crtdll.obj
 0001:000a9d5c       _DllMainCRTStartup         00000001800aad5c f   MSVCRT:crtdll.obj
 0001:000a9d9a       strncpy                    00000001800aad9a f   MSVCRT:MSVCR100.dll
 0001:000a9da0       longjmp                    00000001800aada0 f   MSVCRT:MSVCR100.dll
 0001:000a9da6       strncmp                    00000001800aada6 f   MSVCRT:MSVCR100.dll
 0001:000a9dac       ceil                       00000001800aadac f   MSVCRT:MSVCR100.dll
 0001:000a9db2       strrchr                    00000001800aadb2 f   MSVCRT:MSVCR100.dll
 0001:000a9db8       _setjmp                    00000001800aadb8 f   MSVCRT:MSVCR100.dll
 0001:000a9dbe       calloc                     00000001800aadbe f   MSVCRT:MSVCR100.dll
 0001:000a9dc4       realloc                    00000001800aadc4 f   MSVCRT:MSVCR100.dll
 0001:000a9dca       ldexp                      00000001800aadca f   MSVCRT:MSVCR100.dll
 0001:000a9dd0       __report_gsfailure         00000001800aadd0 f   MSVCRT:gs_report.obj
 0001:000a9f1c       __clean_type_info_names    00000001800aaf1c f   MSVCRT:tncleanup.obj
 0001:000a9f28       _onexit                    00000001800aaf28 f   MSVCRT:atonexit.obj
 0001:000a9fd8       atexit                     00000001800aafd8 f   MSVCRT:atonexit.obj
 0001:000a9ff0       _RTC_Initialize            00000001800aaff0 f   MSVCRT:_initsect_.obj
 0001:000aa028       _RTC_Terminate             00000001800ab028 f   MSVCRT:_initsect_.obj
 0001:000aa060       _malloc_crt                00000001800ab060 f   MSVCRT:MSVCR100.dll
 0001:000aa070       _ValidateImageBase         00000001800ab070 f   MSVCRT:pesect.obj
 0001:000aa0a0       _FindPESection             00000001800ab0a0 f   MSVCRT:pesect.obj
 0001:000aa0f0       _IsNonwritableInCurrentImage 00000001800ab0f0 f   MSVCRT:pesect.obj
 0001:000aa132       _initterm                  00000001800ab132 f   MSVCRT:MSVCR100.dll
 0001:000aa138       _initterm_e                00000001800ab138 f   MSVCRT:MSVCR100.dll
 0001:000aa13e       _encoded_null              00000001800ab13e f   MSVCRT:MSVCR100.dll
 0001:000aa144       _amsg_exit                 00000001800ab144 f   MSVCRT:MSVCR100.dll
 0001:000aa14a       __C_specific_handler       00000001800ab14a f   MSVCRT:MSVCR100.dll
 0001:000aa150       __CppXcptFilter            00000001800ab150 f   MSVCRT:MSVCR100.dll
 0001:000aa158       DllMain                    00000001800ab158 f   MSVCRT:dllmain.obj
 0001:000aa17c       __security_init_cookie     00000001800ab17c f   MSVCRT:gs_support.obj
 0001:000aa230       __crt_debugger_hook        00000001800ab230 f   MSVCRT:MSVCR100.dll
 0001:000aa236       __clean_type_info_names_internal 00000001800ab236 f   MSVCRT:MSVCR100.dll
 0001:000aa23c       _unlock                    00000001800ab23c f   MSVCRT:MSVCR100.dll
 0001:000aa242       __dllonexit                00000001800ab242 f   MSVCRT:MSVCR100.dll
 0001:000aa248       _lock                      00000001800ab248 f   MSVCRT:MSVCR100.dll
 0001:000aa24e       EncodePointer              00000001800ab24e f   kernel32:KERNEL32.dll
 0001:000aa254       DecodePointer              00000001800ab254 f   kernel32:KERNEL32.dll
 0001:000aa25a       Sleep                      00000001800ab25a f   kernel32:KERNEL32.dll
 0001:000aa260       TerminateProcess           00000001800ab260 f   kernel32:KERNEL32.dll
 0001:000aa266       GetCurrentProcess          00000001800ab266 f   kernel32:KERNEL32.dll
 0001:000aa26c       UnhandledExceptionFilter   00000001800ab26c f   kernel32:KERNEL32.dll
 0001:000aa272       SetUnhandledExceptionFilter 00000001800ab272 f   kernel32:KERNEL32.dll
 0001:000aa278       IsDebuggerPresent          00000001800ab278 f   kernel32:KERNEL32.dll
 0001:000aa27e       RtlVirtualUnwind           00000001800ab27e f   kernel32:KERNEL32.dll
 0001:000aa284       RtlLookupFunctionEntry     00000001800ab284 f   kernel32:KERNEL32.dll
 0001:000aa28a       RtlCaptureContext          00000001800ab28a f   kernel32:KERNEL32.dll
 0001:000aa290       DisableThreadLibraryCalls  00000001800ab290 f   kernel32:KERNEL32.dll
 0001:000aa296       QueryPerformanceCounter    00000001800ab296 f   kernel32:KERNEL32.dll
 0001:000aa29c       GetTickCount               00000001800ab29c f   kernel32:KERNEL32.dll
 0001:000aa2a2       GetCurrentThreadId         00000001800ab2a2 f   kernel32:KERNEL32.dll
 0001:000aa2a8       GetCurrentProcessId        00000001800ab2a8 f   kernel32:KERNEL32.dll
 0001:000aa2ae       GetSystemTimeAsFileTime    00000001800ab2ae f   kernel32:KERNEL32.dll
 0002:00000000       __imp_DisableThreadLibraryCalls 00000001800ac000     kernel32:KERNEL32.dll
 0002:00000008       __imp_RtlCaptureContext    00000001800ac008     kernel32:KERNEL32.dll
 0002:00000010       __imp_RtlLookupFunctionEntry 00000001800ac010     kernel32:KERNEL32.dll
 0002:00000018       __imp_RtlVirtualUnwind     00000001800ac018     kernel32:KERNEL32.dll
 0002:00000020       __imp_IsDebuggerPresent    00000001800ac020     kernel32:KERNEL32.dll
 0002:00000028       __imp_SetUnhandledExceptionFilter 00000001800ac028     kernel32:KERNEL32.dll
 0002:00000030       __imp_UnhandledExceptionFilter 00000001800ac030     kernel32:KERNEL32.dll
 0002:00000038       __imp_GetCurrentProcess    00000001800ac038     kernel32:KERNEL32.dll
 0002:00000040       __imp_TerminateProcess     00000001800ac040     kernel32:KERNEL32.dll
 0002:00000048       __imp_Sleep                00000001800ac048     kernel32:KERNEL32.dll
 0002:00000050       __imp_DecodePointer        00000001800ac050     kernel32:KERNEL32.dll
 0002:00000058       __imp_EncodePointer        00000001800ac058     kernel32:KERNEL32.dll
 0002:00000060       __imp_GetTickCount         00000001800ac060     kernel32:KERNEL32.dll
 0002:00000068       __imp_GetCurrentThreadId   00000001800ac068     kernel32:KERNEL32.dll
 0002:00000070       __imp_GetCurrentProcessId  00000001800ac070     kernel32:KERNEL32.dll
 0002:00000078       __imp_GetSystemTimeAsFileTime 00000001800ac078     kernel32:KERNEL32.dll
 0002:00000080       __imp_QueryPerformanceCounter 00000001800ac080     kernel32:KERNEL32.dll
 0002:00000088       \177KERNEL32_NULL_THUNK_DATA 00000001800ac088     kernel32:KERNEL32.dll
 0002:00000090       __imp_realloc              00000001800ac090     MSVCRT:MSVCR100.dll
 0002:00000098       __imp__onexit              00000001800ac098     MSVCRT:MSVCR100.dll
 0002:000000a0       __imp__lock                00000001800ac0a0     MSVCRT:MSVCR100.dll
 0002:000000a8       __imp___dllonexit          00000001800ac0a8     MSVCRT:MSVCR100.dll
 0002:000000b0       __imp__unlock              00000001800ac0b0     MSVCRT:MSVCR100.dll
 0002:000000b8       __imp___clean_type_info_names_internal 00000001800ac0b8     MSVCRT:MSVCR100.dll
 0002:000000c0       __imp___crt_debugger_hook  00000001800ac0c0     MSVCRT:MSVCR100.dll
 0002:000000c8       __imp___CppXcptFilter      00000001800ac0c8     MSVCRT:MSVCR100.dll
 0002:000000d0       __imp___C_specific_handler 00000001800ac0d0     MSVCRT:MSVCR100.dll
 0002:000000d8       __imp__amsg_exit           00000001800ac0d8     MSVCRT:MSVCR100.dll
 0002:000000e0       __imp__encoded_null        00000001800ac0e0     MSVCRT:MSVCR100.dll
 0002:000000e8       __imp__initterm_e          00000001800ac0e8     MSVCRT:MSVCR100.dll
 0002:000000f0       __imp__initterm            00000001800ac0f0     MSVCRT:MSVCR100.dll
 0002:000000f8       __imp__malloc_crt          00000001800ac0f8     MSVCRT:MSVCR100.dll
 0002:00000100       __imp_ldexp                00000001800ac100     MSVCRT:MSVCR100.dll
 0002:00000108       __imp_strlen               00000001800ac108     MSVCRT:MSVCR100.dll
 0002:00000110       __imp_calloc               00000001800ac110     MSVCRT:MSVCR100.dll
 0002:00000118       __imp__setjmp              00000001800ac118     MSVCRT:MSVCR100.dll
 0002:00000120       __imp_strrchr              00000001800ac120     MSVCRT:MSVCR100.dll
 0002:00000128       __imp_ceil                 00000001800ac128     MSVCRT:MSVCR100.dll
 0002:00000130       __imp_strncmp              00000001800ac130     MSVCRT:MSVCR100.dll
 0002:00000138       __imp_longjmp              00000001800ac138     MSVCRT:MSVCR100.dll
 0002:00000140       __imp_strncpy              00000001800ac140     MSVCRT:MSVCR100.dll
 0002:00000148       __imp_memcpy               00000001800ac148     MSVCRT:MSVCR100.dll
 0002:00000150       __imp_strcat               00000001800ac150     MSVCRT:MSVCR100.dll
 0002:00000158       __imp_sprintf              00000001800ac158     MSVCRT:MSVCR100.dll
 0002:00000160       __imp_strcmp               00000001800ac160     MSVCRT:MSVCR100.dll
[...]
 0001:0007f980       sf_mex_check_fimath        0000000180080980 f   sfc_mex:sfc_mex.obj
 0001:00080530       size_mismatch_error        0000000180081530 f   sfc_mex:sfc_mex.obj
 0001:00080fd0       check_array_dimensions     0000000180081fd0 f   sfc_mex:sfc_mex.obj
 0001:00081040       check_input_mxarray        0000000180082040 f   sfc_mex:sfc_mex.obj
 0001:00081780       sf_numeric_value_to_double 0000000180082780 f   sfc_mex:sfc_mex.obj
 0001:000817d0       ml_generic_out_of_bounds_check 00000001800827d0 f   sfc_mex:sfc_mex.obj
 0001:000819a0       ml_get_element_value_from_array 00000001800829a0 f   sfc_mex:sfc_mex.obj
 0001:00081d40       _ml_generic_castability_check 0000000180082d40 f   sfc_mex:sfc_mex.obj
 0001:00082aa0       ml_generic_castability_check 0000000180083aa0 f   sfc_mex:sfc_mex.obj
 0001:00082b40       ml_check_mx_array_for_single_castability 0000000180083b40 f   sfc_mex:sfc_mex.obj
 0001:00082be0       ml_check_mx_array_for_logical_castability 0000000180083be0 f   sfc_mex:sfc_mex.obj
 0001:00082c80       ml_check_mx_array_for_int8_castability 0000000180083c80 f   sfc_mex:sfc_mex.obj
 0001:00082d30       ml_check_mx_array_for_uint8_castability 0000000180083d30 f   sfc_mex:sfc_mex.obj
 0001:00082d90       ml_check_mx_array_for_int16_castability 0000000180083d90 f   sfc_mex:sfc_mex.obj
 0001:00082df0       ml_check_mx_array_for_uint16_castability 0000000180083df0 f   sfc_mex:sfc_mex.obj
 0001:00082e50       ml_check_mx_array_for_int32_castability 0000000180083e50 f   sfc_mex:sfc_mex.obj
 0001:00082eb0       ml_check_mx_array_for_uint32_castability 0000000180083eb0 f   sfc_mex:sfc_mex.obj
 0001:00082f10       ml_check_mx_array_for_castability 0000000180083f10 f   sfc_mex:sfc_mex.obj
 0001:00083840       set_data_value             0000000180084840 f   sfc_mex:sfc_mex.obj
 0001:00083bb0       get_data_value             0000000180084bb0 f   sfc_mex:sfc_mex.obj
 0001:00083cc0       get_next_element_address   0000000180084cc0 f   sfc_mex:sfc_mex.obj
 0001:00083d90       sf_normalize_index         0000000180084d90 f   sfc_mex:sfc_mex.obj
 0001:00084120       ml_array_index_bound_check 0000000180085120 f   sfc_mex:sfc_mex.obj
 0001:00084c40       mx_value                   0000000180085c40 f   sfc_mex:sfc_mex.obj
 0001:00084c90       sf_create_numeric_array    0000000180085c90 f   sfc_mex:sfc_mex.obj
 0001:00084d30       sf_mex_assign_to_mx_array  0000000180085d30 f   sfc_mex:sfc_mex.obj
 0001:00085080       assign_from_mx_array       0000000180086080 f   sfc_mex:sfc_mex.obj
 0001:000858b0       sf_mex_import_v            00000001800868b0 f   sfc_mex:sfc_mex.obj
 0001:00085fb0       get_machine_and_chart_file_number 0000000180086fb0 f   sfc_mex:sfc_sf.obj
 0001:000860a0       get_sfun_block_specialization 00000001800870a0 f   sfc_mex:sfc_sf.obj
 0001:00086150       call_sf_machine_global_method_dispatcher 0000000180087150 f   sfc_mex:sfc_sf.obj
 0001:000863a0       mdl_zeroCrossings_processing 00000001800873a0 f   sfc_mex:sfc_sf.obj
 0001:00086470       mdl_derivatives_processing 0000000180087470 f   sfc_mex:sfc_sf.obj
 0001:00086730       mdl_outputs_continuous_legacy 0000000180087730 f   sfc_mex:sfc_sf.obj
 0001:000867b0       mdl_outputs_processing     00000001800877b0 f   sfc_mex:sfc_sf.obj
 0001:00086a20       mdl_enable_processing      0000000180087a20 f   sfc_mex:sfc_sf.obj
 0001:00086af0       mdl_disable_processing     0000000180087af0 f   sfc_mex:sfc_sf.obj
 0001:00087860       sf_call_output_fcn_enable_disable 0000000180088860 f   sfc_mex:sfc_sf.obj
 0001:00087ae0       set_dwork_information_from_mx_array 0000000180088ae0 f   sfc_mex:sfc_sf.obj
 0001:000883a0       ptr2mxStruct               00000001800893a0 f   sfc_mex:sfc_sf.obj
 0001:000886b0       SNPRINTF_WRAPPER           00000001800896b0 f   sfc_debug:sfcdebug.obj
 0001:000886d0       sf_debug_chart_instance_initialized_quick 00000001800896d0 f   sfc_debug:sfcdebug.obj
 0001:000886e0       sf_debug_chart_instance_initialized 00000001800896e0 f   sfc_debug:sfcdebug.obj
 0001:00088880       sfrtAddSize                0000000180089880 f   sfc_debug:sfcdebug.obj
 0001:00088940       sfrtGenSizeString          0000000180089940 f   sfc_debug:sfcdebug.obj
 0001:00089050       fill_single_message_info   000000018008a050 f   sfc_debug:sfcdebug.obj
 0001:00089210       sf_debug_sim_status_listener 000000018008a210 f   sfc_debug:sfcdebug.obj
 0001:00089780       sf_debug_form_mask_bits    000000018008a780 f   sfc_debug:sfcdebug.obj
 0001:000897c0       sf_debug_form_sf_data_type_offsets 000000018008a7c0 f   sfc_debug:sfcdebug.obj
 0001:00089880       sf_debug_free_all          000000018008a880 f   sfc_debug:sfcdebug.obj
 0001:00089a30       sf_debug_append_debugger_context 000000018008aa30 f   sfc_debug:sfcdebug.obj
 0001:00089bd0       sf_debug_update_always_honor_breakpoints 000000018008abd0 f   sfc_debug:sfcdebug.obj
 0001:00089da0       local_strdup               000000018008ada0 f   sfc_debug:sfcdebug.obj
 0001:0008ac80       sf_debug_em_terminate      000000018008bc80 f   sfc_debug:sfcdebug.obj
 0001:0008acc0       sf_debug_push_eml_function 000000018008bcc0 f   sfc_debug:sfcdebug.obj
 0001:0008ad60       sf_debug_pop_eml_function  000000018008bd60 f   sfc_debug:sfcdebug.obj
 0001:0008ba60       sf_debug_get_machine_number_from_id_or_name 000000018008ca60 f   sfc_debug:sfcdebug.obj
 0001:0008bbb0       sf_debug_get_chart_number_from_id 000000018008cbb0 f   sfc_debug:sfcdebug.obj
 0001:0008c950       sf_debug_transfer_control_to_debugger_GUI 000000018008d950 f   sfc_debug:sfcdebug.obj
 0001:0008d8e0       sf_debug_scripts_rehash    000000018008e8e0 f   sfc_debug:sfcdebug.obj
 0001:0008db20       sf_debug_get_script_line_count 000000018008eb20 f   sfc_debug:sfcdebug.obj
 0001:0008e450       cv_eml_state_cvId          000000018008f450 f   sfc_debug:sfcdebug.obj
 0001:0008e4c0       cv_eml_trans_cvId          000000018008f4c0 f   sfc_debug:sfcdebug.obj
 0001:0008f850       sf_debug_data_array_bounds_error 0000000180090850 f   sfc_debug:sfcdebug.obj
 0001:0008fc80       eml_debug_runtime_error_doclink 0000000180090c80 f   sfc_debug:sfcdebug.obj
 0001:0008fde0       sf_debug_runtime_error     0000000180090de0 f   sfc_debug:sfcdebug.obj
 0001:0008fe50       sf_debug_matlab_error      0000000180090e50 f   sfc_debug:sfcdebug.obj
 0001:00090790       sf_debug_data_value_error  0000000180091790 f   sfc_debug:sfcdebug.obj
 0001:00091090       sf_debug_data_loss_error   0000000180092090 f   sfc_debug:sfcdebug.obj
 0001:00092020       call_cv_range_check        0000000180093020 f   sfc_debug:sfcdebug.obj
 0001:000927f0       sf_debug_invoke_cycle_detection_code 00000001800937f0 f   sfc_debug:sfcdebug.obj
 0001:00093670       sf_reset_debug_info_struct 0000000180094670 f   sfc_debug:sfcdebug.obj
 0001:00093ed0       cv_script_cvId             0000000180094ed0 f   sfc_debug:sfcdebug.obj
 0001:00094c30       sfc_api_chart_visible      0000000180095c30 f   sfc_debug:sfc_api.obj
 0001:00094cb0       sfc_api_active_instance    0000000180095cb0 f   sfc_debug:sfc_api.obj
 0001:00094d30       sfc_api_machine_load       0000000180095d30 f   sfc_debug:sfc_api.obj
 0001:00094e00       sfc_api_debugger_alive     0000000180095e00 f   sfc_debug:sfc_api.obj
 0001:00094e10       sfc_api_go                 0000000180095e10 f   sfc_debug:sfc_api.obj
 0001:00094e20       sfc_api_step_over          0000000180095e20 f   sfc_debug:sfc_api.obj
 0001:00094e30       sfc_api_step_out           0000000180095e30 f   sfc_debug:sfc_api.obj
 0001:00094e40       sfc_api_resume             0000000180095e40 f   sfc_debug:sfc_api.obj
 0001:00094e50       sfc_api_break              0000000180095e50 f   sfc_debug:sfc_api.obj
 0001:00094e60       sfc_api_stop_debugging     0000000180095e60 f   sfc_debug:sfc_api.obj
 0001:00094eb0       sfc_api_is_cycle_detected  0000000180095eb0 f   sfc_debug:sfc_api.obj
 0001:00094f00       sfc_api_is_array_bounds_detected 0000000180095f00 f   sfc_debug:sfc_api.obj
 0001:00094f50       sfc_api_set_disable_all_breakpoints 0000000180095f50 f   sfc_debug:sfc_api.obj
 0001:00094fc0       sfc_api_disable_all_breakpoints_and_go 0000000180095fc0 f   sfc_debug:sfc_api.obj
 0001:00094fd0       sfc_api_close              0000000180095fd0 f   sfc_debug:sfc_api.obj
 0001:00094fe0       sfc_api_browse_data        0000000180095fe0 f   sfc_debug:sfc_api.obj
 0001:00095050       sfc_api_watch_data         0000000180096050 f   sfc_debug:sfc_api.obj
 0001:00095150       sfc_api_extract_message_post_receive_info 0000000180096150 f   sfc_debug:sfc_api.obj
 0001:00095170       sfc_api_assign_data        0000000180096170 f   sfc_debug:sfc_api.obj
 0001:00095210       sfc_api_whos               0000000180096210 f   sfc_debug:sfc_api.obj
 0001:000952a0       sfc_api_get_consistency_info 00000001800962a0 f   sfc_debug:sfc_api.obj
 0001:000952b0       sfc_api_browse_trace       00000001800962b0 f   sfc_debug:sfc_api.obj
 0001:000952c0       sfc_api_break_on_chart_entry 00000001800962c0 f   sfc_debug:sfc_api.obj
 0001:000952e0       sfc_api_break_on_event_broadcast 00000001800962e0 f   sfc_debug:sfc_api.obj
 0001:00095300       sfc_api_break_on_state_entry 0000000180096300 f   sfc_debug:sfc_api.obj
 0001:00095320       sfc_api_set_watch          0000000180096320 f   sfc_debug:sfc_api.obj
 0001:000953c0       sfc_api_set_breakpoints    00000001800963c0 f   sfc_debug:sfc_api.obj
 0001:00095460       sfc_api_set_eml_breakpoints 0000000180096460 f   sfc_debug:sfc_api.obj
 0001:000954e0       sfc_api_set_script_breakpoints 00000001800964e0 f   sfc_debug:sfc_api.obj
 0001:00095530       sfc_api_add_script_breakpoints 0000000180096530 f   sfc_debug:sfc_api.obj
 0001:00095580       sfc_api_clear_script_breakpoints 0000000180096580 f   sfc_debug:sfc_api.obj
 0001:000955d0       sfc_api_query_script_breakpoints 00000001800965d0 f   sfc_debug:sfc_api.obj
 0001:00095630       sfc_api_get_script_id      0000000180096630 f   sfc_debug:sfc_api.obj
 0001:000956f0       sfc_api_get_active_states  00000001800966f0 f   sfc_debug:sfc_api.obj
 0001:00095770       sfc_api_break_between_times 0000000180096770 f   sfc_debug:sfc_api.obj
 0001:000957d0       sfc_api_get_instance_handle 00000001800967d0 f   sfc_debug:sfc_api.obj
 0001:00095880       sfc_api_set_animation      0000000180096880 f   sfc_debug:sfc_api.obj
 0001:000958d0       sfc_api_select_chart       00000001800968d0 f   sfc_debug:sfc_api.obj
 0001:00095930       sfc_api_select_charts      0000000180096930 f   sfc_debug:sfc_api.obj
 0001:00095960       sfc_api_cycle_detection_check 0000000180096960 f   sfc_debug:sfc_api.obj
 0001:000959b0       sfc_api_data_range_check   00000001800969b0 f   sfc_debug:sfc_api.obj
 0001:00095a00       sfc_api_transition_conflict_check 0000000180096a00 f   sfc_debug:sfc_api.obj
 0001:00095a50       sfc_api_state_consistency_check 0000000180096a50 f   sfc_debug:sfc_api.obj
 0001:00095aa0       sfc_api_set_instance_cv_ids 0000000180096aa0 f   sfc_debug:sfc_api.obj
 0001:00095bb0       sfc_api_set_script_cv_ids  0000000180096bb0 f   sfc_debug:sfc_api.obj
 0001:00095c60       sfc_api_get_current_machine_id 0000000180096c60 f   sfc_debug:sfc_api.obj
 0001:00095c90       sfc_api_get_current_machine_number 0000000180096c90 f   sfc_debug:sfc_api.obj
 0001:00095cc0       sfc_api_get_current_chart_number 0000000180096cc0 f   sfc_debug:sfc_api.obj
 0001:00095cf0       sfc_api_get_current_instance_number 0000000180096cf0 f   sfc_debug:sfc_api.obj
 0001:00095d20       sfc_api_get_current_instance_handle 0000000180096d20 f   sfc_debug:sfc_api.obj
 0001:00095d40       sfc_api_get_current_is_minor_time_step 0000000180096d40 f   sfc_debug:sfc_api.obj
 0001:00095d70       sfc_api_get_current_machine_name 0000000180096d70 f   sfc_debug:sfc_api.obj
 0001:00095d90       sfc_api_get_current_chart_id 0000000180096d90 f   sfc_debug:sfc_api.obj
 0001:00095dc0       sfc_api_get_current_object_type 0000000180096dc0 f   sfc_debug:sfc_api.obj
 0001:00095df0       sfc_api_get_current_event_type 0000000180096df0 f   sfc_debug:sfc_api.obj
 0001:00095e20       sfc_api_get_current_object_id 0000000180096e20 f   sfc_debug:sfc_api.obj
 0001:00095e50       sfc_get_current_active_event_type 0000000180096e50 f   sfc_debug:sfc_api.obj
 0001:00095e80       sfc_api_get_current_active_event_id 0000000180096e80 f   sfc_debug:sfc_api.obj
 0001:00095eb0       sfc_api_get_current_simulation_time 0000000180096eb0 f   sfc_debug:sfc_api.obj
 0001:00095ed0       sfc_get_current_tag_type   0000000180096ed0 f   sfc_debug:sfc_api.obj
 0001:00095f00       sfc_get_current_coverage_percentage 0000000180096f00 f   sfc_debug:sfc_api.obj
 0001:00095f20       sfc_get_current_statement_context 0000000180096f20 f   sfc_debug:sfc_api.obj
 0001:00095f40       sfc_get_current_optional_integer 0000000180096f40 f   sfc_debug:sfc_api.obj
 0001:00095f70       sfc_get_current_statement_info 0000000180096f70 f   sfc_debug:sfc_api.obj
 0001:00096010       sfc_api_get                0000000180097010 f   sfc_debug:sfc_api.obj
 0001:00096c80       sf_debug_sm_fill_state_activity_data 0000000180097c80 f   sfc_debug:sfdb_animation.obj
 0001:00099580       void_ptr_stack_vector_free_total 000000018009a580 f   sfc_debug:sfdb_data_browse.obj
 0001:00099610       sf_debug_st_terminate_machine 000000018009a610 f   sfc_debug:sfdb_data_browse.obj
 0001:00099650       sf_debug_st_terminate_instance 000000018009a650 f   sfc_debug:sfdb_data_browse.obj
 0001:00099a00       push_on_to_void_ptr_stack  000000018009aa00 f   sfc_debug:sfdb_data_browse.obj
 0001:00099b90       pop_from_void_ptr_stack    000000018009ab90 f   sfc_debug:sfdb_data_browse.obj
 0001:00099cc0       sf_debug_st_get_data_value 000000018009acc0 f   sfc_debug:sfdb_data_browse.obj
 0001:0009a250       mx_value                   000000018009b250 f   sfc_debug:sfdb_data_browse.obj
 0001:0009a290       sf_debug_st_fill_data_struct 000000018009b290 f   sfc_debug:sfdb_data_browse.obj
 0001:0009a5d0       data_type_format_strings   000000018009b5d0 f   sfc_debug:sfdb_data_browse.obj
 0001:0009a680       sf_debug_st_fill_data      000000018009b680 f   sfc_debug:sfdb_data_browse.obj
 0001:0009b3d0       sf_debug_hm_get_simulink_handle 000000018009c3d0 f   sfc_debug:sfdb_handle_management.obj
 0001:0009bed0       sf_debug_hm_initialize_globals 000000018009ced0 f   sfc_debug:sfdb_handle_management.obj
 0001:0009bfd0       sf_debug_hm_get_machine_debug_flag 000000018009cfd0 f   sfc_debug:sfdb_handle_management.obj
 0001:0009c140       sf_debug_hm_get_machine_id 000000018009d140 f   sfc_debug:sfdb_handle_management.obj
 0001:0009c260       sf_debug_hm_get_chart_id   000000018009d260 f   sfc_debug:sfdb_handle_management.obj
 0001:0009c400       sf_debug_hm_register_executing_SFunction 000000018009d400 f   sfc_debug:sfdb_handle_management.obj
 0001:0009c790       sf_debug_hm_form_object_boolean_properties 000000018009d790 f   sfc_debug:sfdb_handle_management.obj
 0001:0009ca60       sf_debug_hm_form_object_properties 000000018009da60 f   sfc_debug:sfdb_handle_management.obj
 0001:0009cca0       sf_debug_hm_terminate_charts 000000018009dca0 f   sfc_debug:sfdb_handle_management.obj
 0001:0009d400       sf_debug_hm_terminate_machines 000000018009e400 f   sfc_debug:sfdb_handle_management.obj
 0001:0009f000       sf_debug_ss_copy_dimension 00000001800a0000 f   sfc_debug:sfdb_symbol_scope.obj
 0001:0009f0c0       sf_debug_ss_get_number_elements 00000001800a00c0 f   sfc_debug:sfdb_symbol_scope.obj
 0001:0009f0e0       sf_debug_ss_fill_data_struct 00000001800a00e0 f   sfc_debug:sfdb_symbol_scope.obj
 0001:0009f430       sf_debug_ss_reset_data_info 00000001800a0430 f   sfc_debug:sfdb_symbol_scope.obj
 0001:0009f490       sf_debug_fill_data_info_by_symbol_scope_entry 00000001800a0490 f   sfc_debug:sfdb_symbol_scope.obj
 0001:0009f550       sf_debug_fill_data_info_by_data_vector 00000001800a0550 f   sfc_debug:sfdb_symbol_scope.obj
 0001:0009f7a0       get_data_info_helper       00000001800a07a0 f   sfc_debug:sfdb_symbol_scope.obj
 0001:0009f8a0       sf_debug_ss_get_data_info  00000001800a08a0 f   sfc_debug:sfdb_symbol_scope.obj
 0001:0009fad0       sf_debug_select_mex_function 00000001800a0ad0 f   sfc_debug:sfdb_symbol_scope.obj
 0001:0009fb00       sf_debug_is_dyn_matrix_initialized 00000001800a0b00 f   sfc_debug:sfdb_symbol_scope.obj
 0001:0009fb20       sf_debug_ss_set_data_value_try 00000001800a0b20 f   sfc_debug:sfdb_symbol_scope.obj
 0001:0009fcf0       sf_debug_ss_get_data_value 00000001800a0cf0 f   sfc_debug:sfdb_symbol_scope.obj
 0001:000a0460       sf_debug_ss_data_bytes_string 00000001800a1460 f   sfc_debug:sfdb_symbol_scope.obj
 0001:000a0510       sf_debug_ss_data_class_string 00000001800a1510 f   sfc_debug:sfdb_symbol_scope.obj
 0001:000a08a0       sf_debug_ss_data_size_string 00000001800a18a0 f   sfc_debug:sfdb_symbol_scope.obj
 0001:000a0980       sf_debug_ss_data_create_data_info_struct 00000001800a1980 f   sfc_debug:sfdb_symbol_scope.obj
 0001:000a0c50       sf_debug_ss_data_create_name_value_pair 00000001800a1c50 f   sfc_debug:sfdb_symbol_scope.obj
 0001:000a0cf0       sf_debug_ss_data_get_whos_info 00000001800a1cf0 f   sfc_debug:sfdb_symbol_scope.obj
 0001:000a0d00       same_named_data_in_data_array 00000001800a1d00 f   sfc_debug:sfdb_symbol_scope.obj
 0001:000a2590       sf_debug_cc_terminate_chart 00000001800a3590 f   sfc_debug:sfdb_coverage.obj
 0001:000a2930       sf_debug_cc_terminate_instance 00000001800a3930 f   sfc_debug:sfdb_coverage.obj
 0001:000a3520       sf_debug_cc_mark_object_if_needed 00000001800a4520 f   sfc_debug:sfdb_coverage.obj
 0001:000a3e20       sf_debug_bm_initialize_eml 00000001800a4e20 f   sfc_debug:sfdb_breakpoints.obj
 0001:000a4f60       sf_debug_bm_map_debug_tag_to_breakpoint_tag 00000001800a5f60 f   sfc_debug:sfdb_breakpoints.obj
 0001:000a5040       sf_debug_bm_is_a_eml_breakpoint_impl 00000001800a6040 f   sfc_debug:sfdb_breakpoints.obj
 0001:000a6b80       sf_debug_sc_push_on_error_stack 00000001800a7b80 f   sfc_debug:sfdb_state_consistency.obj
 0001:000a6cb0       sf_debug_sc_reset_error_stack 00000001800a7cb0 f   sfc_debug:sfdb_state_consistency.obj
 0001:000a6e40       sf_debug_sc_is_state_inconsistent 00000001800a7e40 f   sfc_debug:sfdb_state_consistency.obj
 0001:000a7140       sf_debug_sc_fill_consistency_info 00000001800a8140 f   sfc_debug:sfdb_state_consistency.obj
 0001:000a7720       void_assertion_fcn         00000001800a8720 f   sfc_debug:sfdb_call_stack.obj
 0001:000a7ca0       sf_debug_tm_fill_local_trace 00000001800a8ca0 f   sfc_debug:sfdb_call_stack.obj
 0001:000a8270       sf_debug_cd_terminate_instance 00000001800a9270 f   sfc_debug:sfdb_cycle_detection.obj
 0001:000a82d0       sf_debug_cd_free_checksum_stack 00000001800a92d0 f   sfc_debug:sfdb_cycle_detection.obj
 0001:000a8320       sf_debug_cd_reset_pack_strings 00000001800a9320 f   sfc_debug:sfdb_cycle_detection.obj
 0001:000a89e0       md5file_clear              00000001800a99e0 f   sfc_debug:ckmd5.obj
 0001:000a8a10       Encode                     00000001800a9a10 f   sfc_debug:ckmd5.obj
 0001:000a8a60       Decode                     00000001800a9a60 f   sfc_debug:ckmd5.obj
 0001:000a8b00       MD5Transform               00000001800a9b00 f   sfc_debug:ckmd5.obj
 0001:000a9350       md5file_addn               00000001800aa350 f   sfc_debug:ckmd5.obj
 0001:000a9420       md5file_hash               00000001800aa420 f   sfc_debug:ckmd5.obj
 0001:000a9964       pre_c_init                 00000001800aa964 f   MSVCRT:crtdll.obj
 0001:000a9c20       __DllMainCRTStartup        00000001800aac20 f   MSVCRT:crtdll.obj
 0001:000aa2c0       __DllMainCRTStartup$filt$0 00000001800ab2c0 f   MSVCRT:crtdll.obj
 0001:000aa2f0       __DllMainCRTStartup$fin$1  00000001800ab2f0 f   MSVCRT:crtdll.obj
 0001:000aa30a       _onexit$fin$0              00000001800ab30a f   MSVCRT:atonexit.obj
 0001:000aa330       _IsNonwritableInCurrentImage$filt$0 00000001800ab330 f   MSVCRT:pesect.obj
