 BuckBoost1_sfun

 Timestamp is 548eae91 (Mon Dec 15 17:49:05 2014)

 Preferred load address is 0000000180000000

 Start         Length     Name                   Class
 0001:00000000 0004a794H .text                   CODE
 0001:0004a7a0 00000092H .text$x                 CODE
 0002:00000000 00000488H .idata$5                DATA
 0002:00000488 00000008H .CRT$XCA                DATA
 0002:00000490 00000008H .CRT$XCZ                DATA
 0002:00000498 00000008H .CRT$XIA                DATA
 0002:000004a0 00000008H .CRT$XIAA               DATA
 0002:000004a8 00000008H .CRT$XIZ                DATA
 0002:000004b0 00004c0cH .rdata                  DATA
 0002:000050c0 00000008H .rtc$IAA                DATA
 0002:000050c8 00000008H .rtc$IZZ                DATA
 0002:000050d0 00000008H .rtc$TAA                DATA
 0002:000050d8 00000008H .rtc$TZZ                DATA
 0002:000050e0 00004284H .xdata                  DATA
 0002:00009364 000000a0H .idata$2                DATA
 0002:00009404 00000014H .idata$3                DATA
 0002:00009418 00000488H .idata$4                DATA
 0002:000098a0 00000a84H .idata$6                DATA
 0002:0000a330 00000055H .edata                  DATA
 0003:00000000 00005078H .data                   DATA
 0003:00005080 000026f8H .bss                    DATA
 0004:00000000 000034a4H .pdata                  DATA

  Address         Publics by Value              Rva+Base               Lib:Object

 0000:00000000       ___safe_se_handler_count   0000000000000000     <absolute>
 0000:00000000       ___safe_se_handler_table   0000000000000000     <absolute>
 0000:00000000       __ImageBase                0000000180000000     <linker-defined>
 0001:00000000       sf_c1_BuckBoost1_get_eml_resolved_functions_info 0000000180001000 f   c1_BuckBoost1.obj
 0001:00001380       sf_c1_BuckBoost1_get_check_sum 0000000180002380 f   c1_BuckBoost1.obj
 0001:00001400       sf_c1_BuckBoost1_get_autoinheritance_info 0000000180002400 f   c1_BuckBoost1.obj
 0001:00002630       sf_internal_get_sim_state_c1_BuckBoost1 0000000180003630 f   c1_BuckBoost1.obj
 0001:00002ca0       sf_internal_set_sim_state_c1_BuckBoost1 0000000180003ca0 f   c1_BuckBoost1.obj
 0001:000031d0       c1_BuckBoost1_method_dispatcher 00000001800041d0 f   c1_BuckBoost1.obj
 0001:00008170       sf_c2_BuckBoost1_get_eml_resolved_functions_info 0000000180009170 f   c2_BuckBoost1.obj
 0001:00008780       sf_c2_BuckBoost1_get_check_sum 0000000180009780 f   c2_BuckBoost1.obj
 0001:00008800       sf_c2_BuckBoost1_get_autoinheritance_info 0000000180009800 f   c2_BuckBoost1.obj
 0001:0000a850       sf_internal_get_sim_state_c2_BuckBoost1 000000018000b850 f   c2_BuckBoost1.obj
 0001:0000b280       sf_internal_set_sim_state_c2_BuckBoost1 000000018000c280 f   c2_BuckBoost1.obj
 0001:0000b990       c2_BuckBoost1_method_dispatcher 000000018000c990 f   c2_BuckBoost1.obj
 0001:000125c0       sf_c22_BuckBoost1_get_eml_resolved_functions_info 00000001800135c0 f   c22_BuckBoost1.obj
 0001:00012640       sf_c22_BuckBoost1_get_check_sum 0000000180013640 f   c22_BuckBoost1.obj
 0001:000126c0       sf_c22_BuckBoost1_get_autoinheritance_info 00000001800136c0 f   c22_BuckBoost1.obj
 0001:00012c30       sf_internal_get_sim_state_c22_BuckBoost1 0000000180013c30 f   c22_BuckBoost1.obj
 0001:00012f80       sf_internal_set_sim_state_c22_BuckBoost1 0000000180013f80 f   c22_BuckBoost1.obj
 0001:00013380       c22_BuckBoost1_method_dispatcher 0000000180014380 f   c22_BuckBoost1.obj
 0001:00014f40       sf_c25_BuckBoost1_get_eml_resolved_functions_info 0000000180015f40 f   c25_BuckBoost1.obj
 0001:00015590       sf_c25_BuckBoost1_get_check_sum 0000000180016590 f   c25_BuckBoost1.obj
 0001:00015610       sf_c25_BuckBoost1_get_autoinheritance_info 0000000180016610 f   c25_BuckBoost1.obj
 0001:00015b80       sf_internal_get_sim_state_c25_BuckBoost1 0000000180016b80 f   c25_BuckBoost1.obj
 0001:00015ed0       sf_internal_set_sim_state_c25_BuckBoost1 0000000180016ed0 f   c25_BuckBoost1.obj
 0001:000162d0       c25_BuckBoost1_method_dispatcher 00000001800172d0 f   c25_BuckBoost1.obj
 0001:00017f70       sf_process_check_sum_call  0000000180018f70 f   BuckBoost1_sfun_registry.obj
 0001:00017fc0       sf_process_autoinheritance_call 0000000180018fc0 f   BuckBoost1_sfun_registry.obj
 0001:00018160       sf_process_get_eml_resolved_functions_info_call 0000000180019160 f   BuckBoost1_sfun_registry.obj
 0001:000182e0       sf_mex_unlock_call         00000001800192e0 f   BuckBoost1_sfun_registry.obj
 0001:00018390       sf_machine_global_initializer_called 0000000180019390 f   BuckBoost1_sfun_registry.obj
 0001:000183c0       sf_machine_global_method_dispatcher 00000001800193c0 f   BuckBoost1_sfun_registry.obj
 0001:00018420       sf_machine_global_terminator 0000000180019420 f   BuckBoost1_sfun_registry.obj
 0001:00018460       sf_register_machine_exported_symbols 0000000180019460 f   BuckBoost1_sfun_registry.obj
 0001:00018480       callCustomFcn              0000000180019480 f   BuckBoost1_sfun_registry.obj
 0001:00018490       sf_machine_global_initializer 0000000180019490 f   BuckBoost1_sfun_registry.obj
 0001:00018500       _ssSetStateAbsTol          0000000180019500 f   BuckBoost1_sfun_registry.obj
 0001:000185e0       _ssGetAbsTol               00000001800195e0 f   BuckBoost1_sfun_registry.obj
 0001:00018650       _ssSetInputPortMatrixDimensions 0000000180019650 f   BuckBoost1_sfun_registry.obj
 0001:00018760       _ssSetOutputPortMatrixDimensions 0000000180019760 f   BuckBoost1_sfun_registry.obj
 0001:00018870       _ssSetInputPortVectorDimension 0000000180019870 f   BuckBoost1_sfun_registry.obj
 0001:00018940       _ssSetOutputPortVectorDimension 0000000180019940 f   BuckBoost1_sfun_registry.obj
 0001:00018a10       ssIsRunTimeParamTunable    0000000180019a10 f   BuckBoost1_sfun_registry.obj
 0001:00018a80       ssGetSFuncBlockHandle      0000000180019a80 f   BuckBoost1_sfun_registry.obj
 0001:00018af0       _ssGetCurrentInputPortWidth 0000000180019af0 f   BuckBoost1_sfun_registry.obj
 0001:00018c10       _ssGetCurrentOutputPortWidth 0000000180019c10 f   BuckBoost1_sfun_registry.obj
 0001:00018d30       _ssGetCallSystemNumFcnCallDestinations 0000000180019d30 f   BuckBoost1_sfun_registry.obj
 0001:00018da0       ssWarning                  0000000180019da0 f   BuckBoost1_sfun_registry.obj
 0001:00018eb0       ssGetIsZeroCrossControlDisabled 0000000180019eb0 f   BuckBoost1_sfun_registry.obj
 0001:00018f20       ssSetIsInputPortUsedForContZcSignal 0000000180019f20 f   BuckBoost1_sfun_registry.obj
 0001:00018f90       ssSetZcSignalIsZcElementDisc 0000000180019f90 f   BuckBoost1_sfun_registry.obj
 0001:00019040       ssSetZcSignalName          000000018001a040 f   BuckBoost1_sfun_registry.obj
 0001:000190b0       ssSetZcSignalWidth         000000018001a0b0 f   BuckBoost1_sfun_registry.obj
 0001:00019120       ssSetZcSignalZcEventType   000000018001a120 f   BuckBoost1_sfun_registry.obj
 0001:00019190       ssSetZcSignalType          000000018001a190 f   BuckBoost1_sfun_registry.obj
 0001:00019200       ssSetZcSignalZcTol         000000018001a200 f   BuckBoost1_sfun_registry.obj
 0001:00019270       ssSetZcSignalNeedsEventNotification 000000018001a270 f   BuckBoost1_sfun_registry.obj
 0001:000192e0       ssCreateAndAddZcSignalInfo 000000018001a2e0 f   BuckBoost1_sfun_registry.obj
 0001:00019350       ssCloneAndAddZcSignalInfo  000000018001a350 f   BuckBoost1_sfun_registry.obj
 0001:000193c0       ssGetNumZcSignals          000000018001a3c0 f   BuckBoost1_sfun_registry.obj
 0001:00019430       ssGetZcSignalVector        000000018001a430 f   BuckBoost1_sfun_registry.obj
 0001:000194a0       ssGetZcSignalZcEvents      000000018001a4a0 f   BuckBoost1_sfun_registry.obj
 0001:00019510       ssGetZcSignalName          000000018001a510 f   BuckBoost1_sfun_registry.obj
 0001:00019580       ssGetZcSignalWidth         000000018001a580 f   BuckBoost1_sfun_registry.obj
 0001:000195f0       ssGetZcSignalZcEventType   000000018001a5f0 f   BuckBoost1_sfun_registry.obj
 0001:00019660       ssGetZcSignalType          000000018001a660 f   BuckBoost1_sfun_registry.obj
 0001:000196d0       ssGetZcSignalZcTol         000000018001a6d0 f   BuckBoost1_sfun_registry.obj
 0001:00019750       ssGetZcSignalNeedsEventNotification 000000018001a750 f   BuckBoost1_sfun_registry.obj
 0001:000197c0       ssGetZcSignalIsZcElementDisc 000000018001a7c0 f   BuckBoost1_sfun_registry.obj
 0001:00019860       ssGetIsInputPortElementContinuous 000000018001a860 f   BuckBoost1_sfun_registry.obj
 0001:00019900       _ssGetInputPortSignalPtrsFcn 000000018001a900 f   BuckBoost1_sfun_registry.obj
 0001:00019bc0       _ssGetInputPortSignalFcn   000000018001abc0 f   BuckBoost1_sfun_registry.obj
 0001:00019de0       _ssSetInputPortDirectFeedThroughFcn 000000018001ade0 f   BuckBoost1_sfun_registry.obj
 0001:00019f40       _ssSetInputPortReusableFcn 000000018001af40 f   BuckBoost1_sfun_registry.obj
 0001:0001a030       _ssSetOutputPortReusableFcn 000000018001b030 f   BuckBoost1_sfun_registry.obj
 0001:0001a110       ssGetDTypeIdFromMxArray    000000018001b110 f   BuckBoost1_sfun_registry.obj
 0001:0001a230       ssWriteRTWStr              000000018001b230 f   BuckBoost1_sfun_registry.obj
 0001:0001a290       ssWriteRTWMxVectParam      000000018001b290 f   BuckBoost1_sfun_registry.obj
 0001:0001a2f0       ssWriteRTWMx2dMatParam     000000018001b2f0 f   BuckBoost1_sfun_registry.obj
 0001:0001a370       ssWriteRTWNameValuePair    000000018001b370 f   BuckBoost1_sfun_registry.obj
 0001:0001a860       ssWriteRTWParameters       000000018001b860 f   BuckBoost1_sfun_registry.obj
 0001:0001ae60       ssWriteRTWParamSettings    000000018001be60 f   BuckBoost1_sfun_registry.obj
 0001:0001b530       ssWriteRTWWorkVect         000000018001c530 f   BuckBoost1_sfun_registry.obj
 0001:0001ba30       mexFunction                000000018001ca30 f   BuckBoost1_sfun_registry.obj
 0001:0001d6f0       ProcessMexSfunctionEveryCall 000000018001e6f0 f   BuckBoost1_sfun_registry.obj
 0001:0001d860       BuckBoost1_initializer     000000018001e860 f   BuckBoost1_sfun.obj
 0001:0001d870       BuckBoost1_terminator      000000018001e870 f   BuckBoost1_sfun.obj
 0001:0001d880       sf_BuckBoost1_method_dispatcher 000000018001e880 f   BuckBoost1_sfun.obj
 0001:0001d930       sf_BuckBoost1_process_check_sum_call 000000018001e930 f   BuckBoost1_sfun.obj
 0001:0001dd80       sf_BuckBoost1_autoinheritance_info 000000018001ed80 f   BuckBoost1_sfun.obj
 0001:0001dfe0       sf_BuckBoost1_get_eml_resolved_functions_info 000000018001efe0 f   BuckBoost1_sfun.obj
 0001:0001e1d0       BuckBoost1_debug_initialize 000000018001f1d0 f   BuckBoost1_sfun.obj
 0001:0001e240       BuckBoost1_register_exported_symbols 000000018001f240 f   BuckBoost1_sfun.obj
 0001:0001e250       load_BuckBoost1_optimization_info 000000018001f250 f   BuckBoost1_sfun.obj
 0001:0001e2a0       unload_BuckBoost1_optimization_info 000000018001f2a0 f   BuckBoost1_sfun.obj
 0001:0001e3c0       sf_mex_mx_is_numeric       000000018001f3c0 f   sfc_mex:sfc_mex.obj
 0001:0001e400       strcmp_ignore_ws           000000018001f400 f   sfc_mex:sfc_mex.obj
 0001:0001e540       sf_mex_duplicatearraysafe  000000018001f540 f   sfc_mex:sfc_mex.obj
 0001:0001e6a0       sf_set_error_debugger_context_message_fcn 000000018001f6a0 f   sfc_mex:sfc_mex.obj
 0001:0001e6b0       sf_set_debugger_matlab_error_fcn 000000018001f6b0 f   sfc_mex:sfc_mex.obj
 0001:0001e6e0       sf_set_error_prefix_string 000000018001f6e0 f   sfc_mex:sfc_mex.obj
 0001:0001e710       sf_get_error_prefix_string 000000018001f710 f   sfc_mex:sfc_mex.obj
 0001:0001e720       sf_mex_enter_parallel_region 000000018001f720 f   sfc_mex:sfc_mex.obj
 0001:0001e730       sf_mex_exit_parallel_region 000000018001f730 f   sfc_mex:sfc_mex.obj
 0001:0001e740       sf_get_current_jmp_buf_ptr 000000018001f740 f   sfc_mex:sfc_mex.obj
 0001:0001e750       sf_set_current_jmp_buf_ptr 000000018001f750 f   sfc_mex:sfc_mex.obj
 0001:0001e760       sf_mex_set_halt_simulation 000000018001f760 f   sfc_mex:sfc_mex.obj
 0001:0001e770       sf_mex_get_halt_simulation 000000018001f770 f   sfc_mex:sfc_mex.obj
 0001:0001e780       sf_mex_clear_error_message 000000018001f780 f   sfc_mex:sfc_mex.obj
 0001:0001e7a0       sf_mex_get_error_message_for_read 000000018001f7a0 f   sfc_mex:sfc_mex.obj
 0001:0001e7b0       sf_mex_get_error_message_buffer_length 000000018001f7b0 f   sfc_mex:sfc_mex.obj
 0001:0001e890       sf_mex_warning_message     000000018001f890 f   sfc_mex:sfc_mex.obj
 0001:0001e900       sf_mex_v_errbuf_createf    000000018001f900 f   sfc_mex:sfc_mex.obj
 0001:0001e910       sf_mex_errbuf_createf      000000018001f910 f   sfc_mex:sfc_mex.obj
 0001:0001e940       sf_mex_v_errbuf_catf       000000018001f940 f   sfc_mex:sfc_mex.obj
 0001:0001e980       sf_mex_errbuf_catf         000000018001f980 f   sfc_mex:sfc_mex.obj
 0001:0001e9d0       sf_mex_errbuf_copy         000000018001f9d0 f   sfc_mex:sfc_mex.obj
 0001:0001e9e0       sf_mex_errbuf_clear        000000018001f9e0 f   sfc_mex:sfc_mex.obj
 0001:0001e9f0       sf_mex_errbuf_isempty      000000018001f9f0 f   sfc_mex:sfc_mex.obj
 0001:0001eb00       sf_mex_set_error_status    000000018001fb00 f   sfc_mex:sfc_mex.obj
 0001:0001eb50       sf_mex_error_direct_call   000000018001fb50 f   sfc_mex:sfc_mex.obj
 0001:0001eb70       sf_mex_error_message_no_long_jump 000000018001fb70 f   sfc_mex:sfc_mex.obj
 0001:0001eb90       sf_mex_long_jump_on_error  000000018001fb90 f   sfc_mex:sfc_mex.obj
 0001:0001ebc0       sf_mex_call_matlab         000000018001fbc0 f   sfc_mex:sfc_mex.obj
 0001:0001ece0       sf_mex_check_builtin       000000018001fce0 f   sfc_mex:sfc_mex.obj
 0001:0001ed80       sf_mex_check_builtin_vs    000000018001fd80 f   sfc_mex:sfc_mex.obj
 0001:0001ee40       sf_mex_check_enum          000000018001fe40 f   sfc_mex:sfc_mex.obj
 0001:0001eec0       sf_mex_create_enum         000000018001fec0 f   sfc_mex:sfc_mex.obj
 0001:0001ef30       sf_mex_get_enum_element    000000018001ff30 f   sfc_mex:sfc_mex.obj
 0001:0001ef40       sf_mex_createcellarray     000000018001ff40 f   sfc_mex:sfc_mex.obj
 0001:0001ef50       sf_mex_setcell             000000018001ff50 f   sfc_mex:sfc_mex.obj
 0001:0001ef60       sf_mex_getcell             000000018001ff60 f   sfc_mex:sfc_mex.obj
 0001:0001ef70       sf_mex_dup                 000000018001ff70 f   sfc_mex:sfc_mex.obj
 0001:0001ef90       sf_mex_assign              000000018001ff90 f   sfc_mex:sfc_mex.obj
 0001:0001f010       sf_mex_destroy             0000000180020010 f   sfc_mex:sfc_mex.obj
 0001:0001f040       mx_array_has_fi_type       0000000180020040 f   sfc_mex:sfc_mex.obj
 0001:0001f070       sf_mex_convert_from_fi     0000000180020070 f   sfc_mex:sfc_mex.obj
 0001:0001f1a0       sf_mex_convert_to_double   00000001800201a0 f   sfc_mex:sfc_mex.obj
 0001:0001f2c0       sf_mex_import_fi_vs        00000001800202c0 f   sfc_mex:sfc_mex.obj
 0001:0001f480       sf_matrix_matrix_index_ok  0000000180020480 f   sfc_mex:sfc_mex.obj
 0001:0001f510       sf_vector_vector_index_ok  0000000180020510 f   sfc_mex:sfc_mex.obj
 0001:0001f540       ssGetCurrentInputPortDimensions_wrapper 0000000180020540 f   sfc_mex:sfc_mex.obj
 0001:0001f560       ssGetCurrentOutputPortDimensions_wrapper 0000000180020560 f   sfc_mex:sfc_mex.obj
 0001:0001f580       sf_mex_emlrt_context_is_debug_mode 0000000180020580 f   sfc_mex:sfc_mex.obj
 0001:0001f590       sf_mex_emlrt_context_set_debug_mode 0000000180020590 f   sfc_mex:sfc_mex.obj
 0001:0001f5a0       sf_mex_emlrtNameCapturePostProcessR2012a 00000001800205a0 f   sfc_mex:sfc_mex.obj
 0001:0001f610       sf_clear_error_manager_info 0000000180020610 f   sfc_mex:sfc_mex.obj
 0001:0001f670       sf_mex_stop_simulation_abruptly_wo_error 0000000180020670 f   sfc_mex:sfc_mex.obj
 0001:0001f6b0       sf_mex_error_message       00000001800206b0 f   sfc_mex:sfc_mex.obj
 0001:0001f710       sf_react_to_error_in_matlab_call 0000000180020710 f   sfc_mex:sfc_mex.obj
 0001:0001f740       sf_mex_addfield            0000000180020740 f   sfc_mex:sfc_mex.obj
 0001:0001f7e0       sf_mex_getfield            00000001800207e0 f   sfc_mex:sfc_mex.obj
 0001:0001fae0       sf_mex_check_class         0000000180020ae0 f   sfc_mex:sfc_mex.obj
 0001:0001fb80       sf_mex_is_real             0000000180020b80 f   sfc_mex:sfc_mex.obj
 0001:0001fff0       sf_mex_decode_encoded_mx_struct_array 0000000180020ff0 f   sfc_mex:sfc_mex.obj
 0001:000202d0       sf_mex_lw_bounds_check     00000001800212d0 f   sfc_mex:sfc_mex.obj
 0001:00020300       sf_mex_lw_size_eq_check_1d 0000000180021300 f   sfc_mex:sfc_mex.obj
 0001:00020320       sf_mex_lw_size_eq_check_nd 0000000180021320 f   sfc_mex:sfc_mex.obj
 0001:00020500       sf_mex_lw_dim_size_eq_check 0000000180021500 f   sfc_mex:sfc_mex.obj
 0001:00020530       sf_mex_lw_dim_size_geq_check 0000000180021530 f   sfc_mex:sfc_mex.obj
 0001:00020560       sf_mex_lw_sub_assign_size_check_nd 0000000180021560 f   sfc_mex:sfc_mex.obj
 0001:00020790       sf_mex_lw_runtime_error_msgid 0000000180021790 f   sfc_mex:sfc_mex.obj
 0001:00020880       sf_mex_lw_matrix_matrix_index_check 0000000180021880 f   sfc_mex:sfc_mex.obj
 0001:000208a0       sf_mex_lw_vector_vector_index_check 00000001800218a0 f   sfc_mex:sfc_mex.obj
 0001:000208e0       sf_mex_lw_for_loop_vector_check 00000001800218e0 f   sfc_mex:sfc_mex.obj
 0001:00020970       sf_mex_lw_non_negative_check 0000000180021970 f   sfc_mex:sfc_mex.obj
 0001:000209b0       sf_mex_overflow_error      00000001800219b0 f   sfc_mex:sfc_mex.obj
 0001:000209c0       sf_mex_dividebyzero_error  00000001800219c0 f   sfc_mex:sfc_mex.obj
 0001:000209d0       sf_mex_unsafe_enum_error   00000001800219d0 f   sfc_mex:sfc_mex.obj
 0001:000209e0       sf_emlrtErrHandler         00000001800219e0 f   sfc_mex:sfc_mex.obj
 0001:00020ac0       sf_mex_size_one_check      0000000180021ac0 f   sfc_mex:sfc_mex.obj
 0001:00020ae0       sf_mex_printf              0000000180021ae0 f   sfc_mex:sfc_mex.obj
 0001:00020cb0       sf_mex_check_size          0000000180021cb0 f   sfc_mex:sfc_mex.obj
 0001:00020f80       sf_mex_check_struct        0000000180021f80 f   sfc_mex:sfc_mex.obj
 0001:000211e0       sf_mex_check_struct_vs     00000001800221e0 f   sfc_mex:sfc_mex.obj
 0001:00021270       sf_mex_check_fi            0000000180022270 f   sfc_mex:sfc_mex.obj
 0001:00021370       sf_mex_check_fi_vs         0000000180022370 f   sfc_mex:sfc_mex.obj
 0001:00021410       sf_echo_expression         0000000180022410 f   sfc_mex:sfc_mex.obj
 0001:00021470       sf_assertion_failed        0000000180022470 f   sfc_mex:sfc_mex.obj
 0001:00021750       sf_mex_evalin              0000000180022750 f   sfc_mex:sfc_mex.obj
 0001:000219c0       sf_mex_export              00000001800229c0 f   sfc_mex:sfc_mex.obj
 0001:00021a80       sf_mex_get_ml_var_no_error 0000000180022a80 f   sfc_mex:sfc_mex.obj
 0001:00021c20       sf_mex_get_ml_var          0000000180022c20 f   sfc_mex:sfc_mex.obj
 0001:000220c0       ml_set_element_value_in_array 00000001800230c0 f   sfc_mex:sfc_mex.obj
 0001:00023790       sf_mex_call_impl           0000000180024790 f   sfc_mex:sfc_mex.obj
 0001:00023cc0       sf_mex_call_debug          0000000180024cc0 f   sfc_mex:sfc_mex.obj
 0001:00023cf0       sf_mex_call                0000000180024cf0 f   sfc_mex:sfc_mex.obj
 0001:00024340       sf_mex_createstruct        0000000180025340 f   sfc_mex:sfc_mex.obj
 0001:00024430       sf_mex_createstructarray   0000000180025430 f   sfc_mex:sfc_mex.obj
 0001:000244b0       sf_mex_get_mx_datatype_from_sf_datatype 00000001800254b0 f   sfc_mex:sfc_mex.obj
 0001:000247c0       sf_mex_ml_var_sub          00000001800257c0 f   sfc_mex:sfc_mex.obj
 0001:00024990       sf_mex_ml_var_subsasgn     0000000180025990 f   sfc_mex:sfc_mex.obj
 0001:00024d80       sf_mex_sub                 0000000180025d80 f   sfc_mex:sfc_mex.obj
 0001:00024f80       sf_mex_subsasgn            0000000180025f80 f   sfc_mex:sfc_mex.obj
 0001:00025460       sf_mex_create              0000000180026460 f   sfc_mex:sfc_mex.obj
 0001:00025eb0       sf_mex_import_named        0000000180026eb0 f   sfc_mex:sfc_mex.obj
 0001:00025f10       sf_mex_import              0000000180026f10 f   sfc_mex:sfc_mex.obj
 0001:00025f60       sf_mex_import_vs           0000000180026f60 f   sfc_mex:sfc_mex.obj
 0001:00026070       sf_mex_lower_fixpt_mx_array 0000000180027070 f   sfc_mex:sfc_mex.obj
 0001:00026360       sf_send_message_wrapper    0000000180027360 f   sfc_mex:sfc_sf.obj
 0001:00026390       sf_receive_message_wrapper 0000000180027390 f   sfc_mex:sfc_sf.obj
 0001:000263d0       sf_check_out_message_wrapper 00000001800273d0 f   sfc_mex:sfc_sf.obj
 0001:00026410       sf_check_in_message_wrapper 0000000180027410 f   sfc_mex:sfc_sf.obj
 0001:00026450       sf_no_message_wrapper      0000000180027450 f   sfc_mex:sfc_sf.obj
 0001:000267e0       sim_mode_is_rtw_gen        00000001800277e0 f   sfc_mex:sfc_sf.obj
 0001:00026810       sim_mode_is_external       0000000180027810 f   sfc_mex:sfc_sf.obj
 0001:00026820       sim_mode_is_modelref_sim   0000000180027820 f   sfc_mex:sfc_sf.obj
 0001:00026840       mdlInitializeSizes         0000000180027840 f   sfc_mex:sfc_sf.obj
 0001:00026860       mdlInitializeSampleTimes   0000000180027860 f   sfc_mex:sfc_sf.obj
 0001:000268a0       mdlZeroCrossings           00000001800278a0 f   sfc_mex:sfc_sf.obj
 0001:00026980       mdlDerivatives             0000000180027980 f   sfc_mex:sfc_sf.obj
 0001:00026a30       mdl_initialize_conditions_processing 0000000180027a30 f   sfc_mex:sfc_sf.obj
 0001:00026a60       mdlInitializeConditions    0000000180027a60 f   sfc_mex:sfc_sf.obj
 0001:00026b20       mdlGetSimState             0000000180027b20 f   sfc_mex:sfc_sf.obj
 0001:00026b30       mdlSetSimState             0000000180027b30 f   sfc_mex:sfc_sf.obj
 0001:00026b40       mdl_ext_mode_exec_processing 0000000180027b40 f   sfc_mex:sfc_sf.obj
 0001:00026b60       mdlExtModeExec             0000000180027b60 f   sfc_mex:sfc_sf.obj
 0001:00026cf0       mdlTerminate               0000000180027cf0 f   sfc_mex:sfc_sf.obj
 0001:00026d60       mdlRTW                     0000000180027d60 f   sfc_mex:sfc_sf.obj
 0001:00026d90       mdlSetWorkWidths           0000000180027d90 f   sfc_mex:sfc_sf.obj
 0001:00026da0       mdlProcessParameters       0000000180027da0 f   sfc_mex:sfc_sf.obj
 0001:00026db0       mdl_start_processing       0000000180027db0 f   sfc_mex:sfc_sf.obj
 0001:00026e10       mdlStart                   0000000180027e10 f   sfc_mex:sfc_sf.obj
 0001:00026f20       mdlEnable                  0000000180027f20 f   sfc_mex:sfc_sf.obj
 0001:00026ff0       mdlDisable                 0000000180027ff0 f   sfc_mex:sfc_sf.obj
 0001:000270a0       sf_get_chart_instance_ptr  00000001800280a0 f   sfc_mex:sfc_sf.obj
 0001:000270c0       sf_load_rtw_optimization_info 00000001800280c0 f   sfc_mex:sfc_sf.obj
 0001:00027190       sf_rtw_info_uint_prop      0000000180028190 f   sfc_mex:sfc_sf.obj
 0001:000272d0       sf_is_chart_inlinable      00000001800282d0 f   sfc_mex:sfc_sf.obj
 0001:000272f0       sf_mark_output_events_with_multiple_callers 00000001800282f0 f   sfc_mex:sfc_sf.obj
 0001:00027480       sf_mark_chart_reusable_outputs 0000000180028480 f   sfc_mex:sfc_sf.obj
 0001:000276e0       sf_mark_chart_expressionable_inputs 00000001800286e0 f   sfc_mex:sfc_sf.obj
 0001:00027940       sf_get_subchart_simstruct  0000000180028940 f   sfc_mex:sfc_sf.obj
 0001:00027990       sf_get_fixpt_data_type_id  0000000180028990 f   sfc_mex:sfc_sf.obj
 0001:000279d0       sf_get_enum_data_type_id   00000001800289d0 f   sfc_mex:sfc_sf.obj
 0001:00027a10       sf_get_param_data_type_id  0000000180028a10 f   sfc_mex:sfc_sf.obj
 0001:00027a40       sf_mex_listen_for_ctrl_c_force 0000000180028a40 f   sfc_mex:sfc_sf.obj
 0001:00027b50       sf_mex_draw_now            0000000180028b50 f   sfc_mex:sfc_sf.obj
 0001:00027b90       sf_mex_set_debugger_sim_status_listener_fcn 0000000180028b90 f   sfc_mex:sfc_sf.obj
 0001:00027ba0       sf_mex_listen_for_ctrl_c   0000000180028ba0 f   sfc_mex:sfc_sf.obj
 0001:00027c30       sf_mex_get_sfun_param      0000000180028c30 f   sfc_mex:sfc_sf.obj
 0001:00027c80       sf_get_runtime_param_data  0000000180028c80 f   sfc_mex:sfc_sf.obj
 0001:00027cc0       sf_call_output_fcn_call    0000000180028cc0 f   sfc_mex:sfc_sf.obj
 0001:00027e00       sf_call_output_fcn_enable  0000000180028e00 f   sfc_mex:sfc_sf.obj
 0001:00027e90       sf_call_output_fcn_disable 0000000180028e90 f   sfc_mex:sfc_sf.obj
 0001:00027f20       sf_clear_rtw_identifier    0000000180028f20 f   sfc_mex:sfc_sf.obj
 0001:00028710       sf_set_encoded_dwork_info  0000000180029710 f   sfc_mex:sfc_sf.obj
 0001:00028760       sf_get_dwork_info_from_mat_file 0000000180029760 f   sfc_mex:sfc_sf.obj
 0001:00028920       sf_set_rtw_dwork_info      0000000180029920 f   sfc_mex:sfc_sf.obj
 0001:00028a90       mdlOutputs                 0000000180029a90 f   sfc_mex:sfc_sf.obj
 0001:00028c30       sf_debug_disp              0000000180029c30 f   sfc_debug:sfcdebug.obj
 0001:00028e90       sf_debug_data_runtime_size_mismatch_error_check 0000000180029e90 f   sfc_debug:sfcdebug.obj
 0001:00028f30       sf_debug_try_loading_machine 0000000180029f30 f   sfc_debug:sfcdebug.obj
 0001:00029030       sf_debug_reset_current_state_configuration 000000018002a030 f   sfc_debug:sfcdebug.obj
 0001:000290c0       sf_debug_store_current_state_configuration 000000018002a0c0 f   sfc_debug:sfcdebug.obj
 0001:00029150       sf_debug_restore_previous_state_configuration 000000018002a150 f   sfc_debug:sfcdebug.obj
 0001:000291e0       sf_debug_restore_previous_state_configuration2 000000018002a1e0 f   sfc_debug:sfcdebug.obj
 0001:00029270       sf_debug_get_event_scope   000000018002a270 f   sfc_debug:sfcdebug.obj
 0001:000293e0       use_debugger_step_animation 000000018002a3e0 f   sfc_debug:sfcdebug.obj
 0001:00029400       sf_debug_get_script_id     000000018002a400 f   sfc_debug:sfcdebug.obj
 0001:00029490       sf_debug_set_script_translation 000000018002a490 f   sfc_debug:sfcdebug.obj
 0001:00029610       sf_debug_extract_message_post_receive_info 000000018002a610 f   sfc_debug:sfcdebug.obj
 0001:00029710       sf_debug_get_current_machine_id 000000018002a710 f   sfc_debug:sfcdebug.obj
 0001:00029730       sf_debug_get_current_optional_integer 000000018002a730 f   sfc_debug:sfcdebug.obj
 0001:00029740       sf_debug_get_current_machine_number 000000018002a740 f   sfc_debug:sfcdebug.obj
 0001:00029760       sf_debug_get_current_machine_name 000000018002a760 f   sfc_debug:sfcdebug.obj
 0001:00029780       sf_debug_get_current_chart_id 000000018002a780 f   sfc_debug:sfcdebug.obj
 0001:000297d0       sf_debug_get_current_chart_number 000000018002a7d0 f   sfc_debug:sfcdebug.obj
 0001:000297e0       sf_debug_get_current_instance_number 000000018002a7e0 f   sfc_debug:sfcdebug.obj
 0001:000297f0       sf_debug_get_current_is_minor_time_step 000000018002a7f0 f   sfc_debug:sfcdebug.obj
 0001:00029870       sf_debug_get_current_object_type 000000018002a870 f   sfc_debug:sfcdebug.obj
 0001:00029880       sf_debug_get_current_instance_handle 000000018002a880 f   sfc_debug:sfcdebug.obj
 0001:000298e0       sf_debug_get_current_event_type 000000018002a8e0 f   sfc_debug:sfcdebug.obj
 0001:000298f0       sf_debug_get_current_object_id 000000018002a8f0 f   sfc_debug:sfcdebug.obj
 0001:00029930       sf_debug_get_current_active_event_type 000000018002a930 f   sfc_debug:sfcdebug.obj
 0001:00029940       sf_debug_get_current_active_event_id 000000018002a940 f   sfc_debug:sfcdebug.obj
 0001:00029980       sf_debug_get_current_tag_type 000000018002a980 f   sfc_debug:sfcdebug.obj
 0001:00029990       sf_debug_get_current_simulation_time 000000018002a990 f   sfc_debug:sfcdebug.obj
 0001:000299a0       sf_debug_get_current_coverage_percentage 000000018002a9a0 f   sfc_debug:sfcdebug.obj
 0001:000299b0       sf_debug_current_statement_context 000000018002a9b0 f   sfc_debug:sfcdebug.obj
 0001:00029a40       sf_debug_get_current_statement_info 000000018002aa40 f   sfc_debug:sfcdebug.obj
 0001:00029bc0       sf_debug_terminate_instance 000000018002abc0 f   sfc_debug:sfcdebug.obj
 0001:00029f00       sf_debug_assertion_failed  000000018002af00 f   sfc_debug:sfcdebug.obj
 0001:0002a160       sf_debug_set_number_of_data_with_change_event_for_machine 000000018002b160 f   sfc_debug:sfcdebug.obj
 0001:0002a1a0       sf_debug_set_machine_event_thresholds 000000018002b1a0 f   sfc_debug:sfcdebug.obj
 0001:0002a1c0       sf_debug_set_machine_event_scope 000000018002b1c0 f   sfc_debug:sfcdebug.obj
 0001:0002a200       sf_debug_set_machine_data_thresholds 000000018002b200 f   sfc_debug:sfcdebug.obj
 0001:0002a240       sf_debug_set_machine_data_scope 000000018002b240 f   sfc_debug:sfcdebug.obj
 0001:0002a2d0       sf_debug_set_machine_data_name 000000018002b2d0 f   sfc_debug:sfcdebug.obj
 0001:0002a370       sf_debug_set_machine_data_size 000000018002b370 f   sfc_debug:sfcdebug.obj
 0001:0002a4b0       sf_debug_set_machine_data_type 000000018002b4b0 f   sfc_debug:sfcdebug.obj
 0001:0002a620       sf_debug_get_chart_data_number 000000018002b620 f   sfc_debug:sfcdebug.obj
 0001:0002a640       sf_debug_get_chart_event_number 000000018002b640 f   sfc_debug:sfcdebug.obj
 0001:0002a660       sf_debug_set_chart_state_info 000000018002b660 f   sfc_debug:sfcdebug.obj
 0001:0002a6e0       sf_debug_set_chart_decomposition 000000018002b6e0 f   sfc_debug:sfcdebug.obj
 0001:0002a750       sf_debug_set_chart_substate_count 000000018002b750 f   sfc_debug:sfcdebug.obj
 0001:0002a830       sf_debug_set_chart_substate_index 000000018002b830 f   sfc_debug:sfcdebug.obj
 0001:0002a8a0       sf_debug_set_chart_state_substate_count 000000018002b8a0 f   sfc_debug:sfcdebug.obj
 0001:0002a9b0       sf_debug_set_chart_state_substate_index 000000018002b9b0 f   sfc_debug:sfcdebug.obj
 0001:0002aa30       sf_debug_set_number_of_data_with_change_event_for_chart 000000018002ba30 f   sfc_debug:sfcdebug.obj
 0001:0002aab0       sf_debug_set_number_of_states_with_entry_event_for_chart 000000018002bab0 f   sfc_debug:sfcdebug.obj
 0001:0002ab20       sf_debug_set_number_of_states_with_exit_event_for_chart 000000018002bb20 f   sfc_debug:sfcdebug.obj
 0001:0002ab90       sf_debug_set_chart_disable_implicit_casting 000000018002bb90 f   sfc_debug:sfcdebug.obj
 0001:0002ac00       sf_debug_set_chart_event_thresholds 000000018002bc00 f   sfc_debug:sfcdebug.obj
 0001:0002ac70       sf_debug_set_chart_data_compiled_props 000000018002bc70 f   sfc_debug:sfcdebug.obj
 0001:0002afc0       sf_debug_set_chart_data_props 000000018002bfc0 f   sfc_debug:sfcdebug.obj
 0001:0002b2e0       sf_debug_check_fi_license  000000018002c2e0 f   sfc_debug:sfcdebug.obj
 0001:0002b4d0       sf_debug_symbol_scope_push 000000018002c4d0 f   sfc_debug:sfcdebug.obj
 0001:0002b510       sf_debug_symbol_scope_push_eml 000000018002c510 f   sfc_debug:sfcdebug.obj
 0001:0002b560       sf_debug_symbol_scope_pop  000000018002c560 f   sfc_debug:sfcdebug.obj
 0001:0002b5a0       sf_debug_symbol_scope_add_importable 000000018002c5a0 f   sfc_debug:sfcdebug.obj
 0001:0002b620       sf_debug_symbol_scope_add  000000018002c620 f   sfc_debug:sfcdebug.obj
 0001:0002b6a0       sf_debug_symbol_scope_add_dyn_importable 000000018002c6a0 f   sfc_debug:sfcdebug.obj
 0001:0002b760       sf_debug_symbol_scope_add_dyn 000000018002c760 f   sfc_debug:sfcdebug.obj
 0001:0002b790       sf_debug_symbol_scope_add_eml_importable 000000018002c790 f   sfc_debug:sfcdebug.obj
 0001:0002b7d0       sf_debug_symbol_scope_add_eml 000000018002c7d0 f   sfc_debug:sfcdebug.obj
 0001:0002b810       sf_debug_symbol_scope_add_eml_dyn_importable 000000018002c810 f   sfc_debug:sfcdebug.obj
 0001:0002b880       sf_debug_symbol_scope_add_eml_dyn 000000018002c880 f   sfc_debug:sfcdebug.obj
 0001:0002b8e0       sf_debug_symbol_switch     000000018002c8e0 f   sfc_debug:sfcdebug.obj
 0001:0002b900       sf_debug_symbol_scope_add_verbose 000000018002c900 f   sfc_debug:sfcdebug.obj
 0001:0002b9d0       sf_debug_set_machine_data_value_ptr 000000018002c9d0 f   sfc_debug:sfcdebug.obj
 0001:0002ba10       sf_debug_set_instance_data_value_ptr 000000018002ca10 f   sfc_debug:sfcdebug.obj
 0001:0002bad0       sf_debug_unset_instance_data_value_ptr 000000018002cad0 f   sfc_debug:sfcdebug.obj
 0001:0002bb80       sf_debug_set_chart_event_scope 000000018002cb80 f   sfc_debug:sfcdebug.obj
 0001:0002bc00       sf_debug_set_chart_transition_coverage_maps 000000018002cc00 f   sfc_debug:sfcdebug.obj
 0001:0002bd10       sf_debug_set_chart_state_coverage_maps 000000018002cd10 f   sfc_debug:sfcdebug.obj
 0001:0002bdf0       sf_debug_set_instance_transition_coverage_weights 000000018002cdf0 f   sfc_debug:sfcdebug.obj
 0001:0002be90       sf_debug_set_instance_state_coverage_weights 000000018002ce90 f   sfc_debug:sfcdebug.obj
 0001:0002c0e0       sf_debug_unload_machine    000000018002d0e0 f   sfc_debug:sfcdebug.obj
 0001:0002c130       sf_debug_load_machine      000000018002d130 f   sfc_debug:sfcdebug.obj
 0001:0002c230       sf_debug_set_active_instance_in_data_dictionary 000000018002d230 f   sfc_debug:sfcdebug.obj
 0001:0002c410       sf_debug_set_active_instance 000000018002d410 f   sfc_debug:sfcdebug.obj
 0001:0002c570       sf_debug_chart_visiblity_change 000000018002d570 f   sfc_debug:sfcdebug.obj
 0001:0002c670       sf_debug_select_chart      000000018002d670 f   sfc_debug:sfcdebug.obj
 0001:0002c7e0       sf_debug_set_instance_cv_ids 000000018002d7e0 f   sfc_debug:sfcdebug.obj
 0001:0002caf0       sf_debug_select_charts     000000018002daf0 f   sfc_debug:sfcdebug.obj
 0001:0002cc80       sf_debug_initialized       000000018002dc80 f   sfc_debug:sfcdebug.obj
 0001:0002cc90       sf_debug_is_uninterruptible 000000018002dc90 f   sfc_debug:sfcdebug.obj
 0001:0002ccc0       sf_debug_initialize_debugger_gui 000000018002dcc0 f   sfc_debug:sfcdebug.obj
 0001:0002d0b0       sf_debug_resume            000000018002e0b0 f   sfc_debug:sfcdebug.obj
 0001:0002d0d0       sf_debug_go                000000018002e0d0 f   sfc_debug:sfcdebug.obj
 0001:0002d0e0       sf_debug_break             000000018002e0e0 f   sfc_debug:sfcdebug.obj
 0001:0002d0f0       sf_debug_step_over         000000018002e0f0 f   sfc_debug:sfcdebug.obj
 0001:0002d100       sf_debug_step_out          000000018002e100 f   sfc_debug:sfcdebug.obj
 0001:0002d110       sf_debug_set_disable_all_breakpoints 000000018002e110 f   sfc_debug:sfcdebug.obj
 0001:0002d120       sf_debug_disable_all_breakpoints_and_go 000000018002e120 f   sfc_debug:sfcdebug.obj
 0001:0002d130       sf_debug_break_on_chart_entry 000000018002e130 f   sfc_debug:sfcdebug.obj
 0001:0002d140       sf_debug_break_on_event_broadcast 000000018002e140 f   sfc_debug:sfcdebug.obj
 0001:0002d150       sf_debug_break_on_state_entry 000000018002e150 f   sfc_debug:sfcdebug.obj
 0001:0002d160       sf_debug_break_between_times 000000018002e160 f   sfc_debug:sfcdebug.obj
 0001:0002d180       sf_debug_browse_data       000000018002e180 f   sfc_debug:sfcdebug.obj
 0001:0002d1a0       sf_debug_watch_data        000000018002e1a0 f   sfc_debug:sfcdebug.obj
 0001:0002d1c0       sf_debug_assign_data       000000018002e1c0 f   sfc_debug:sfcdebug.obj
 0001:0002d1e0       sf_debug_whos              000000018002e1e0 f   sfc_debug:sfcdebug.obj
 0001:0002d200       sf_debug_get_consistency_info 000000018002e200 f   sfc_debug:sfcdebug.obj
 0001:0002d210       sf_debug_browse_trace      000000018002e210 f   sfc_debug:sfcdebug.obj
 0001:0002d220       sf_debug_set_breakpoints   000000018002e220 f   sfc_debug:sfcdebug.obj
 0001:0002d380       sf_debug_set_eml_breakpoints 000000018002e380 f   sfc_debug:sfcdebug.obj
 0001:0002d4e0       sf_debug_set_script_breakpoints 000000018002e4e0 f   sfc_debug:sfcdebug.obj
 0001:0002d560       sf_debug_add_script_breakpoints 000000018002e560 f   sfc_debug:sfcdebug.obj
 0001:0002d5d0       sf_debug_clear_script_breakpoints 000000018002e5d0 f   sfc_debug:sfcdebug.obj
 0001:0002d640       sf_debug_query_script_breakpoints 000000018002e640 f   sfc_debug:sfcdebug.obj
 0001:0002d700       sf_debug_get_eml_script_id 000000018002e700 f   sfc_debug:sfcdebug.obj
 0001:0002d750       sf_debug_set_watch         000000018002e750 f   sfc_debug:sfcdebug.obj
 0001:0002d980       sf_debug_get_instance_handle 000000018002e980 f   sfc_debug:sfcdebug.obj
 0001:0002da10       sf_debug_get_active_states 000000018002ea10 f   sfc_debug:sfcdebug.obj
 0001:0002da20       sf_debug_get_animation     000000018002ea20 f   sfc_debug:sfcdebug.obj
 0001:0002da30       sf_debug_set_animation     000000018002ea30 f   sfc_debug:sfcdebug.obj
 0001:0002da40       sf_debug_animate           000000018002ea40 f   sfc_debug:sfcdebug.obj
 0001:0002da70       sf_debug_cycle_detection_check 000000018002ea70 f   sfc_debug:sfcdebug.obj
 0001:0002da80       sf_debug_data_range_check  000000018002ea80 f   sfc_debug:sfcdebug.obj
 0001:0002da90       sf_debug_transition_conflict_check 000000018002ea90 f   sfc_debug:sfcdebug.obj
 0001:0002daa0       sf_debug_state_consistency_check 000000018002eaa0 f   sfc_debug:sfcdebug.obj
 0001:0002dab0       sf_debug_data_range_check_enabled 000000018002eab0 f   sfc_debug:sfcdebug.obj
 0001:0002dad0       sf_debug_transition_conflict_check_enabled 000000018002ead0 f   sfc_debug:sfcdebug.obj
 0001:0002daf0       sf_debug_transition_conflict_check_begin 000000018002eaf0 f   sfc_debug:sfcdebug.obj
 0001:0002db10       sf_debug_transition_conflict_check_end 000000018002eb10 f   sfc_debug:sfcdebug.obj
 0001:0002db30       sf_debug_stop_debugging    000000018002eb30 f   sfc_debug:sfcdebug.obj
 0001:0002db60       sf_debug_is_cycle_detected 000000018002eb60 f   sfc_debug:sfcdebug.obj
 0001:0002db70       sf_debug_is_array_bounds_detected 000000018002eb70 f   sfc_debug:sfcdebug.obj
 0001:0002db80       sf_debug_get_state_vectors_data_size 000000018002eb80 f   sfc_debug:sfcdebug.obj
 0001:0002dbc0       sf_debug_get_state_vectors_data 000000018002ebc0 f   sfc_debug:sfcdebug.obj
 0001:0002dcc0       sf_debug_set_state_vectors_data 000000018002ecc0 f   sfc_debug:sfcdebug.obj
 0001:0002df80       sf_debug_get_script_index  000000018002ef80 f   sfc_debug:sfcdebug.obj
 0001:0002e110       sf_debug_add_script        000000018002f110 f   sfc_debug:sfcdebug.obj
 0001:0002e2a0       cv_eval_point              000000018002f2a0 f   sfc_debug:sfcdebug.obj
 0001:0002e410       cv_eval_testobjective      000000018002f410 f   sfc_debug:sfcdebug.obj
 0001:0002e530       sf_debug_cv_init_state     000000018002f530 f   sfc_debug:sfcdebug.obj
 0001:0002e650       sf_debug_cv_init_chart     000000018002f650 f   sfc_debug:sfcdebug.obj
 0001:0002e730       sf_debug_cv_init_trans     000000018002f730 f   sfc_debug:sfcdebug.obj
 0001:0002e830       sf_debug_cv_init_testobjectives 000000018002f830 f   sfc_debug:sfcdebug.obj
 0001:0002ea10       cv_eml_init_script         000000018002fa10 f   sfc_debug:sfcdebug.obj
 0001:0002eb20       cv_eml_init_fcn            000000018002fb20 f   sfc_debug:sfcdebug.obj
 0001:0002ebd0       cv_eml_init_testobjective  000000018002fbd0 f   sfc_debug:sfcdebug.obj
 0001:0002eca0       cv_eml_init_saturation     000000018002fca0 f   sfc_debug:sfcdebug.obj
 0001:0002ed60       cv_eml_init_if             000000018002fd60 f   sfc_debug:sfcdebug.obj
 0001:0002ee30       cv_eml_init_for            000000018002fe30 f   sfc_debug:sfcdebug.obj
 0001:0002eef0       cv_eml_init_while          000000018002fef0 f   sfc_debug:sfcdebug.obj
 0001:0002efb0       cv_eml_init_mcdc           000000018002ffb0 f   sfc_debug:sfcdebug.obj
 0001:0002f0c0       cv_eml_init_switch         00000001800300c0 f   sfc_debug:sfcdebug.obj
 0001:0002f1b0       cv_eml_eval                00000001800301b0 f   sfc_debug:sfcdebug.obj
 0001:0002f290       sf_debug_bm_is_a_eml_breakpoint 0000000180030290 f   sfc_debug:sfcdebug.obj
 0001:0002f3e0       sf_debug_temporal_threshold 00000001800303e0 f   sfc_debug:sfcdebug.obj
 0001:0002f740       sf_debug_transition_conflict_error 0000000180030740 f   sfc_debug:sfcdebug.obj
 0001:0002fac0       sf_debug_state_inconsistency_error 0000000180030ac0 f   sfc_debug:sfcdebug.obj
 0001:0002fbe0       sf_debug_check_for_state_inconsistency 0000000180030be0 f   sfc_debug:sfcdebug.obj
 0001:0002fc10       sf_debug_cycle_detecton_error 0000000180030c10 f   sfc_debug:sfcdebug.obj
 0001:000303e0       sf_debug_size_eq_check_1d  00000001800313e0 f   sfc_debug:sfcdebug.obj
 0001:00030400       sf_debug_size_eq_check_nd  0000000180031400 f   sfc_debug:sfcdebug.obj
 0001:000305e0       sf_debug_dim_size_eq_check 00000001800315e0 f   sfc_debug:sfcdebug.obj
 0001:00030610       sf_debug_dim_size_geq_check 0000000180031610 f   sfc_debug:sfcdebug.obj
 0001:00030640       sf_debug_sub_assign_size_check_nd 0000000180031640 f   sfc_debug:sfcdebug.obj
 0001:00030880       sf_debug_matrix_matrix_index_check 0000000180031880 f   sfc_debug:sfcdebug.obj
 0001:000308b0       sf_debug_vector_vector_index_check 00000001800318b0 f   sfc_debug:sfcdebug.obj
 0001:000308e0       sf_debug_for_loop_vector_check 00000001800318e0 f   sfc_debug:sfcdebug.obj
 0001:00030970       sf_debug_runtime_error_msgid 0000000180031970 f   sfc_debug:sfcdebug.obj
 0001:00030a00       sf_debug_data_array_bounds_error_check 0000000180031a00 f   sfc_debug:sfcdebug.obj
 0001:00030b10       sf_debug_eml_data_array_bounds_error_check 0000000180031b10 f   sfc_debug:sfcdebug.obj
 0001:00030ff0       sf_debug_integer_check     0000000180031ff0 f   sfc_debug:sfcdebug.obj
 0001:000310d0       sf_debug_not_nan_check     00000001800320d0 f   sfc_debug:sfcdebug.obj
 0001:00031190       sf_debug_non_negative_check 0000000180032190 f   sfc_debug:sfcdebug.obj
 0001:00031250       sf_debug_overflow_detection 0000000180032250 f   sfc_debug:sfcdebug.obj
 0001:00031940       sf_debug_cast_to_real32_T  0000000180032940 f   sfc_debug:sfcdebug.obj
 0001:00031a00       sf_debug_cast_to_int8_T    0000000180032a00 f   sfc_debug:sfcdebug.obj
 0001:00031ac0       sf_debug_cast_to_uint8_T   0000000180032ac0 f   sfc_debug:sfcdebug.obj
 0001:00031b80       sf_debug_cast_to_int16_T   0000000180032b80 f   sfc_debug:sfcdebug.obj
 0001:00031c40       sf_debug_cast_to_uint16_T  0000000180032c40 f   sfc_debug:sfcdebug.obj
 0001:00031d00       sf_debug_cast_to_int32_T   0000000180032d00 f   sfc_debug:sfcdebug.obj
 0001:00031dc0       sf_debug_cast_to_uint32_T  0000000180032dc0 f   sfc_debug:sfcdebug.obj
 0001:00031e80       sf_debug_data_range_error  0000000180032e80 f   sfc_debug:sfcdebug.obj
 0001:000321d0       sf_debug_read_before_write_check 00000001800331d0 f   sfc_debug:sfcdebug.obj
 0001:00032630       sf_debug_data_range_error_wrapper_min_max 0000000180033630 f   sfc_debug:sfcdebug.obj
 0001:00032720       sf_debug_data_range_error_wrapper_min 0000000180033720 f   sfc_debug:sfcdebug.obj
 0001:00032800       sf_debug_data_range_error_wrapper_max 0000000180033800 f   sfc_debug:sfcdebug.obj
 0001:000328e0       sf_debug_data_range_wrapper 00000001800338e0 f   sfc_debug:sfcdebug.obj
 0001:00032990       sf_debug_set_current_status_info 0000000180033990 f   sfc_debug:sfcdebug.obj
 0001:00032d40       sf_debug_register_message_post_receive_info 0000000180033d40 f   sfc_debug:sfcdebug.obj
 0001:00032fb0       sf_debug_call              0000000180033fb0 f   sfc_debug:sfcdebug.obj
 0001:00033c10       sf_debug_initialize_machine 0000000180034c10 f   sfc_debug:sfcdebug.obj
 0001:00033f20       sf_debug_initialize_chart  0000000180034f20 f   sfc_debug:sfcdebug.obj
 0001:00034370       sf_debug_ensure_script     0000000180035370 f   sfc_debug:sfcdebug.obj
 0001:00034430       cv_script_init_script      0000000180035430 f   sfc_debug:sfcdebug.obj
 0001:00034520       cv_script_init_fcn         0000000180035520 f   sfc_debug:sfcdebug.obj
 0001:000345d0       cv_script_init_testobjective 00000001800355d0 f   sfc_debug:sfcdebug.obj
 0001:00034680       cv_script_init_if          0000000180035680 f   sfc_debug:sfcdebug.obj
 0001:00034730       cv_script_init_for         0000000180035730 f   sfc_debug:sfcdebug.obj
 0001:000347e0       cv_script_init_while       00000001800357e0 f   sfc_debug:sfcdebug.obj
 0001:00034890       cv_script_init_mcdc        0000000180035890 f   sfc_debug:sfcdebug.obj
 0001:00034990       cv_script_init_switch      0000000180035990 f   sfc_debug:sfcdebug.obj
 0001:00034a70       cv_script_eval             0000000180035a70 f   sfc_debug:sfcdebug.obj
 0001:00034b50       eml_debug_line_call        0000000180035b50 f   sfc_debug:sfcdebug.obj
 0001:00034d00       sf_debug_terminate         0000000180035d00 f   sfc_debug:sfcdebug.obj
 0001:00034e70       sf_debug_set_script_cv_ids 0000000180035e70 f   sfc_debug:sfcdebug.obj
 0001:00034fa0       sf_debug_api               0000000180035fa0 f   sfc_debug:sfc_api.obj
 0001:00036650       sf_debug_sm_terminate      0000000180037650 f   sfc_debug:sfdb_animation.obj
 0001:00036810       sf_debug_reset_path_objects 0000000180037810 f   sfc_debug:sfdb_animation.obj
 0001:00036890       sf_debug_sm_reset_object_selection_status 0000000180037890 f   sfc_debug:sfdb_animation.obj
 0001:00036930       sf_debug_sm_reset_state_buffer 0000000180037930 f   sfc_debug:sfdb_animation.obj
 0001:00036a00       sf_debug_sm_store_state_buffer 0000000180037a00 f   sfc_debug:sfdb_animation.obj
 0001:00036a80       sf_debug_sm_restore_state_buffer1 0000000180037a80 f   sfc_debug:sfdb_animation.obj
 0001:00036af0       sf_debug_sm_restore_state_buffer2 0000000180037af0 f   sfc_debug:sfdb_animation.obj
 0001:00036b60       sf_debug_sm_chart_active   0000000180037b60 f   sfc_debug:sfdb_animation.obj
 0001:00036bb0       sf_debug_sm_select_active_objects 0000000180037bb0 f   sfc_debug:sfdb_animation.obj
 0001:000370a0       sf_debug_sm_is_chart_active 00000001800380a0 f   sfc_debug:sfdb_animation.obj
 0001:000370e0       sf_debug_sm_is_state_active 00000001800380e0 f   sfc_debug:sfdb_animation.obj
 0001:00037320       sf_debug_sm_get_active_states 0000000180038320 f   sfc_debug:sfdb_animation.obj
 0001:000378e0       sf_debug_sm_initialize_instance 00000001800388e0 f   sfc_debug:sfdb_animation.obj
 0001:00037b00       sf_debug_sm_change_object_selection_status 0000000180038b00 f   sfc_debug:sfdb_animation.obj
 0001:00037e10       cv_create_interface        0000000180038e10 f   sfc_debug:cv_sfinterface.obj
 0001:00038170       cv_init_trans              0000000180039170 f   sfc_debug:cv_sfinterface.obj
 0001:000381c0       cv_init_testobjective      00000001800391c0 f   sfc_debug:cv_sfinterface.obj
 0001:00038200       cv_init_state              0000000180039200 f   sfc_debug:cv_sfinterface.obj
 0001:00038270       cv_init_chart              0000000180039270 f   sfc_debug:cv_sfinterface.obj
 0001:000382c0       cv_dec_update_call         00000001800392c0 f   sfc_debug:cv_sfinterface.obj
 0001:00038300       cv_cond_update_call        0000000180039300 f   sfc_debug:cv_sfinterface.obj
 0001:00038340       cv_testobjective_update_call 0000000180039340 f   sfc_debug:cv_sfinterface.obj
 0001:00038380       cv_sigrange_update         0000000180039380 f   sfc_debug:cv_sfinterface.obj
 0001:000383c0       cvsf_eml_eval              00000001800393c0 f   sfc_debug:cv_sfinterface.obj
 0001:000384b0       cvsf_eml_init_script       00000001800394b0 f   sfc_debug:cv_sfinterface.obj
 0001:00038540       cvsf_eml_init_fcn          0000000180039540 f   sfc_debug:cv_sfinterface.obj
 0001:000385a0       cvsf_eml_init_testobjective 00000001800395a0 f   sfc_debug:cv_sfinterface.obj
 0001:00038600       cvsf_eml_init_saturation   0000000180039600 f   sfc_debug:cv_sfinterface.obj
 0001:00038650       cvsf_eml_init_if           0000000180039650 f   sfc_debug:cv_sfinterface.obj
 0001:000386b0       cvsf_eml_init_for          00000001800396b0 f   sfc_debug:cv_sfinterface.obj
 0001:00038700       cvsf_eml_init_while        0000000180039700 f   sfc_debug:cv_sfinterface.obj
 0001:00038750       cvsf_eml_init_mcdc         0000000180039750 f   sfc_debug:cv_sfinterface.obj
 0001:000387e0       cvsf_eml_init_switch       00000001800397e0 f   sfc_debug:cv_sfinterface.obj
 0001:00038850       cvsf_script_eval           0000000180039850 f   sfc_debug:cv_sfinterface.obj
 0001:00038940       cvsf_script_init_script    0000000180039940 f   sfc_debug:cv_sfinterface.obj
 0001:000389d0       cvsf_script_init_fcn       00000001800399d0 f   sfc_debug:cv_sfinterface.obj
 0001:00038a30       cvsf_script_init_testobjective 0000000180039a30 f   sfc_debug:cv_sfinterface.obj
 0001:00038a90       cvsf_script_init_saturation 0000000180039a90 f   sfc_debug:cv_sfinterface.obj
 0001:00038ae0       cvsf_script_init_if        0000000180039ae0 f   sfc_debug:cv_sfinterface.obj
 0001:00038b40       cvsf_script_init_for       0000000180039b40 f   sfc_debug:cv_sfinterface.obj
 0001:00038b90       cvsf_script_init_while     0000000180039b90 f   sfc_debug:cv_sfinterface.obj
 0001:00038be0       cvsf_script_init_mcdc      0000000180039be0 f   sfc_debug:cv_sfinterface.obj
 0001:00038c70       cvsf_script_init_switch    0000000180039c70 f   sfc_debug:cv_sfinterface.obj
 0001:00038ce0       cv_destroy_interface       0000000180039ce0 f   sfc_debug:cv_sfinterface.obj
 0001:00038d00       cv_create_instance_objects 0000000180039d00 f   sfc_debug:cv_sfinterface.obj
 0001:000391b0       cv_is_enabled              000000018003a1b0 f   sfc_debug:cv_sfinterface.obj
 0001:000391c0       sf_debug_cv_initialize_script 000000018003a1c0 f   sfc_debug:cv_sfinterface.obj
 0001:00039370       sf_debug_cv_initialize_instance 000000018003a370 f   sfc_debug:cv_sfinterface.obj
 0001:00039710       sf_debug_cv_terminate_chart 000000018003a710 f   sfc_debug:cv_sfinterface.obj
 0001:00039850       cv_call_trans_test         000000018003a850 f   sfc_debug:cv_sfinterface.obj
 0001:00039860       cv_call_sub_cond_test      000000018003a860 f   sfc_debug:cv_sfinterface.obj
 0001:000398a0       sf_debug_st_initialize_machine 000000018003a8a0 f   sfc_debug:sfdb_data_browse.obj
 0001:00039960       sf_debug_st_initialize_instance 000000018003a960 f   sfc_debug:sfdb_data_browse.obj
 0001:00039b90       sf_debug_st_terminate      000000018003ab90 f   sfc_debug:sfdb_data_browse.obj
 0001:00039f30       sf_debug_st_set_data_value_ptr_in_machine 000000018003af30 f   sfc_debug:sfdb_data_browse.obj
 0001:00039fc0       sf_debug_st_set_data_value_ptr_in_instance 000000018003afc0 f   sfc_debug:sfdb_data_browse.obj
 0001:0003a0a0       sf_debug_st_unset_data_value_ptr_in_machine 000000018003b0a0 f   sfc_debug:sfdb_data_browse.obj
 0001:0003a110       sf_debug_st_unset_data_value_ptr_in_instance 000000018003b110 f   sfc_debug:sfdb_data_browse.obj
 0001:0003a420       sf_debug_mx_value          000000018003b420 f   sfc_debug:sfdb_data_browse.obj
 0001:0003a480       sf_debug_mx_packed_vector  000000018003b480 f   sfc_debug:sfdb_data_browse.obj
 0001:0003a560       sf_debug_mx_uint_vector    000000018003b560 f   sfc_debug:sfdb_data_browse.obj
 0001:0003a620       sf_debug_st_get_double_value_from_void_ptr_vector 000000018003b620 f   sfc_debug:sfdb_data_browse.obj
 0001:0003b110       sf_debug_st_browse_data    000000018003c110 f   sfc_debug:sfdb_data_browse.obj
 0001:0003b9a0       sf_debug_hm_initialize_instance 000000018003c9a0 f   sfc_debug:sfdb_handle_management.obj
 0001:0003bed0       sf_debug_hm_get_object_id  000000018003ced0 f   sfc_debug:sfdb_handle_management.obj
 0001:0003ca80       sf_debug_hm_update_chart_visibility 000000018003da80 f   sfc_debug:sfdb_handle_management.obj
 0001:0003dd60       sf_debug_object_is_eml_function 000000018003ed60 f   sfc_debug:sfdb_handle_management.obj
 0001:0003ddd0       sf_debug_hm_initialize_ids_in_machine 000000018003edd0 f   sfc_debug:sfdb_handle_management.obj
 0001:0003df40       sf_debug_hm_initialize_ids_in_chart 000000018003ef40 f   sfc_debug:sfdb_handle_management.obj
 0001:0003e040       sf_debug_hm_initialize_chart 000000018003f040 f   sfc_debug:sfdb_handle_management.obj
 0001:0003e7e0       sf_debug_hm_terminate      000000018003f7e0 f   sfc_debug:sfdb_handle_management.obj
 0001:0003e840       sf_debug_hm_initialize_machine 000000018003f840 f   sfc_debug:sfdb_handle_management.obj
 0001:0003eff0       sf_debug_ss_initialize     000000018003fff0 f   sfc_debug:sfdb_symbol_scope.obj
 0001:0003f010       sf_debug_ss_terminate      0000000180040010 f   sfc_debug:sfdb_symbol_scope.obj
 0001:0003f0a0       sf_debug_ss_push_symbol_scope 00000001800400a0 f   sfc_debug:sfdb_symbol_scope.obj
 0001:0003f1a0       sf_debug_ss_push_symbol_scope_eml 00000001800401a0 f   sfc_debug:sfdb_symbol_scope.obj
 0001:0003f200       sf_debug_ss_pop_symbol_scope 0000000180040200 f   sfc_debug:sfdb_symbol_scope.obj
 0001:0003f2b0       sf_debug_ss_add_symbol     00000001800402b0 f   sfc_debug:sfdb_symbol_scope.obj
 0001:0003f410       sf_debug_ss_add_symbol_eml 0000000180040410 f   sfc_debug:sfdb_symbol_scope.obj
 0001:00040130       sf_debug_ss_set_data_value 0000000180041130 f   sfc_debug:sfdb_symbol_scope.obj
 0001:00040600       getInstanceNumber          0000000180041600 f   sfc_debug:sfdb_symbol_scope.obj
 0001:000406d0       sf_debug_ss_watch_data     00000001800416d0 f   sfc_debug:sfdb_symbol_scope.obj
 0001:00040870       sf_debug_ss_assign_data    0000000180041870 f   sfc_debug:sfdb_symbol_scope.obj
 0001:00041290       get_data_entry_name        0000000180042290 f   sfc_debug:sfdb_symbol_scope.obj
 0001:000412e0       sf_debug_ss_whos           00000001800422e0 f   sfc_debug:sfdb_symbol_scope.obj
 0001:00041a00       sf_debug_cc_initialize_chart 0000000180042a00 f   sfc_debug:sfdb_coverage.obj
 0001:000423f0       sf_debug_cc_initialize_instance 00000001800433f0 f   sfc_debug:sfdb_coverage.obj
 0001:00043200       sf_debug_cc_terminate      0000000180044200 f   sfc_debug:sfdb_coverage.obj
 0001:000432f0       sf_debug_cc_set_transition_maps 00000001800442f0 f   sfc_debug:sfdb_coverage.obj
 0001:00043420       sf_debug_cc_set_state_maps 0000000180044420 f   sfc_debug:sfdb_coverage.obj
 0001:00043500       sf_debug_cc_set_transition_weights 0000000180044500 f   sfc_debug:sfdb_coverage.obj
 0001:000437d0       sf_debug_cc_set_state_weights 00000001800447d0 f   sfc_debug:sfdb_coverage.obj
 0001:00043aa0       sf_debug_cc_mark_transition_guard 0000000180044aa0 f   sfc_debug:sfdb_coverage.obj
 0001:00043b30       sf_debug_cc_mark_transition_trigger 0000000180044b30 f   sfc_debug:sfdb_coverage.obj
 0001:00043bc0       sf_debug_cc_mark_transition_decision 0000000180044bc0 f   sfc_debug:sfdb_coverage.obj
 0001:00043c30       sf_debug_cc_mark_transition_condition_action 0000000180044c30 f   sfc_debug:sfdb_coverage.obj
 0001:00043c80       sf_debug_cc_mark_transition_transition_action 0000000180044c80 f   sfc_debug:sfdb_coverage.obj
 0001:00043cd0       sf_debug_cc_mark_state_entry 0000000180044cd0 f   sfc_debug:sfdb_coverage.obj
 0001:00043d20       sf_debug_cc_mark_state_during 0000000180044d20 f   sfc_debug:sfdb_coverage.obj
 0001:00043d70       sf_debug_cc_mark_state_exit 0000000180044d70 f   sfc_debug:sfdb_coverage.obj
 0001:00043dc0       sf_debug_bm_clear_script_breakpoints 0000000180044dc0 f   sfc_debug:sfdb_breakpoints.obj
 0001:00043df0       sf_debug_bm_set_script_breakpoint 0000000180044df0 f   sfc_debug:sfdb_breakpoints.obj
 0001:00043e70       sf_debug_bm_clear_single_script_breakpoint 0000000180044e70 f   sfc_debug:sfdb_breakpoints.obj
 0001:00043ef0       sf_debug_bm_query_script_breakpoint 0000000180044ef0 f   sfc_debug:sfdb_breakpoints.obj
 0001:00043f40       sf_debug_bm_initialize_scripts 0000000180044f40 f   sfc_debug:sfdb_breakpoints.obj
 0001:00044660       sf_debug_bm_terminate      0000000180045660 f   sfc_debug:sfdb_breakpoints.obj
 0001:00044950       sf_debug_bm_remove_all_breakpoints_in_machine 0000000180045950 f   sfc_debug:sfdb_breakpoints.obj
 0001:000449c0       sf_debug_bm_remove_all_breakpoints_in_chart 00000001800459c0 f   sfc_debug:sfdb_breakpoints.obj
 0001:00044b10       sf_debug_bm_initialize_global_breakpoints 0000000180045b10 f   sfc_debug:sfdb_breakpoints.obj
 0001:00044c90       sf_debug_bm_set_breakpoint 0000000180045c90 f   sfc_debug:sfdb_breakpoints.obj
 0001:00045290       sf_debug_bm_set_eml_breakpoint 0000000180046290 f   sfc_debug:sfdb_breakpoints.obj
 0001:00045330       sf_debug_bm_initialize_machine_breakpoint_map 0000000180046330 f   sfc_debug:sfdb_breakpoints.obj
 0001:00045750       sf_debug_bm_is_a_breakpoint 0000000180046750 f   sfc_debug:sfdb_breakpoints.obj
 0001:00045d30       sf_debug_bm_get_all_breakpoints_in_machine 0000000180046d30 f   sfc_debug:sfdb_breakpoints.obj
 0001:00046030       sf_debug_bm_get_all_breakpoints_in_chart 0000000180047030 f   sfc_debug:sfdb_breakpoints.obj
 0001:00046cf0       sf_debug_bm_initialize_machine 0000000180047cf0 f   sfc_debug:sfdb_breakpoints.obj
 0001:00046dc0       sf_debug_bm_initialize_chart 0000000180047dc0 f   sfc_debug:sfdb_breakpoints.obj
 0001:000471e0       sf_debug_sc_terminate      00000001800481e0 f   sfc_debug:sfdb_state_consistency.obj
 0001:00047510       sf_debug_sc_is_chart_consistent 0000000180048510 f   sfc_debug:sfdb_state_consistency.obj
 0001:000477c0       sf_debug_sc_get_consistency_error_info 00000001800487c0 f   sfc_debug:sfdb_state_consistency.obj
 0001:00047c10       sf_debug_tm_terminate      0000000180048c10 f   sfc_debug:sfdb_call_stack.obj
 0001:00047cd0       sf_debug_tm_push_chart_instance 0000000180048cd0 f   sfc_debug:sfdb_call_stack.obj
 0001:00047e20       sf_debug_tm_pop_chart_instance 0000000180048e20 f   sfc_debug:sfdb_call_stack.obj
 0001:00047e80       sf_debug_tm_push_trace_node 0000000180048e80 f   sfc_debug:sfdb_call_stack.obj
 0001:00048010       sf_debug_tm_pop_trace_node 0000000180049010 f   sfc_debug:sfdb_call_stack.obj
 0001:00048090       sf_debug_tm_get_current_global_trace_index 0000000180049090 f   sfc_debug:sfdb_call_stack.obj
 0001:000480a0       sf_debug_tm_get_current_local_trace_index 00000001800490a0 f   sfc_debug:sfdb_call_stack.obj
 0001:000480d0       sf_debug_tm_set_cycle_detected_flag 00000001800490d0 f   sfc_debug:sfdb_call_stack.obj
 0001:00048110       sf_debug_tm_set_cycle_started_flag 0000000180049110 f   sfc_debug:sfdb_call_stack.obj
 0001:00048150       sf_debug_tm_get_chart_number_from_stack 0000000180049150 f   sfc_debug:sfdb_call_stack.obj
 0001:00048350       sf_debug_tm_browse_trace   0000000180049350 f   sfc_debug:sfdb_call_stack.obj
 0001:00048690       sf_debug_cd_initialize_instance 0000000180049690 f   sfc_debug:sfdb_cycle_detection.obj
 0001:00048940       sf_debug_cd_mark_processed_transition_in_instance 0000000180049940 f   sfc_debug:sfdb_cycle_detection.obj
 0001:000489e0       sf_debug_cd_checksum_push  00000001800499e0 f   sfc_debug:sfdb_cycle_detection.obj
 0001:00048ca0       sf_debug_cd_checksum_pop   0000000180049ca0 f   sfc_debug:sfdb_cycle_detection.obj
 0001:00048d10       sf_debug_cd_turn_off_cycle_detection 0000000180049d10 f   sfc_debug:sfdb_cycle_detection.obj
 0001:00048d60       sf_debug_cd_terminate      0000000180049d60 f   sfc_debug:sfdb_cycle_detection.obj
 0001:00048fa0       md5_initialize_state       0000000180049fa0 f   sfc_debug:ckmd5.obj
 0001:00049a10       md5_update_state           000000018004aa10 f   sfc_debug:ckmd5.obj
 0001:00049a30       md5_get_hash               000000018004aa30 f   sfc_debug:ckmd5.obj
 0001:00049a60       md5_get_hash_for_a_single_string 000000018004aa60 f   sfc_debug:ckmd5.obj
 0001:00049ac4       mxGetPr                    000000018004aac4 f   libmx:libmx.dll
 0001:00049aca       mxCreateDoubleScalar       000000018004aaca f   libmx:libmx.dll
 0001:00049ad0       mxCreateDoubleMatrix_730   000000018004aad0 f   libmx:libmx.dll
 0001:00049ad6       mxSetField_730             000000018004aad6 f   libmx:libmx.dll
 0001:00049adc       mxCreateString             000000018004aadc f   libmx:libmx.dll
 0001:00049ae2       mxCreateStructMatrix_730   000000018004aae2 f   libmx:libmx.dll
 0001:00049ae8       mxDestroyArray             000000018004aae8 f   libmx:libmx.dll
 0001:00049aee       mxDuplicateArray           000000018004aaee f   libmx:libmx.dll
 0001:00049af4       mxGetString_730            000000018004aaf4 f   libmx:libmx.dll
 0001:00049afa       mxIsChar                   000000018004aafa f   libmx:libmx.dll
 0001:00049b00       mxGetClassID               000000018004ab00 f   libmx:libmx.dll
 0001:00049b06       mxIsNumeric                000000018004ab06 f   libmx:libmx.dll
 0001:00049b0c       mxIsComplex                000000018004ab0c f   libmx:libmx.dll
 0001:00049b12       mxGetN                     000000018004ab12 f   libmx:libmx.dll
 0001:00049b18       mxGetM                     000000018004ab18 f   libmx:libmx.dll
 0001:00049b1e       mxCalloc                   000000018004ab1e f   libmx:libmx.dll
 0001:00049b24       mxGetScalar                000000018004ab24 f   libmx:libmx.dll
 0001:00049b2a       mxIsLogical                000000018004ab2a f   libmx:libmx.dll
 0001:00049b30       mxCreateDoubleMatrix_700   000000018004ab30 f   libmx:libmx.dll
 0001:00049b36       mxFree                     000000018004ab36 f   libmx:libmx.dll
 0001:00049b3c       mxArrayToString            000000018004ab3c f   libmx:libmx.dll
 0001:00049b42       mxCreateCellMatrix_700     000000018004ab42 f   libmx:libmx.dll
 0001:00049b48       mxSetCell_700              000000018004ab48 f   libmx:libmx.dll
 0001:00049b4e       mxGetCell_700              000000018004ab4e f   libmx:libmx.dll
 0001:00049b54       mxGetClassName             000000018004ab54 f   libmx:libmx.dll
 0001:00049b5a       mxSetField_700             000000018004ab5a f   libmx:libmx.dll
 0001:00049b60       mxAddField                 000000018004ab60 f   libmx:libmx.dll
 0001:00049b66       mxGetField_700             000000018004ab66 f   libmx:libmx.dll
 0001:00049b6c       mxGetNumberOfElements      000000018004ab6c f   libmx:libmx.dll
 0001:00049b72       mxIsStruct                 000000018004ab72 f   libmx:libmx.dll
 0001:00049b78       mxIsA                      000000018004ab78 f   libmx:libmx.dll
 0001:00049b7e       mxIsClass                  000000018004ab7e f   libmx:libmx.dll
 0001:00049b84       mxGetLogicals              000000018004ab84 f   libmx:libmx.dll
 0001:00049b8a       mxIsSparse                 000000018004ab8a f   libmx:libmx.dll
 0001:00049b90       mxSetFieldByNumber_700     000000018004ab90 f   libmx:libmx.dll
 0001:00049b96       mxGetFieldByNumber_700     000000018004ab96 f   libmx:libmx.dll
 0001:00049b9c       mxGetFieldNameByNumber     000000018004ab9c f   libmx:libmx.dll
 0001:00049ba2       mxGetNumberOfFields        000000018004aba2 f   libmx:libmx.dll
 0001:00049ba8       mxCreateStructMatrix_700   000000018004aba8 f   libmx:libmx.dll
 0001:00049bae       mxGetFieldNumber           000000018004abae f   libmx:libmx.dll
 0001:00049bb4       mxIsNaN                    000000018004abb4 f   libmx:libmx.dll
 0001:00049bba       mxIsEmpty                  000000018004abba f   libmx:libmx.dll
 0001:00049bc0       mxGetData                  000000018004abc0 f   libmx:libmx.dll
 0001:00049bc6       mxGetImagData              000000018004abc6 f   libmx:libmx.dll
 0001:00049bcc       mxArrayClassIDName         000000018004abcc f   libmx:libmx.dll
 0001:00049bd2       mxCreateNumericMatrix_700  000000018004abd2 f   libmx:libmx.dll
 0001:00049bd8       mxCreateStructArray_700    000000018004abd8 f   libmx:libmx.dll
 0001:00049bde       mxCalcSingleSubscript_700  000000018004abde f   libmx:libmx.dll
 0001:00049be4       mxGetDimensions_700        000000018004abe4 f   libmx:libmx.dll
 0001:00049bea       mxGetNumberOfDimensions_700 000000018004abea f   libmx:libmx.dll
 0001:00049bf0       mxCreateNumericArray_700   000000018004abf0 f   libmx:libmx.dll
 0001:00049bf6       mxGetElementSize           000000018004abf6 f   libmx:libmx.dll
 0001:00049bfc       mxCreateStringFromNChars_700 000000018004abfc f   libmx:libmx.dll
 0001:00049c02       mxGetString_700            000000018004ac02 f   libmx:libmx.dll
 0001:00049c08       mxIsLogicalScalarTrue      000000018004ac08 f   libmx:libmx.dll
 0001:00049c0e       mxCreateLogicalScalar      000000018004ac0e f   libmx:libmx.dll
 0001:00049c14       mexUnlock                  000000018004ac14 f   libmex:libmex.dll
 0001:00049c1a       mexIsLocked                000000018004ac1a f   libmex:libmex.dll
 0001:00049c20       mexWarnMsgTxt              000000018004ac20 f   libmex:libmex.dll
 0001:00049c26       mexCallMATLAB              000000018004ac26 f   libmex:libmex.dll
 0001:00049c2c       mexErrMsgTxt               000000018004ac2c f   libmex:libmex.dll
 0001:00049c32       mexMakeArrayPersistent     000000018004ac32 f   libmex:libmex.dll
 0001:00049c38       mexSetTrapFlag             000000018004ac38 f   libmex:libmex.dll
 0001:00049c3e       mexPutVariable             000000018004ac3e f   libmex:libmex.dll
 0001:00049c44       mexGetVariable             000000018004ac44 f   libmex:libmex.dll
 0001:00049c4a       mexLock                    000000018004ac4a f   libmex:libmex.dll
 0001:00049c50       mexMakeMemoryPersistent    000000018004ac50 f   libmex:libmex.dll
 0001:00049c56       mexFunctionName            000000018004ac56 f   libmex:libmex.dll
 0001:00049c5c       ssRegisterDataTypeFxpFSlopeFixExpBias 000000018004ac5c f   libfixedpoint:libfixedpoint.dll
 0001:00049c62       utVSNprintf                000000018004ac62 f   libut:libut.dll
 0001:00049c68       utCPUtime                  000000018004ac68 f   libut:libut.dll
 0001:00049c6e       utFree                     000000018004ac6e f   libut:libut.dll
 0001:00049c74       utMalloc                   000000018004ac74 f   libut:libut.dll
 0001:00049c7a       muDoubleScalarPower        000000018004ac7a f   libmwmathutil:libmwmathutil.dll
 0001:00049c80       emlrtCreateRootTLS         000000018004ac80 f   libemlrt:libemlrt.dll
 0001:00049c86       emlrtDestroyRootTLS        000000018004ac86 f   libemlrt:libemlrt.dll
 0001:00049c8c       emlrtCheckBuiltInR2012b    000000018004ac8c f   libemlrt:libemlrt.dll
 0001:00049c92       emlrtCheckVsBuiltInR2012b  000000018004ac92 f   libemlrt:libemlrt.dll
 0001:00049c98       emlrtCheckEnumR2012b       000000018004ac98 f   libemlrt:libemlrt.dll
 0001:00049c9e       emlrtCreateEnumR2012b      000000018004ac9e f   libemlrt:libemlrt.dll
 0001:00049ca4       emlrtGetEnumElementR2009a  000000018004aca4 f   libemlrt:libemlrt.dll
 0001:00049caa       emlrtCreateReference       000000018004acaa f   libemlrt:libemlrt.dll
 0001:00049cb0       emlrtImportVsFiArrayR2009b 000000018004acb0 f   libemlrt:libemlrt.dll
 0001:00049cb6       emlrtNameCapturePostProcessR2012a 000000018004acb6 f   libemlrt:libemlrt.dll
 0001:00049cbc       emlrtExtractMessageId      000000018004acbc f   libemlrt:libemlrt.dll
 0001:00049cc2       emlrtTranslateMessageIDtoLCPstring 000000018004acc2 f   libemlrt:libemlrt.dll
 0001:00049cc8       emlrtForLoopVectorIsValidR2011b 000000018004acc8 f   libemlrt:libemlrt.dll
 0001:00049cce       emlrtTranslateUTF16MessagetoLCPstring 000000018004acce f   libemlrt:libemlrt.dll
 0001:00049cd4       emlrtGetEnumUnderlyingArrayR2009a 000000018004acd4 f   libemlrt:libemlrt.dll
 0001:00049cda       emlrtIsEnumR2009a          000000018004acda f   libemlrt:libemlrt.dll
 0001:00049ce0       __GSHandlerCheckCommon     000000018004ace0 f   MSVCRT:gshandler.obj
 0001:00049d44       __GSHandlerCheck           000000018004ad44 f   MSVCRT:gshandler.obj
 0001:00049d62       strlen                     000000018004ad62 f   MSVCRT:MSVCR100.dll
 0001:00049d80       __security_check_cookie    000000018004ad80 f   MSVCRT:amdsecgs.obj
 0001:00049da0       memset                     000000018004ada0 f   MSVCRT:MSVCR100.dll
 0001:00049da6       malloc                     000000018004ada6 f   MSVCRT:MSVCR100.dll
 0001:00049dac       free                       000000018004adac f   MSVCRT:MSVCR100.dll
 0001:00049db2       strcmp                     000000018004adb2 f   MSVCRT:MSVCR100.dll
 0001:00049db8       sprintf                    000000018004adb8 f   MSVCRT:MSVCR100.dll
 0001:00049dbe       strcat                     000000018004adbe f   MSVCRT:MSVCR100.dll
 0001:00049dc4       memcpy                     000000018004adc4 f   MSVCRT:MSVCR100.dll
 0001:00049dcc       NtCurrentTeb               000000018004adcc f i MSVCRT:crtdll.obj
 0001:00049e38       _CRT_INIT                  000000018004ae38 f   MSVCRT:crtdll.obj
 0001:0004a1d0       _DllMainCRTStartup         000000018004b1d0 f   MSVCRT:crtdll.obj
 0001:0004a20e       strncpy                    000000018004b20e f   MSVCRT:MSVCR100.dll
 0001:0004a230       _alloca_probe              000000018004b230     MSVCRT:chkstk.obj
 0001:0004a230       __chkstk                   000000018004b230 f   MSVCRT:chkstk.obj
 0001:0004a27e       longjmp                    000000018004b27e f   MSVCRT:MSVCR100.dll
 0001:0004a284       strncmp                    000000018004b284 f   MSVCRT:MSVCR100.dll
 0001:0004a28a       ceil                       000000018004b28a f   MSVCRT:MSVCR100.dll
 0001:0004a290       strrchr                    000000018004b290 f   MSVCRT:MSVCR100.dll
 0001:0004a296       _setjmp                    000000018004b296 f   MSVCRT:MSVCR100.dll
 0001:0004a29c       calloc                     000000018004b29c f   MSVCRT:MSVCR100.dll
 0001:0004a2a2       realloc                    000000018004b2a2 f   MSVCRT:MSVCR100.dll
 0001:0004a2a8       ldexp                      000000018004b2a8 f   MSVCRT:MSVCR100.dll
 0001:0004a2b0       __report_gsfailure         000000018004b2b0 f   MSVCRT:gs_report.obj
 0001:0004a3fc       __clean_type_info_names    000000018004b3fc f   MSVCRT:tncleanup.obj
 0001:0004a408       _onexit                    000000018004b408 f   MSVCRT:atonexit.obj
 0001:0004a4b8       atexit                     000000018004b4b8 f   MSVCRT:atonexit.obj
 0001:0004a4d0       _RTC_Initialize            000000018004b4d0 f   MSVCRT:_initsect_.obj
 0001:0004a508       _RTC_Terminate             000000018004b508 f   MSVCRT:_initsect_.obj
 0001:0004a540       _malloc_crt                000000018004b540 f   MSVCRT:MSVCR100.dll
 0001:0004a550       _ValidateImageBase         000000018004b550 f   MSVCRT:pesect.obj
 0001:0004a580       _FindPESection             000000018004b580 f   MSVCRT:pesect.obj
 0001:0004a5d0       _IsNonwritableInCurrentImage 000000018004b5d0 f   MSVCRT:pesect.obj
 0001:0004a612       _initterm                  000000018004b612 f   MSVCRT:MSVCR100.dll
 0001:0004a618       _initterm_e                000000018004b618 f   MSVCRT:MSVCR100.dll
 0001:0004a61e       _encoded_null              000000018004b61e f   MSVCRT:MSVCR100.dll
 0001:0004a624       _amsg_exit                 000000018004b624 f   MSVCRT:MSVCR100.dll
 0001:0004a62a       __C_specific_handler       000000018004b62a f   MSVCRT:MSVCR100.dll
 0001:0004a630       __CppXcptFilter            000000018004b630 f   MSVCRT:MSVCR100.dll
 0001:0004a638       DllMain                    000000018004b638 f   MSVCRT:dllmain.obj
 0001:0004a65c       __security_init_cookie     000000018004b65c f   MSVCRT:gs_support.obj
 0001:0004a710       __crt_debugger_hook        000000018004b710 f   MSVCRT:MSVCR100.dll
 0001:0004a716       __clean_type_info_names_internal 000000018004b716 f   MSVCRT:MSVCR100.dll
 0001:0004a71c       _unlock                    000000018004b71c f   MSVCRT:MSVCR100.dll
 0001:0004a722       __dllonexit                000000018004b722 f   MSVCRT:MSVCR100.dll
 0001:0004a728       _lock                      000000018004b728 f   MSVCRT:MSVCR100.dll
 0001:0004a72e       EncodePointer              000000018004b72e f   kernel32:KERNEL32.dll
 0001:0004a734       DecodePointer              000000018004b734 f   kernel32:KERNEL32.dll
 0001:0004a73a       Sleep                      000000018004b73a f   kernel32:KERNEL32.dll
 0001:0004a740       TerminateProcess           000000018004b740 f   kernel32:KERNEL32.dll
 0001:0004a746       GetCurrentProcess          000000018004b746 f   kernel32:KERNEL32.dll
 0001:0004a74c       UnhandledExceptionFilter   000000018004b74c f   kernel32:KERNEL32.dll
 0001:0004a752       SetUnhandledExceptionFilter 000000018004b752 f   kernel32:KERNEL32.dll
 0001:0004a758       IsDebuggerPresent          000000018004b758 f   kernel32:KERNEL32.dll
 0001:0004a75e       RtlVirtualUnwind           000000018004b75e f   kernel32:KERNEL32.dll
 0001:0004a764       RtlLookupFunctionEntry     000000018004b764 f   kernel32:KERNEL32.dll
 0001:0004a76a       RtlCaptureContext          000000018004b76a f   kernel32:KERNEL32.dll
 0001:0004a770       DisableThreadLibraryCalls  000000018004b770 f   kernel32:KERNEL32.dll
 0001:0004a776       QueryPerformanceCounter    000000018004b776 f   kernel32:KERNEL32.dll
 0001:0004a77c       GetTickCount               000000018004b77c f   kernel32:KERNEL32.dll
 0001:0004a782       GetCurrentThreadId         000000018004b782 f   kernel32:KERNEL32.dll
 0001:0004a788       GetCurrentProcessId        000000018004b788 f   kernel32:KERNEL32.dll
 0001:0004a78e       GetSystemTimeAsFileTime    000000018004b78e f   kernel32:KERNEL32.dll
 0002:00000000       __imp_DisableThreadLibraryCalls 000000018004c000     kernel32:KERNEL32.dll
 0002:00000008       __imp_RtlCaptureContext    000000018004c008     kernel32:KERNEL32.dll
 0002:00000010       __imp_RtlLookupFunctionEntry 000000018004c010     kernel32:KERNEL32.dll
 0002:00000018       __imp_RtlVirtualUnwind     000000018004c018     kernel32:KERNEL32.dll
 0002:00000020       __imp_IsDebuggerPresent    000000018004c020     kernel32:KERNEL32.dll
 0002:00000028       __imp_SetUnhandledExceptionFilter 000000018004c028     kernel32:KERNEL32.dll
 0002:00000030       __imp_UnhandledExceptionFilter 000000018004c030     kernel32:KERNEL32.dll
 0002:00000038       __imp_GetCurrentProcess    000000018004c038     kernel32:KERNEL32.dll
 0002:00000040       __imp_TerminateProcess     000000018004c040     kernel32:KERNEL32.dll
 0002:00000048       __imp_Sleep                000000018004c048     kernel32:KERNEL32.dll
 0002:00000050       __imp_DecodePointer        000000018004c050     kernel32:KERNEL32.dll
 0002:00000058       __imp_EncodePointer        000000018004c058     kernel32:KERNEL32.dll
 0002:00000060       __imp_GetTickCount         000000018004c060     kernel32:KERNEL32.dll
 0002:00000068       __imp_GetCurrentThreadId   000000018004c068     kernel32:KERNEL32.dll
 0002:00000070       __imp_GetCurrentProcessId  000000018004c070     kernel32:KERNEL32.dll
 0002:00000078       __imp_GetSystemTimeAsFileTime 000000018004c078     kernel32:KERNEL32.dll
 0002:00000080       __imp_QueryPerformanceCounter 000000018004c080     kernel32:KERNEL32.dll
 0002:00000088       \177KERNEL32_NULL_THUNK_DATA 000000018004c088     kernel32:KERNEL32.dll
 0002:00000090       __imp_memcpy               000000018004c090     MSVCRT:MSVCR100.dll
 0002:00000098       __imp__onexit              000000018004c098     MSVCRT:MSVCR100.dll
 0002:000000a0       __imp__lock                000000018004c0a0     MSVCRT:MSVCR100.dll
 0002:000000a8       __imp___dllonexit          000000018004c0a8     MSVCRT:MSVCR100.dll
 0002:000000b0       __imp__unlock              000000018004c0b0     MSVCRT:MSVCR100.dll
 0002:000000b8       __imp___clean_type_info_names_internal 000000018004c0b8     MSVCRT:MSVCR100.dll
 0002:000000c0       __imp___crt_debugger_hook  000000018004c0c0     MSVCRT:MSVCR100.dll
 0002:000000c8       __imp___CppXcptFilter      000000018004c0c8     MSVCRT:MSVCR100.dll
 0002:000000d0       __imp___C_specific_handler 000000018004c0d0     MSVCRT:MSVCR100.dll
 0002:000000d8       __imp__amsg_exit           000000018004c0d8     MSVCRT:MSVCR100.dll
 0002:000000e0       __imp__encoded_null        000000018004c0e0     MSVCRT:MSVCR100.dll
 0002:000000e8       __imp__initterm_e          000000018004c0e8     MSVCRT:MSVCR100.dll
 0002:000000f0       __imp__initterm            000000018004c0f0     MSVCRT:MSVCR100.dll
 0002:000000f8       __imp__malloc_crt          000000018004c0f8     MSVCRT:MSVCR100.dll
 0002:00000100       __imp_ldexp                000000018004c100     MSVCRT:MSVCR100.dll
 0002:00000108       __imp_realloc              000000018004c108     MSVCRT:MSVCR100.dll
 0002:00000110       __imp_calloc               000000018004c110     MSVCRT:MSVCR100.dll
 0002:00000118       __imp__setjmp              000000018004c118     MSVCRT:MSVCR100.dll
 0002:00000120       __imp_strrchr              000000018004c120     MSVCRT:MSVCR100.dll
 0002:00000128       __imp_ceil                 000000018004c128     MSVCRT:MSVCR100.dll
 0002:00000130       __imp_strncmp              000000018004c130     MSVCRT:MSVCR100.dll
 0002:00000138       __imp_longjmp              000000018004c138     MSVCRT:MSVCR100.dll
 0002:00000140       __imp_strncpy              000000018004c140     MSVCRT:MSVCR100.dll
 0002:00000148       __imp_memset               000000018004c148     MSVCRT:MSVCR100.dll
 0002:00000150       __imp_strcat               000000018004c150     MSVCRT:MSVCR100.dll
 0002:00000158       __imp_sprintf              000000018004c158     MSVCRT:MSVCR100.dll
 0002:00000160       __imp_strcmp               000000018004c160     MSVCRT:MSVCR100.dll
 0002:00000168       __imp_free                 000000018004c168     MSVCRT:MSVCR100.dll
 0002:00000170       __imp_malloc               000000018004c170     MSVCRT:MSVCR100.dll
 0002:00000178       __imp_strlen               000000018004c178     MSVCRT:MSVCR100.dll
 0002:00000180       \177MSVCR100_NULL_THUNK_DATA 000000018004c180     MSVCRT:MSVCR100.dll
 0002:00000188       __imp_emlrtCreateRootTLS   000000018004c188     libemlrt:libemlrt.dll
 0002:00000190       __imp_emlrtIsEnumR2009a    000000018004c190     libemlrt:libemlrt.dll
 0002:00000198       __imp_emlrtGetEnumUnderlyingArrayR2009a 000000018004c198     libemlrt:libemlrt.dll
 0002:000001a0       __imp_emlrtTranslateUTF16MessagetoLCPstring 000000018004c1a0     libemlrt:libemlrt.dll
 0002:000001a8       __imp_emlrtForLoopVectorIsValidR2011b 000000018004c1a8     libemlrt:libemlrt.dll
 0002:000001b0       __imp_emlrtTranslateMessageIDtoLCPstring 000000018004c1b0     libemlrt:libemlrt.dll
 0002:000001b8       __imp_emlrtExtractMessageId 000000018004c1b8     libemlrt:libemlrt.dll
 0002:000001c0       __imp_emlrtNameCapturePostProcessR2012a 000000018004c1c0     libemlrt:libemlrt.dll
 0002:000001c8       __imp_emlrtImportVsFiArrayR2009b 000000018004c1c8     libemlrt:libemlrt.dll
 0002:000001d0       __imp_emlrtCreateReference 000000018004c1d0     libemlrt:libemlrt.dll
 0002:000001d8       __imp_emlrtGetEnumElementR2009a 000000018004c1d8     libemlrt:libemlrt.dll
 0002:000001e0       __imp_emlrtCreateEnumR2012b 000000018004c1e0     libemlrt:libemlrt.dll
 0002:000001e8       __imp_emlrtCheckEnumR2012b 000000018004c1e8     libemlrt:libemlrt.dll
 0002:000001f0       __imp_emlrtCheckVsBuiltInR2012b 000000018004c1f0     libemlrt:libemlrt.dll
 0002:000001f8       __imp_emlrtCheckBuiltInR2012b 000000018004c1f8     libemlrt:libemlrt.dll
 0002:00000200       __imp_emlrtDestroyRootTLS  000000018004c200     libemlrt:libemlrt.dll
 0002:00000208       \177libemlrt_NULL_THUNK_DATA 000000018004c208     libemlrt:libemlrt.dll
 0002:00000210       __imp_ssRegisterDataTypeFxpFSlopeFixExpBias 000000018004c210     libfixedpoint:libfixedpoint.dll
 0002:00000218       \177libfixedpoint_NULL_THUNK_DATA 000000018004c218     libfixedpoint:libfixedpoint.dll
 0002:00000220       __imp_mexFunctionName      000000018004c220     libmex:libmex.dll
 0002:00000228       __imp_mexIsLocked          000000018004c228     libmex:libmex.dll
 0002:00000230       __imp_mexMakeMemoryPersistent 000000018004c230     libmex:libmex.dll
 0002:00000238       __imp_mexWarnMsgTxt        000000018004c238     libmex:libmex.dll
 0002:00000240       __imp_mexCallMATLAB        000000018004c240     libmex:libmex.dll
 0002:00000248       __imp_mexErrMsgTxt         000000018004c248     libmex:libmex.dll
[...]
 0001:0001fe60       sf_mex_check_fimath        0000000180020e60 f   sfc_mex:sfc_mex.obj
 0001:00020a10       size_mismatch_error        0000000180021a10 f   sfc_mex:sfc_mex.obj
 0001:000214b0       check_array_dimensions     00000001800224b0 f   sfc_mex:sfc_mex.obj
 0001:00021520       check_input_mxarray        0000000180022520 f   sfc_mex:sfc_mex.obj
 0001:00021c60       sf_numeric_value_to_double 0000000180022c60 f   sfc_mex:sfc_mex.obj
 0001:00021cb0       ml_generic_out_of_bounds_check 0000000180022cb0 f   sfc_mex:sfc_mex.obj
 0001:00021e80       ml_get_element_value_from_array 0000000180022e80 f   sfc_mex:sfc_mex.obj
 0001:00022220       _ml_generic_castability_check 0000000180023220 f   sfc_mex:sfc_mex.obj
 0001:00022f80       ml_generic_castability_check 0000000180023f80 f   sfc_mex:sfc_mex.obj
 0001:00023020       ml_check_mx_array_for_single_castability 0000000180024020 f   sfc_mex:sfc_mex.obj
 0001:000230c0       ml_check_mx_array_for_logical_castability 00000001800240c0 f   sfc_mex:sfc_mex.obj
 0001:00023160       ml_check_mx_array_for_int8_castability 0000000180024160 f   sfc_mex:sfc_mex.obj
 0001:00023210       ml_check_mx_array_for_uint8_castability 0000000180024210 f   sfc_mex:sfc_mex.obj
 0001:00023270       ml_check_mx_array_for_int16_castability 0000000180024270 f   sfc_mex:sfc_mex.obj
 0001:000232d0       ml_check_mx_array_for_uint16_castability 00000001800242d0 f   sfc_mex:sfc_mex.obj
 0001:00023330       ml_check_mx_array_for_int32_castability 0000000180024330 f   sfc_mex:sfc_mex.obj
 0001:00023390       ml_check_mx_array_for_uint32_castability 0000000180024390 f   sfc_mex:sfc_mex.obj
 0001:000233f0       ml_check_mx_array_for_castability 00000001800243f0 f   sfc_mex:sfc_mex.obj
 0001:00023d20       set_data_value             0000000180024d20 f   sfc_mex:sfc_mex.obj
 0001:00024090       get_data_value             0000000180025090 f   sfc_mex:sfc_mex.obj
 0001:000241a0       get_next_element_address   00000001800251a0 f   sfc_mex:sfc_mex.obj
 0001:00024270       sf_normalize_index         0000000180025270 f   sfc_mex:sfc_mex.obj
 0001:00024600       ml_array_index_bound_check 0000000180025600 f   sfc_mex:sfc_mex.obj
 0001:00025120       mx_value                   0000000180026120 f   sfc_mex:sfc_mex.obj
 0001:00025170       sf_create_numeric_array    0000000180026170 f   sfc_mex:sfc_mex.obj
 0001:00025210       sf_mex_assign_to_mx_array  0000000180026210 f   sfc_mex:sfc_mex.obj
 0001:00025560       assign_from_mx_array       0000000180026560 f   sfc_mex:sfc_mex.obj
 0001:00025d90       sf_mex_import_v            0000000180026d90 f   sfc_mex:sfc_mex.obj
 0001:00026490       get_machine_and_chart_file_number 0000000180027490 f   sfc_mex:sfc_sf.obj
 0001:00026580       get_sfun_block_specialization 0000000180027580 f   sfc_mex:sfc_sf.obj
 0001:00026630       call_sf_machine_global_method_dispatcher 0000000180027630 f   sfc_mex:sfc_sf.obj
 0001:00026880       mdl_zeroCrossings_processing 0000000180027880 f   sfc_mex:sfc_sf.obj
 0001:00026950       mdl_derivatives_processing 0000000180027950 f   sfc_mex:sfc_sf.obj
 0001:00026c10       mdl_outputs_continuous_legacy 0000000180027c10 f   sfc_mex:sfc_sf.obj
 0001:00026c90       mdl_outputs_processing     0000000180027c90 f   sfc_mex:sfc_sf.obj
 0001:00026f00       mdl_enable_processing      0000000180027f00 f   sfc_mex:sfc_sf.obj
 0001:00026fd0       mdl_disable_processing     0000000180027fd0 f   sfc_mex:sfc_sf.obj
 0001:00027d40       sf_call_output_fcn_enable_disable 0000000180028d40 f   sfc_mex:sfc_sf.obj
 0001:00027fc0       set_dwork_information_from_mx_array 0000000180028fc0 f   sfc_mex:sfc_sf.obj
 0001:00028880       ptr2mxStruct               0000000180029880 f   sfc_mex:sfc_sf.obj
 0001:00028b90       SNPRINTF_WRAPPER           0000000180029b90 f   sfc_debug:sfcdebug.obj
 0001:00028bb0       sf_debug_chart_instance_initialized_quick 0000000180029bb0 f   sfc_debug:sfcdebug.obj
 0001:00028bc0       sf_debug_chart_instance_initialized 0000000180029bc0 f   sfc_debug:sfcdebug.obj
 0001:00028d60       sfrtAddSize                0000000180029d60 f   sfc_debug:sfcdebug.obj
 0001:00028e20       sfrtGenSizeString          0000000180029e20 f   sfc_debug:sfcdebug.obj
 0001:00029530       fill_single_message_info   000000018002a530 f   sfc_debug:sfcdebug.obj
 0001:000296f0       sf_debug_sim_status_listener 000000018002a6f0 f   sfc_debug:sfcdebug.obj
 0001:00029c60       sf_debug_form_mask_bits    000000018002ac60 f   sfc_debug:sfcdebug.obj
 0001:00029ca0       sf_debug_form_sf_data_type_offsets 000000018002aca0 f   sfc_debug:sfcdebug.obj
 0001:00029d60       sf_debug_free_all          000000018002ad60 f   sfc_debug:sfcdebug.obj
 0001:00029f10       sf_debug_append_debugger_context 000000018002af10 f   sfc_debug:sfcdebug.obj
 0001:0002a0b0       sf_debug_update_always_honor_breakpoints 000000018002b0b0 f   sfc_debug:sfcdebug.obj
 0001:0002a280       local_strdup               000000018002b280 f   sfc_debug:sfcdebug.obj
 0001:0002b160       sf_debug_em_terminate      000000018002c160 f   sfc_debug:sfcdebug.obj
 0001:0002b1a0       sf_debug_push_eml_function 000000018002c1a0 f   sfc_debug:sfcdebug.obj
 0001:0002b240       sf_debug_pop_eml_function  000000018002c240 f   sfc_debug:sfcdebug.obj
 0001:0002bf40       sf_debug_get_machine_number_from_id_or_name 000000018002cf40 f   sfc_debug:sfcdebug.obj
 0001:0002c090       sf_debug_get_chart_number_from_id 000000018002d090 f   sfc_debug:sfcdebug.obj
 0001:0002ce30       sf_debug_transfer_control_to_debugger_GUI 000000018002de30 f   sfc_debug:sfcdebug.obj
 0001:0002ddc0       sf_debug_scripts_rehash    000000018002edc0 f   sfc_debug:sfcdebug.obj
 0001:0002e000       sf_debug_get_script_line_count 000000018002f000 f   sfc_debug:sfcdebug.obj
 0001:0002e930       cv_eml_state_cvId          000000018002f930 f   sfc_debug:sfcdebug.obj
 0001:0002e9a0       cv_eml_trans_cvId          000000018002f9a0 f   sfc_debug:sfcdebug.obj
 0001:0002fd30       sf_debug_data_array_bounds_error 0000000180030d30 f   sfc_debug:sfcdebug.obj
 0001:00030160       eml_debug_runtime_error_doclink 0000000180031160 f   sfc_debug:sfcdebug.obj
 0001:000302c0       sf_debug_runtime_error     00000001800312c0 f   sfc_debug:sfcdebug.obj
 0001:00030330       sf_debug_matlab_error      0000000180031330 f   sfc_debug:sfcdebug.obj
 0001:00030c70       sf_debug_data_value_error  0000000180031c70 f   sfc_debug:sfcdebug.obj
 0001:00031570       sf_debug_data_loss_error   0000000180032570 f   sfc_debug:sfcdebug.obj
 0001:00032500       call_cv_range_check        0000000180033500 f   sfc_debug:sfcdebug.obj
 0001:00032cd0       sf_debug_invoke_cycle_detection_code 0000000180033cd0 f   sfc_debug:sfcdebug.obj
 0001:00033b50       sf_reset_debug_info_struct 0000000180034b50 f   sfc_debug:sfcdebug.obj
 0001:000343b0       cv_script_cvId             00000001800353b0 f   sfc_debug:sfcdebug.obj
 0001:00035110       sfc_api_chart_visible      0000000180036110 f   sfc_debug:sfc_api.obj
 0001:00035190       sfc_api_active_instance    0000000180036190 f   sfc_debug:sfc_api.obj
 0001:00035210       sfc_api_machine_load       0000000180036210 f   sfc_debug:sfc_api.obj
 0001:000352e0       sfc_api_debugger_alive     00000001800362e0 f   sfc_debug:sfc_api.obj
 0001:000352f0       sfc_api_go                 00000001800362f0 f   sfc_debug:sfc_api.obj
 0001:00035300       sfc_api_step_over          0000000180036300 f   sfc_debug:sfc_api.obj
 0001:00035310       sfc_api_step_out           0000000180036310 f   sfc_debug:sfc_api.obj
 0001:00035320       sfc_api_resume             0000000180036320 f   sfc_debug:sfc_api.obj
 0001:00035330       sfc_api_break              0000000180036330 f   sfc_debug:sfc_api.obj
 0001:00035340       sfc_api_stop_debugging     0000000180036340 f   sfc_debug:sfc_api.obj
 0001:00035390       sfc_api_is_cycle_detected  0000000180036390 f   sfc_debug:sfc_api.obj
 0001:000353e0       sfc_api_is_array_bounds_detected 00000001800363e0 f   sfc_debug:sfc_api.obj
 0001:00035430       sfc_api_set_disable_all_breakpoints 0000000180036430 f   sfc_debug:sfc_api.obj
 0001:000354a0       sfc_api_disable_all_breakpoints_and_go 00000001800364a0 f   sfc_debug:sfc_api.obj
 0001:000354b0       sfc_api_close              00000001800364b0 f   sfc_debug:sfc_api.obj
 0001:000354c0       sfc_api_browse_data        00000001800364c0 f   sfc_debug:sfc_api.obj
 0001:00035530       sfc_api_watch_data         0000000180036530 f   sfc_debug:sfc_api.obj
 0001:00035630       sfc_api_extract_message_post_receive_info 0000000180036630 f   sfc_debug:sfc_api.obj
 0001:00035650       sfc_api_assign_data        0000000180036650 f   sfc_debug:sfc_api.obj
 0001:000356f0       sfc_api_whos               00000001800366f0 f   sfc_debug:sfc_api.obj
 0001:00035780       sfc_api_get_consistency_info 0000000180036780 f   sfc_debug:sfc_api.obj
 0001:00035790       sfc_api_browse_trace       0000000180036790 f   sfc_debug:sfc_api.obj
 0001:000357a0       sfc_api_break_on_chart_entry 00000001800367a0 f   sfc_debug:sfc_api.obj
 0001:000357c0       sfc_api_break_on_event_broadcast 00000001800367c0 f   sfc_debug:sfc_api.obj
 0001:000357e0       sfc_api_break_on_state_entry 00000001800367e0 f   sfc_debug:sfc_api.obj
 0001:00035800       sfc_api_set_watch          0000000180036800 f   sfc_debug:sfc_api.obj
 0001:000358a0       sfc_api_set_breakpoints    00000001800368a0 f   sfc_debug:sfc_api.obj
 0001:00035940       sfc_api_set_eml_breakpoints 0000000180036940 f   sfc_debug:sfc_api.obj
 0001:000359c0       sfc_api_set_script_breakpoints 00000001800369c0 f   sfc_debug:sfc_api.obj
 0001:00035a10       sfc_api_add_script_breakpoints 0000000180036a10 f   sfc_debug:sfc_api.obj
 0001:00035a60       sfc_api_clear_script_breakpoints 0000000180036a60 f   sfc_debug:sfc_api.obj
 0001:00035ab0       sfc_api_query_script_breakpoints 0000000180036ab0 f   sfc_debug:sfc_api.obj
 0001:00035b10       sfc_api_get_script_id      0000000180036b10 f   sfc_debug:sfc_api.obj
 0001:00035bd0       sfc_api_get_active_states  0000000180036bd0 f   sfc_debug:sfc_api.obj
 0001:00035c50       sfc_api_break_between_times 0000000180036c50 f   sfc_debug:sfc_api.obj
 0001:00035cb0       sfc_api_get_instance_handle 0000000180036cb0 f   sfc_debug:sfc_api.obj
 0001:00035d60       sfc_api_set_animation      0000000180036d60 f   sfc_debug:sfc_api.obj
 0001:00035db0       sfc_api_select_chart       0000000180036db0 f   sfc_debug:sfc_api.obj
 0001:00035e10       sfc_api_select_charts      0000000180036e10 f   sfc_debug:sfc_api.obj
 0001:00035e40       sfc_api_cycle_detection_check 0000000180036e40 f   sfc_debug:sfc_api.obj
 0001:00035e90       sfc_api_data_range_check   0000000180036e90 f   sfc_debug:sfc_api.obj
 0001:00035ee0       sfc_api_transition_conflict_check 0000000180036ee0 f   sfc_debug:sfc_api.obj
 0001:00035f30       sfc_api_state_consistency_check 0000000180036f30 f   sfc_debug:sfc_api.obj
 0001:00035f80       sfc_api_set_instance_cv_ids 0000000180036f80 f   sfc_debug:sfc_api.obj
 0001:00036090       sfc_api_set_script_cv_ids  0000000180037090 f   sfc_debug:sfc_api.obj
 0001:00036140       sfc_api_get_current_machine_id 0000000180037140 f   sfc_debug:sfc_api.obj
 0001:00036170       sfc_api_get_current_machine_number 0000000180037170 f   sfc_debug:sfc_api.obj
 0001:000361a0       sfc_api_get_current_chart_number 00000001800371a0 f   sfc_debug:sfc_api.obj
 0001:000361d0       sfc_api_get_current_instance_number 00000001800371d0 f   sfc_debug:sfc_api.obj
 0001:00036200       sfc_api_get_current_instance_handle 0000000180037200 f   sfc_debug:sfc_api.obj
 0001:00036220       sfc_api_get_current_is_minor_time_step 0000000180037220 f   sfc_debug:sfc_api.obj
 0001:00036250       sfc_api_get_current_machine_name 0000000180037250 f   sfc_debug:sfc_api.obj
 0001:00036270       sfc_api_get_current_chart_id 0000000180037270 f   sfc_debug:sfc_api.obj
 0001:000362a0       sfc_api_get_current_object_type 00000001800372a0 f   sfc_debug:sfc_api.obj
 0001:000362d0       sfc_api_get_current_event_type 00000001800372d0 f   sfc_debug:sfc_api.obj
 0001:00036300       sfc_api_get_current_object_id 0000000180037300 f   sfc_debug:sfc_api.obj
 0001:00036330       sfc_get_current_active_event_type 0000000180037330 f   sfc_debug:sfc_api.obj
 0001:00036360       sfc_api_get_current_active_event_id 0000000180037360 f   sfc_debug:sfc_api.obj
 0001:00036390       sfc_api_get_current_simulation_time 0000000180037390 f   sfc_debug:sfc_api.obj
 0001:000363b0       sfc_get_current_tag_type   00000001800373b0 f   sfc_debug:sfc_api.obj
 0001:000363e0       sfc_get_current_coverage_percentage 00000001800373e0 f   sfc_debug:sfc_api.obj
 0001:00036400       sfc_get_current_statement_context 0000000180037400 f   sfc_debug:sfc_api.obj
 0001:00036420       sfc_get_current_optional_integer 0000000180037420 f   sfc_debug:sfc_api.obj
 0001:00036450       sfc_get_current_statement_info 0000000180037450 f   sfc_debug:sfc_api.obj
 0001:000364f0       sfc_api_get                00000001800374f0 f   sfc_debug:sfc_api.obj
 0001:00037160       sf_debug_sm_fill_state_activity_data 0000000180038160 f   sfc_debug:sfdb_animation.obj
 0001:00039a60       void_ptr_stack_vector_free_total 000000018003aa60 f   sfc_debug:sfdb_data_browse.obj
 0001:00039af0       sf_debug_st_terminate_machine 000000018003aaf0 f   sfc_debug:sfdb_data_browse.obj
 0001:00039b30       sf_debug_st_terminate_instance 000000018003ab30 f   sfc_debug:sfdb_data_browse.obj
 0001:00039ee0       push_on_to_void_ptr_stack  000000018003aee0 f   sfc_debug:sfdb_data_browse.obj
 0001:0003a070       pop_from_void_ptr_stack    000000018003b070 f   sfc_debug:sfdb_data_browse.obj
 0001:0003a1a0       sf_debug_st_get_data_value 000000018003b1a0 f   sfc_debug:sfdb_data_browse.obj
 0001:0003a730       mx_value                   000000018003b730 f   sfc_debug:sfdb_data_browse.obj
 0001:0003a770       sf_debug_st_fill_data_struct 000000018003b770 f   sfc_debug:sfdb_data_browse.obj
 0001:0003aab0       data_type_format_strings   000000018003bab0 f   sfc_debug:sfdb_data_browse.obj
 0001:0003ab60       sf_debug_st_fill_data      000000018003bb60 f   sfc_debug:sfdb_data_browse.obj
 0001:0003b8b0       sf_debug_hm_get_simulink_handle 000000018003c8b0 f   sfc_debug:sfdb_handle_management.obj
 0001:0003c3b0       sf_debug_hm_initialize_globals 000000018003d3b0 f   sfc_debug:sfdb_handle_management.obj
 0001:0003c4b0       sf_debug_hm_get_machine_debug_flag 000000018003d4b0 f   sfc_debug:sfdb_handle_management.obj
 0001:0003c620       sf_debug_hm_get_machine_id 000000018003d620 f   sfc_debug:sfdb_handle_management.obj
 0001:0003c740       sf_debug_hm_get_chart_id   000000018003d740 f   sfc_debug:sfdb_handle_management.obj
 0001:0003c8e0       sf_debug_hm_register_executing_SFunction 000000018003d8e0 f   sfc_debug:sfdb_handle_management.obj
 0001:0003cc70       sf_debug_hm_form_object_boolean_properties 000000018003dc70 f   sfc_debug:sfdb_handle_management.obj
 0001:0003cf40       sf_debug_hm_form_object_properties 000000018003df40 f   sfc_debug:sfdb_handle_management.obj
 0001:0003d180       sf_debug_hm_terminate_charts 000000018003e180 f   sfc_debug:sfdb_handle_management.obj
 0001:0003d8e0       sf_debug_hm_terminate_machines 000000018003e8e0 f   sfc_debug:sfdb_handle_management.obj
 0001:0003f4e0       sf_debug_ss_copy_dimension 00000001800404e0 f   sfc_debug:sfdb_symbol_scope.obj
 0001:0003f5a0       sf_debug_ss_get_number_elements 00000001800405a0 f   sfc_debug:sfdb_symbol_scope.obj
 0001:0003f5c0       sf_debug_ss_fill_data_struct 00000001800405c0 f   sfc_debug:sfdb_symbol_scope.obj
 0001:0003f910       sf_debug_ss_reset_data_info 0000000180040910 f   sfc_debug:sfdb_symbol_scope.obj
 0001:0003f970       sf_debug_fill_data_info_by_symbol_scope_entry 0000000180040970 f   sfc_debug:sfdb_symbol_scope.obj
 0001:0003fa30       sf_debug_fill_data_info_by_data_vector 0000000180040a30 f   sfc_debug:sfdb_symbol_scope.obj
 0001:0003fc80       get_data_info_helper       0000000180040c80 f   sfc_debug:sfdb_symbol_scope.obj
 0001:0003fd80       sf_debug_ss_get_data_info  0000000180040d80 f   sfc_debug:sfdb_symbol_scope.obj
 0001:0003ffb0       sf_debug_select_mex_function 0000000180040fb0 f   sfc_debug:sfdb_symbol_scope.obj
 0001:0003ffe0       sf_debug_is_dyn_matrix_initialized 0000000180040fe0 f   sfc_debug:sfdb_symbol_scope.obj
 0001:00040000       sf_debug_ss_set_data_value_try 0000000180041000 f   sfc_debug:sfdb_symbol_scope.obj
 0001:000401d0       sf_debug_ss_get_data_value 00000001800411d0 f   sfc_debug:sfdb_symbol_scope.obj
 0001:00040940       sf_debug_ss_data_bytes_string 0000000180041940 f   sfc_debug:sfdb_symbol_scope.obj
 0001:000409f0       sf_debug_ss_data_class_string 00000001800419f0 f   sfc_debug:sfdb_symbol_scope.obj
 0001:00040d80       sf_debug_ss_data_size_string 0000000180041d80 f   sfc_debug:sfdb_symbol_scope.obj
 0001:00040e60       sf_debug_ss_data_create_data_info_struct 0000000180041e60 f   sfc_debug:sfdb_symbol_scope.obj
 0001:00041130       sf_debug_ss_data_create_name_value_pair 0000000180042130 f   sfc_debug:sfdb_symbol_scope.obj
 0001:000411d0       sf_debug_ss_data_get_whos_info 00000001800421d0 f   sfc_debug:sfdb_symbol_scope.obj
 0001:000411e0       same_named_data_in_data_array 00000001800421e0 f   sfc_debug:sfdb_symbol_scope.obj
 0001:00042a70       sf_debug_cc_terminate_chart 0000000180043a70 f   sfc_debug:sfdb_coverage.obj
 0001:00042e10       sf_debug_cc_terminate_instance 0000000180043e10 f   sfc_debug:sfdb_coverage.obj
 0001:00043a00       sf_debug_cc_mark_object_if_needed 0000000180044a00 f   sfc_debug:sfdb_coverage.obj
 0001:00044300       sf_debug_bm_initialize_eml 0000000180045300 f   sfc_debug:sfdb_breakpoints.obj
 0001:00045440       sf_debug_bm_map_debug_tag_to_breakpoint_tag 0000000180046440 f   sfc_debug:sfdb_breakpoints.obj
 0001:00045520       sf_debug_bm_is_a_eml_breakpoint_impl 0000000180046520 f   sfc_debug:sfdb_breakpoints.obj
 0001:00047060       sf_debug_sc_push_on_error_stack 0000000180048060 f   sfc_debug:sfdb_state_consistency.obj
 0001:00047190       sf_debug_sc_reset_error_stack 0000000180048190 f   sfc_debug:sfdb_state_consistency.obj
 0001:00047320       sf_debug_sc_is_state_inconsistent 0000000180048320 f   sfc_debug:sfdb_state_consistency.obj
 0001:00047620       sf_debug_sc_fill_consistency_info 0000000180048620 f   sfc_debug:sfdb_state_consistency.obj
 0001:00047c00       void_assertion_fcn         0000000180048c00 f   sfc_debug:sfdb_call_stack.obj
 0001:00048180       sf_debug_tm_fill_local_trace 0000000180049180 f   sfc_debug:sfdb_call_stack.obj
 0001:00048750       sf_debug_cd_terminate_instance 0000000180049750 f   sfc_debug:sfdb_cycle_detection.obj
 0001:000487b0       sf_debug_cd_free_checksum_stack 00000001800497b0 f   sfc_debug:sfdb_cycle_detection.obj
 0001:00048800       sf_debug_cd_reset_pack_strings 0000000180049800 f   sfc_debug:sfdb_cycle_detection.obj
 0001:00048ec0       md5file_clear              0000000180049ec0 f   sfc_debug:ckmd5.obj
 0001:00048ef0       Encode                     0000000180049ef0 f   sfc_debug:ckmd5.obj
 0001:00048f40       Decode                     0000000180049f40 f   sfc_debug:ckmd5.obj
 0001:00048fe0       MD5Transform               0000000180049fe0 f   sfc_debug:ckmd5.obj
 0001:00049830       md5file_addn               000000018004a830 f   sfc_debug:ckmd5.obj
 0001:00049900       md5file_hash               000000018004a900 f   sfc_debug:ckmd5.obj
 0001:00049dd8       pre_c_init                 000000018004add8 f   MSVCRT:crtdll.obj
 0001:0004a094       __DllMainCRTStartup        000000018004b094 f   MSVCRT:crtdll.obj
 0001:0004a7a0       __DllMainCRTStartup$filt$0 000000018004b7a0 f   MSVCRT:crtdll.obj
 0001:0004a7d0       __DllMainCRTStartup$fin$1  000000018004b7d0 f   MSVCRT:crtdll.obj
 0001:0004a7ea       _onexit$fin$0              000000018004b7ea f   MSVCRT:atonexit.obj
 0001:0004a810       _IsNonwritableInCurrentImage$filt$0 000000018004b810 f   MSVCRT:pesect.obj
